fizz.cmp.uea.ac.uk:80 94.132.83.75 - - [08/May/2016:07:31:24 +0100] "GET /dyndom/runDescription.do?counter=1&id=BEC1DDCF114410FA9471BAD6EE07A2B8 HTTP/1.1" 200 4882 "-" "Mozilla/5.0 (compatible; YandexBot/3.0; +http://yandex.com/bots)"
fizz.cmp.uea.ac.uk:80 117.82.223.154 - - [08/May/2016:07:31:25 +0100] "GET /dyndom/dyndomRun.do?ddid=GLUTA19R2&action=view HTTP/1.1" 200 24791 "-" "Mozilla/5.0 (compatible; DotBot/1.1; http://www.opensiteexplorer.org/dotbot, help@moz.com)"
lemur.cmp.uea.ac.uk:80 137.82.152.134 - - [08/May/2016:07:31:25 +0100] "GET /~ajb/Pictures/My%20Pictures/Koh%20Tao/2005_07_13/Thumbs.db HTTP/1.1" 200 7420 "-" "Mozilla/5.0 (compatible; YandexBot/3.0; +http://yandex.com/bots)"
fizz.cmp.uea.ac.uk:80 117.82.223.154 - - [08/May/2016:07:31:26 +0100] "GET /dyndom/dyndomRun.do?ddid=GLUTA9R180&action=view HTTP/1.1" 200 28674 "-" "Mozilla/5.0 (compatible; DotBot/1.1; http://www.opensiteexplorer.org/dotbot, help@moz.com)"
fizz.cmp.uea.ac.uk:80 117.82.223.154 - - [08/May/2016:07:31:26 +0100] "GET /dyndom/dyndomRun.do?ddid=GLUTA9R182&action=view HTTP/1.1" 200 24457 "-" "Mozilla/5.0 (compatible; DotBot/1.1; http://www.opensiteexplorer.org/dotbot, help@moz.com)"
fizz.cmp.uea.ac.uk:80 94.132.83.75 - - [08/May/2016:07:31:26 +0100] "GET /dyndom/browse.do?type=WEBSITE&id=C58A6BA1F26CAB7621C80C0A22122D2A1 HTTP/1.1" 200 67913 "-" "Mozilla/5.0 (compatible; YandexBot/3.0; +http://yandex.com/bots)"
fizz.cmp.uea.ac.uk:80 117.82.223.154 - - [08/May/2016:07:31:28 +0100] "GET /dyndom/dyndomRun.do?ddid=DPOPO1R1&action=view HTTP/1.1" 200 29243 "-" "Mozilla/5.0 (compatible; DotBot/1.1; http://www.opensiteexplorer.org/dotbot, help@moz.com)"
fizz.cmp.uea.ac.uk:80 117.82.223.154 - - [08/May/2016:07:31:28 +0100] "GET /dyndom/dyndomRun.do?ddid=GUANY1R17&action=view HTTP/1.1" 200 21656 "-" "Mozilla/5.0 (compatible; DotBot/1.1; http://www.opensiteexplorer.org/dotbot, help@moz.com)"
fizz.cmp.uea.ac.uk:80 94.132.83.75 - - [08/May/2016:07:31:28 +0100] "GET /dyndom/runDescription.do?counter=1&id=13AAC6BC56B3AAB9B119356BAA1D5844 HTTP/1.1" 200 4884 "-" "Mozilla/5.0 (compatible; YandexBot/3.0; +http://yandex.com/bots)"
fizz.cmp.uea.ac.uk:80 117.82.223.154 - - [08/May/2016:07:31:29 +0100] "GET /dyndom/dyndomRun.do?ddid=CELLD6R10&action=view HTTP/1.1" 200 26726 "-" "Mozilla/5.0 (compatible; DotBot/1.1; http://www.opensiteexplorer.org/dotbot, help@moz.com)"
fizz.cmp.uea.ac.uk:80 117.82.223.154 - - [08/May/2016:07:31:30 +0100] "GET /dyndom/dyndomRun.do?ddid=SEPTU1R1&action=view HTTP/1.1" 200 23947 "-" "Mozilla/5.0 (compatible; DotBot/1.1; http://www.opensiteexplorer.org/dotbot, help@moz.com)"
fizz.cmp.uea.ac.uk:80 94.132.83.75 - - [08/May/2016:07:31:30 +0100] "GET /dyndom/runDescription.do?counter=1&id=16EB68C7AEF242AD61517BA383D410E6 HTTP/1.1" 200 4882 "-" "Mozilla/5.0 (compatible; YandexBot/3.0; +http://yandex.com/bots)"
fizz.cmp.uea.ac.uk:80 117.82.223.154 - - [08/May/2016:07:31:31 +0100] "GET /dyndom/dyndomRun.do?ddid=GLUTA15R33&action=view HTTP/1.1" 200 24522 "-" "Mozilla/5.0 (compatible; DotBot/1.1; http://www.opensiteexplorer.org/dotbot, help@moz.com)"
fizz.cmp.uea.ac.uk:80 117.82.223.154 - - [08/May/2016:07:31:24 +0100] "GET /dyndom/browse.do?type=WEBSITE&id=1438162D2C595ECD21600C63917EA3AC1 HTTP/1.1" 200 2069227 "-" "Mozilla/5.0 (compatible; DotBot/1.1; http://www.opensiteexplorer.org/dotbot, help@moz.com)"
fizz.cmp.uea.ac.uk:80 117.82.223.154 - - [08/May/2016:07:31:31 +0100] "GET /dyndom/dyndomRun.do?ddid=GLUTA26R5&action=view HTTP/1.1" 200 26096 "-" "Mozilla/5.0 (compatible; DotBot/1.1; http://www.opensiteexplorer.org/dotbot, help@moz.com)"
fizz.cmp.uea.ac.uk:80 228.156.65.191 - - [08/May/2016:07:31:32 +0100] "GET /dyndom/domainPair.do;jsessionid=B01FB3E0F7C84A94E7C1EE3518721EFA?fixed=TRANS8R1D1&moving=TRANS8R1D2&id=B01FB3E0F7C84A94E7C1EE3518721EFA HTTP/1.1" 500 1790 "-" "Mozilla/5.0 (compatible; Googlebot/2.1; +http://www.google.com/bot.html)"
fizz.cmp.uea.ac.uk:80 117.82.223.154 - - [08/May/2016:07:31:32 +0100] "GET /dyndom/dyndomRun.do?ddid=DNALI2R2&action=view HTTP/1.1" 200 33379 "-" "Mozilla/5.0 (compatible; DotBot/1.1; http://www.opensiteexplorer.org/dotbot, help@moz.com)"
fizz.cmp.uea.ac.uk:80 94.132.83.75 - - [08/May/2016:07:31:32 +0100] "GET /dyndom/browse.do?type=WEBSITE&id=D32E56384AD05E4B3FB09394CD4158DF1 HTTP/1.1" 200 67912 "-" "Mozilla/5.0 (compatible; YandexBot/3.0; +http://yandex.com/bots)"
lemur.cmp.uea.ac.uk:80 94.132.83.75 - - [08/May/2016:07:31:33 +0100] "GET /~ajb/Pictures/My%20Pictures/Koh%20Phangan/2005_07_21/Thumbs.db HTTP/1.1" 200 5884 "-" "Mozilla/5.0 (compatible; YandexBot/3.0; +http://yandex.com/bots)"
fizz.cmp.uea.ac.uk:80 117.82.223.154 - - [08/May/2016:07:31:34 +0100] "GET /dyndom/interface/translationMETHI2R1.html HTTP/1.1" 200 5433 "-" "Mozilla/5.0 (compatible; DotBot/1.1; http://www.opensiteexplorer.org/dotbot, help@moz.com)"
fizz.cmp.uea.ac.uk:80 117.82.223.154 - - [08/May/2016:07:31:34 +0100] "GET /dyndom/interface/translationENDOG1R1.html HTTP/1.1" 200 5366 "-" "Mozilla/5.0 (compatible; DotBot/1.1; http://www.opensiteexplorer.org/dotbot, help@moz.com)"
fizz.cmp.uea.ac.uk:80 137.82.152.134 - - [08/May/2016:07:31:34 +0100] "GET /dyndom/runDescription.do?counter=1&id=25ED6E1CF9C3F6BF6D9BE4F051299E8D HTTP/1.1" 200 4881 "-" "Mozilla/5.0 (compatible; YandexBot/3.0; +http://yandex.com/bots)"
fizz.cmp.uea.ac.uk:80 117.82.223.154 - - [08/May/2016:07:31:35 +0100] "GET /dyndom/interface/translationGLUTA8R1.html HTTP/1.1" 200 5427 "-" "Mozilla/5.0 (compatible; DotBot/1.1; http://www.opensiteexplorer.org/dotbot, help@moz.com)"
fizz.cmp.uea.ac.uk:80 117.82.223.154 - - [08/May/2016:07:31:35 +0100] "GET /dyndom/interface/translationTRANS18R1.html HTTP/1.1" 200 5385 "-" "Mozilla/5.0 (compatible; DotBot/1.1; http://www.opensiteexplorer.org/dotbot, help@moz.com)"
fizz.cmp.uea.ac.uk:80 117.82.223.154 - - [08/May/2016:07:31:35 +0100] "GET /dyndom/interface/translationCOMPL2R2.html HTTP/1.1" 200 5370 "-" "Mozilla/5.0 (compatible; DotBot/1.1; http://www.opensiteexplorer.org/dotbot, help@moz.com)"
fizz.cmp.uea.ac.uk:80 117.82.223.154 - - [08/May/2016:07:31:36 +0100] "GET /dyndom/interface/translationCMETH1R2.html HTTP/1.1" 200 5451 "-" "Mozilla/5.0 (compatible; DotBot/1.1; http://www.opensiteexplorer.org/dotbot, help@moz.com)"
fizz.cmp.uea.ac.uk:80 117.82.223.154 - - [08/May/2016:07:31:36 +0100] "GET /dyndom/interface/translationPROBA10R1.html HTTP/1.1" 200 5439 "-" "Mozilla/5.0 (compatible; DotBot/1.1; http://www.opensiteexplorer.org/dotbot, help@moz.com)"
fizz.cmp.uea.ac.uk:80 117.82.223.154 - - [08/May/2016:07:31:36 +0100] "GET /dyndom/interface/translationPERIP1R1.html HTTP/1.1" 200 5409 "-" "Mozilla/5.0 (compatible; DotBot/1.1; http://www.opensiteexplorer.org/dotbot, help@moz.com)"
fizz.cmp.uea.ac.uk:80 117.82.223.154 - - [08/May/2016:07:31:36 +0100] "GET /dyndom/interface/translationHYDRO1R1.html HTTP/1.1" 200 5403 "-" "Mozilla/5.0 (compatible; DotBot/1.1; http://www.opensiteexplorer.org/dotbot, help@moz.com)"
fizz.cmp.uea.ac.uk:80 117.82.223.154 - - [08/May/2016:07:31:37 +0100] "GET /dyndom/interface/translationTICKB1R1.html HTTP/1.1" 200 5430 "-" "Mozilla/5.0 (compatible; DotBot/1.1; http://www.opensiteexplorer.org/dotbot, help@moz.com)"
fizz.cmp.uea.ac.uk:80 94.132.83.75 - - [08/May/2016:07:31:36 +0100] "GET /dyndom/browse.do?type=WEBSITE&id=70C53F26869936515EA9C84BE5D772331 HTTP/1.1" 200 67909 "-" "Mozilla/5.0 (compatible; YandexBot/3.0; +http://yandex.com/bots)"
fizz.cmp.uea.ac.uk:80 117.82.223.154 - - [08/May/2016:07:31:37 +0100] "GET /dyndom/interface/translationPUTAT4R3.html HTTP/1.1" 200 5395 "-" "Mozilla/5.0 (compatible; DotBot/1.1; http://www.opensiteexplorer.org/dotbot, help@moz.com)"
fizz.cmp.uea.ac.uk:80 117.82.223.154 - - [08/May/2016:07:31:37 +0100] "GET /dyndom/interface/translationOLIGO1R1.html HTTP/1.1" 200 5405 "-" "Mozilla/5.0 (compatible; DotBot/1.1; http://www.opensiteexplorer.org/dotbot, help@moz.com)"
fizz.cmp.uea.ac.uk:80 117.82.223.154 - - [08/May/2016:07:31:38 +0100] "GET /dyndom/dyndomRun.do?ddid=PYRUV7R26&action=view HTTP/1.1" 200 29292 "-" "Mozilla/5.0 (compatible; DotBot/1.1; http://www.opensiteexplorer.org/dotbot, help@moz.com)"
fizz.cmp.uea.ac.uk:80 117.82.223.154 - - [08/May/2016:07:31:38 +0100] "GET /dyndom/dyndomRun.do?ddid=SARCO1R14&action=view HTTP/1.1" 200 38122 "-" "Mozilla/5.0 (compatible; DotBot/1.1; http://www.opensiteexplorer.org/dotbot, help@moz.com)"
fizz.cmp.uea.ac.uk:80 117.82.223.154 - - [08/May/2016:07:31:38 +0100] "GET /dyndom/Subgroup.do?subgroupid=231_m HTTP/1.1" 200 24968 "-" "Mozilla/5.0 (compatible; DotBot/1.1; http://www.opensiteexplorer.org/dotbot, help@moz.com)"
fizz.cmp.uea.ac.uk:80 94.132.83.75 - - [08/May/2016:07:31:38 +0100] "GET /dyndom/runDescription.do?counter=1&id=7A44B4508E728DED70956BBCD15DFD73 HTTP/1.1" 200 4883 "-" "Mozilla/5.0 (compatible; YandexBot/3.0; +http://yandex.com/bots)"
fizz.cmp.uea.ac.uk:80 117.82.223.154 - - [08/May/2016:07:31:39 +0100] "GET /dyndom/dyndomRun.do?ddid=TWITC1R6&action=view HTTP/1.1" 200 24607 "-" "Mozilla/5.0 (compatible; DotBot/1.1; http://www.opensiteexplorer.org/dotbot, help@moz.com)"
lemur.cmp.uea.ac.uk:80 94.132.83.75 - - [08/May/2016:07:31:40 +0100] "GET /~ajb/Pictures/My%20Pictures/Pho%20Quoc/2005_06_11/Thumbs.db HTTP/1.1" 200 8443 "-" "Mozilla/5.0 (compatible; YandexBot/3.0; +http://yandex.com/bots)"
fizz.cmp.uea.ac.uk:80 117.82.223.154 - - [08/May/2016:07:31:40 +0100] "GET /dyndom/dyndomRun.do?ddid=RNAPO6R3&action=view HTTP/1.1" 200 22835 "-" "Mozilla/5.0 (compatible; DotBot/1.1; http://www.opensiteexplorer.org/dotbot, help@moz.com)"
fizz.cmp.uea.ac.uk:80 137.82.152.134 - - [08/May/2016:07:31:40 +0100] "GET /dyndom/runDescription.do?counter=1&id=20D4C095D4EB1CA07E16B36C3D5D78A3 HTTP/1.1" 200 4883 "-" "Mozilla/5.0 (compatible; YandexBot/3.0; +http://yandex.com/bots)"
fizz.cmp.uea.ac.uk:80 117.82.223.154 - - [08/May/2016:07:31:41 +0100] "GET /dyndom/dyndomRun.do?ddid=RIBON5R2&action=view HTTP/1.1" 200 21018 "-" "Mozilla/5.0 (compatible; DotBot/1.1; http://www.opensiteexplorer.org/dotbot, help@moz.com)"
fizz.cmp.uea.ac.uk:80 117.82.223.154 - - [08/May/2016:07:31:42 +0100] "GET /dyndom/dyndomRun.do?ddid=DBHPR1R3&action=view HTTP/1.1" 200 26517 "-" "Mozilla/5.0 (compatible; DotBot/1.1; http://www.opensiteexplorer.org/dotbot, help@moz.com)"
fizz.cmp.uea.ac.uk:80 117.82.223.154 - - [08/May/2016:07:31:42 +0100] "GET /dyndom/class16/LFUCO1R1.html HTTP/1.1" 200 6177 "-" "Mozilla/5.0 (compatible; DotBot/1.1; http://www.opensiteexplorer.org/dotbot, help@moz.com)"
fizz.cmp.uea.ac.uk:80 94.132.83.75 - - [08/May/2016:07:31:42 +0100] "GET /dyndom/runDescription.do?counter=1&id=298E1C3B835776812B8A044D40154029 HTTP/1.1" 200 4885 "-" "Mozilla/5.0 (compatible; YandexBot/3.0; +http://yandex.com/bots)"
fizz.cmp.uea.ac.uk:80 117.82.223.154 - - [08/May/2016:07:31:43 +0100] "GET /dyndom/dyndomRun.do?ddid=IGGAK2R1&action=view HTTP/1.1" 200 22868 "-" "Mozilla/5.0 (compatible; DotBot/1.1; http://www.opensiteexplorer.org/dotbot, help@moz.com)"
fizz.cmp.uea.ac.uk:80 117.82.223.154 - - [08/May/2016:07:31:43 +0100] "GET /dyndom/dyndomRun.do?ddid=ELONG7R6&action=view HTTP/1.1" 200 29255 "-" "Mozilla/5.0 (compatible; DotBot/1.1; http://www.opensiteexplorer.org/dotbot, help@moz.com)"
fizz.cmp.uea.ac.uk:80 117.82.223.154 - - [08/May/2016:07:31:44 +0100] "GET /dyndom/dyndomRun.do?ddid=FORMY1R1&action=view HTTP/1.1" 200 25574 "-" "Mozilla/5.0 (compatible; DotBot/1.1; http://www.opensiteexplorer.org/dotbot, help@moz.com)"
fizz.cmp.uea.ac.uk:80 117.82.223.154 - - [08/May/2016:07:31:44 +0100] "GET /dyndom/dyndomRun.do?ddid=HEMAG3R2&action=view HTTP/1.1" 200 21746 "-" "Mozilla/5.0 (compatible; DotBot/1.1; http://www.opensiteexplorer.org/dotbot, help@moz.com)"
fizz.cmp.uea.ac.uk:80 117.82.223.154 - - [08/May/2016:07:31:41 +0100] "GET /dyndom/browse.do?type=NR&id=7AF4C5BC86486CEA2358EB2FB24E6B031 HTTP/1.1" 200 1829593 "-" "Mozilla/5.0 (compatible; DotBot/1.1; http://www.opensiteexplorer.org/dotbot, help@moz.com)"
fizz.cmp.uea.ac.uk:80 94.132.83.75 - - [08/May/2016:07:31:44 +0100] "GET /dyndom/runDescription.do?counter=1&id=A9D7E326DA6D266CA6C4C82C84140AFF HTTP/1.1" 200 4882 "-" "Mozilla/5.0 (compatible; YandexBot/3.0; +http://yandex.com/bots)"
fizz.cmp.uea.ac.uk:80 117.82.223.154 - - [08/May/2016:07:31:45 +0100] "GET /dyndom/dyndomRun.do?ddid=HYPOT1R1&action=view HTTP/1.1" 200 23127 "-" "Mozilla/5.0 (compatible; DotBot/1.1; http://www.opensiteexplorer.org/dotbot, help@moz.com)"
fizz.cmp.uea.ac.uk:80 117.82.223.154 - - [08/May/2016:07:31:46 +0100] "GET /dyndom/dyndomRun.do?ddid=ENDOB1R1&action=view HTTP/1.1" 200 24183 "-" "Mozilla/5.0 (compatible; DotBot/1.1; http://www.opensiteexplorer.org/dotbot, help@moz.com)"
fizz.cmp.uea.ac.uk:80 228.156.65.191 - - [08/May/2016:07:31:46 +0100] "GET /dyndom/domainPair.do;jsessionid=154DB90DE04586007097A9C28EA981BF?fixed=SERUM1R5D1&moving=SERUM1R5D3&id=154DB90DE04586007097A9C28EA981BF HTTP/1.1" 500 1790 "-" "Mozilla/5.0 (compatible; Googlebot/2.1; +http://www.google.com/bot.html)"
fizz.cmp.uea.ac.uk:80 117.82.223.154 - - [08/May/2016:07:31:46 +0100] "GET /dyndom/dyndomRun.do?ddid=ECOTI1R1&action=view HTTP/1.1" 200 21397 "-" "Mozilla/5.0 (compatible; DotBot/1.1; http://www.opensiteexplorer.org/dotbot, help@moz.com)"
fizz.cmp.uea.ac.uk:80 94.132.83.75 - - [08/May/2016:07:31:46 +0100] "GET /dyndom/runDescription.do?counter=1&id=E20E15343FF743864634CD867E5A6C98 HTTP/1.1" 200 4879 "-" "Mozilla/5.0 (compatible; YandexBot/3.0; +http://yandex.com/bots)"
fizz.cmp.uea.ac.uk:80 117.82.223.154 - - [08/May/2016:07:31:47 +0100] "GET /dyndom/dyndomRun.do?ddid=ASPAR4R30&action=view HTTP/1.1" 200 26008 "-" "Mozilla/5.0 (compatible; DotBot/1.1; http://www.opensiteexplorer.org/dotbot, help@moz.com)"
fizz.cmp.uea.ac.uk:80 117.82.223.154 - - [08/May/2016:07:31:47 +0100] "GET /dyndom/Subgroup.do?subgroupid=11521_m HTTP/1.1" 200 17576 "-" "Mozilla/5.0 (compatible; DotBot/1.1; http://www.opensiteexplorer.org/dotbot, help@moz.com)"
fizz.cmp.uea.ac.uk:80 94.132.83.75 - - [08/May/2016:07:31:48 +0100] "GET /dyndom/dyndomSearch.jsp?type=WEBSITE&id=D5BDF97789DA5FFE093E738B58A473791 HTTP/1.1" 200 2513 "-" "Mozilla/5.0 (compatible; YandexBot/3.0; +http://yandex.com/bots)"
fizz.cmp.uea.ac.uk:80 117.82.223.154 - - [08/May/2016:07:31:48 +0100] "GET /dyndom/Subgroup.do?subgroupid=4879_m HTTP/1.1" 200 36599 "-" "Mozilla/5.0 (compatible; DotBot/1.1; http://www.opensiteexplorer.org/dotbot, help@moz.com)"
fizz.cmp.uea.ac.uk:80 117.82.223.154 - - [08/May/2016:07:31:49 +0100] "GET /dyndom/Subgroup.do?subgroupid=8846_m HTTP/1.1" 200 25602 "-" "Mozilla/5.0 (compatible; DotBot/1.1; http://www.opensiteexplorer.org/dotbot, help@moz.com)"
fizz.cmp.uea.ac.uk:80 117.82.223.154 - - [08/May/2016:07:31:49 +0100] "GET /dyndom/dyndomRun.do?ddid=ADENY3R21&action=view HTTP/1.1" 200 27117 "-" "Mozilla/5.0 (compatible; DotBot/1.1; http://www.opensiteexplorer.org/dotbot, help@moz.com)"
fizz.cmp.uea.ac.uk:80 117.82.223.154 - - [08/May/2016:07:31:50 +0100] "GET /dyndom/dyndomRun.do?ddid=AFABH2R1&action=view HTTP/1.1" 200 23260 "-" "Mozilla/5.0 (compatible; DotBot/1.1; http://www.opensiteexplorer.org/dotbot, help@moz.com)"
fizz.cmp.uea.ac.uk:80 94.132.83.75 - - [08/May/2016:07:31:50 +0100] "GET /dyndom/runDescription.do?counter=1&id=2E6B74BEEDDD155A07F27B2BA87F252B HTTP/1.1" 200 4883 "-" "Mozilla/5.0 (compatible; YandexBot/3.0; +http://yandex.com/bots)"
fizz.cmp.uea.ac.uk:80 117.82.223.154 - - [08/May/2016:07:31:51 +0100] "GET /dyndom/dyndomSearch.jsp?type=NR&id=B962DBC466071F22C3FCC11401507C7B1 HTTP/1.1" 200 11588 "-" "Mozilla/5.0 (compatible; DotBot/1.1; http://www.opensiteexplorer.org/dotbot, help@moz.com)"
fizz.cmp.uea.ac.uk:80 117.82.223.154 - - [08/May/2016:07:31:52 +0100] "GET /dyndom/dyndomRun.do?ddid=UDPNA1R8&action=view HTTP/1.1" 200 26731 "-" "Mozilla/5.0 (compatible; DotBot/1.1; http://www.opensiteexplorer.org/dotbot, help@moz.com)"
fizz.cmp.uea.ac.uk:80 117.82.223.154 - - [08/May/2016:07:31:51 +0100] "GET /dyndom/dyndomRun.do?ddid=PYRUV1R68&action=view HTTP/1.1" 200 29243 "-" "Mozilla/5.0 (compatible; DotBot/1.1; http://www.opensiteexplorer.org/dotbot, help@moz.com)"
fizz.cmp.uea.ac.uk:80 117.82.223.154 - - [08/May/2016:07:31:52 +0100] "GET /dyndom/dyndomSearch.jsp?type=WEBSITE&id=F3AB821B9AB3EE6BC91CDA95D4E85C251 HTTP/1.1" 200 11592 "-" "Mozilla/5.0 (compatible; DotBot/1.1; http://www.opensiteexplorer.org/dotbot, help@moz.com)"
fizz.cmp.uea.ac.uk:80 94.132.83.75 - - [08/May/2016:07:31:52 +0100] "GET /dyndom/runDescription.do?counter=1&id=FCACDA428A725EF11CE6EB2F4E580871 HTTP/1.1" 200 4882 "-" "Mozilla/5.0 (compatible; YandexBot/3.0; +http://yandex.com/bots)"
fizz.cmp.uea.ac.uk:80 94.132.83.75 - - [08/May/2016:07:31:54 +0100] "GET /dyndom/dyndomSearch.jsp?type=WEBSITE&id=0D2E80147447E9B01C31F29CA68ABBC71 HTTP/1.1" 200 2514 "-" "Mozilla/5.0 (compatible; YandexBot/3.0; +http://yandex.com/bots)"
lemur.cmp.uea.ac.uk:80 113.168.5.193 - - [08/May/2016:07:31:56 +0100] "GET /Research/compvis/DeviceCharacterisation/DeviceCharacterisation.htm HTTP/1.1" 304 172 "-" "Mozilla/5.0 (compatible; Googlebot/2.1; +http://www.google.com/bot.html)"
fizz.cmp.uea.ac.uk:80 94.132.83.75 - - [08/May/2016:07:31:56 +0100] "GET /dyndom/dyndomSearch.jsp?type=WEBSITE&id=D7F9B2A7D75B9CD319446AF65C16D0C91 HTTP/1.1" 200 2514 "-" "Mozilla/5.0 (compatible; YandexBot/3.0; +http://yandex.com/bots)"
fizz.cmp.uea.ac.uk:80 94.132.83.75 - - [08/May/2016:07:31:58 +0100] "GET /dyndom/runDescription.do?counter=1&id=E172BA07E79CA0A5E809B9DA5DEACA29 HTTP/1.1" 200 4883 "-" "Mozilla/5.0 (compatible; YandexBot/3.0; +http://yandex.com/bots)"
fizz.cmp.uea.ac.uk:80 94.132.83.75 - - [08/May/2016:07:32:00 +0100] "GET /dyndom/dyndomSearch.jsp?type=NR&id=52ED72043A3AC8EA793C5578BDBE211A1 HTTP/1.1" 200 2510 "-" "Mozilla/5.0 (compatible; YandexBot/3.0; +http://yandex.com/bots)"
fizz.cmp.uea.ac.uk:80 94.132.83.75 - - [08/May/2016:07:32:02 +0100] "GET /dyndom/dyndomSearch.jsp?type=NR&id=959AA121FDDF4DEB78380F894CB6F3EB1 HTTP/1.1" 200 2511 "-" "Mozilla/5.0 (compatible; YandexBot/3.0; +http://yandex.com/bots)"
fizz.cmp.uea.ac.uk:80 94.132.83.75 - - [08/May/2016:07:32:04 +0100] "GET /dyndom/dyndomSearch.jsp?type=WEBSITE&id=F9174B8F0CC15540B0FDF029E7402D261 HTTP/1.1" 200 2514 "-" "Mozilla/5.0 (compatible; YandexBot/3.0; +http://yandex.com/bots)"
fizz.cmp.uea.ac.uk:80 94.132.83.75 - - [08/May/2016:07:32:06 +0100] "GET /dyndom/runDescription.do?counter=1&id=09F01C8EAF8E8B3C9882D3567D978014 HTTP/1.1" 200 4880 "-" "Mozilla/5.0 (compatible; YandexBot/3.0; +http://yandex.com/bots)"
fizz.cmp.uea.ac.uk:80 94.132.83.75 - - [08/May/2016:07:32:08 +0100] "GET /dyndom/runDescription.do?counter=1&id=58A5890AD3B9AB30F6E3A4CE7A915020 HTTP/1.1" 200 4885 "-" "Mozilla/5.0 (compatible; YandexBot/3.0; +http://yandex.com/bots)"
fizz.cmp.uea.ac.uk:80 55.187.71.4 - - [08/May/2016:07:32:09 +0100] "GET /Research/ HTTP/1.1" 302 434 "-" "Mozilla/5.0 (compatible; Baiduspider/2.0; +http://www.baidu.com/search/spider.html)"
lemur.cmp.uea.ac.uk:80 229.76.42.137 - - [08/May/2016:07:32:09 +0100] "GET /Research/ HTTP/1.1" 200 407 "-" "Mozilla/5.0 (compatible; Baiduspider/2.0; +http://www.baidu.com/search/spider.html)"
fizz.cmp.uea.ac.uk:80 94.132.83.75 - - [08/May/2016:07:32:10 +0100] "GET /dyndom/runDescription.do?counter=1&id=4A1DAB0E9E384C8AA177F1B2BC7F616B HTTP/1.1" 200 4881 "-" "Mozilla/5.0 (compatible; YandexBot/3.0; +http://yandex.com/bots)"
fizz.cmp.uea.ac.uk:80 94.132.83.75 - - [08/May/2016:07:32:12 +0100] "GET /dyndom/runDescription.do?counter=1&id=2964EC32D5A7C572643F698808393775 HTTP/1.1" 200 4880 "-" "Mozilla/5.0 (compatible; YandexBot/3.0; +http://yandex.com/bots)"
fizz.cmp.uea.ac.uk:80 94.132.83.75 - - [08/May/2016:07:32:14 +0100] "GET /dyndom/dyndomSearch.jsp?type=WEBSITE&id=8029F67E6FBE97C64F516E92647A46BA1 HTTP/1.1" 200 2514 "-" "Mozilla/5.0 (compatible; YandexBot/3.0; +http://yandex.com/bots)"
fizz.cmp.uea.ac.uk:80 94.132.83.75 - - [08/May/2016:07:32:16 +0100] "GET /dyndom/dyndomSearch.jsp?type=WEBSITE&id=3ECE05B9E259EDAE8110FA36C77541A11 HTTP/1.1" 200 2513 "-" "Mozilla/5.0 (compatible; YandexBot/3.0; +http://yandex.com/bots)"
fizz.cmp.uea.ac.uk:80 94.132.83.75 - - [08/May/2016:07:32:18 +0100] "GET /dyndom/dyndomSearch.jsp?type=NR&id=5A8C08416D40637E7E4589D751572D871 HTTP/1.1" 200 2510 "-" "Mozilla/5.0 (compatible; YandexBot/3.0; +http://yandex.com/bots)"
fizz.cmp.uea.ac.uk:80 94.132.83.75 - - [08/May/2016:07:32:20 +0100] "GET /dyndom/dyndomSearch.jsp?type=WEBSITE&id=2C77912D723330EEBE1F871F698088D21 HTTP/1.1" 200 2514 "-" "Mozilla/5.0 (compatible; YandexBot/3.0; +http://yandex.com/bots)"
fizz.cmp.uea.ac.uk:80 156.53.200.217 - - [08/May/2016:07:32:22 +0100] "GET / HTTP/1.1" 200 304 "-" "Mozilla/5.0 (Macintosh; Intel Mac OS X 10_10_1) AppleWebKit/600.2.5 (KHTML, like Gecko) Version/8.0.2 Safari/600.2.5 (Applebot/0.1; +http://www.apple.com/go/applebot)"
fizz.cmp.uea.ac.uk:80 94.132.83.75 - - [08/May/2016:07:32:22 +0100] "GET /dyndom/runDescription.do?counter=1&id=E201A70CA9966741BBF70778EB54C30E HTTP/1.1" 200 4881 "-" "Mozilla/5.0 (compatible; YandexBot/3.0; +http://yandex.com/bots)"
fizz.cmp.uea.ac.uk:80 94.132.83.75 - - [08/May/2016:07:32:24 +0100] "GET /dyndom/runDescription.do?counter=1&id=B281BAB482A4725463287E58131DF571 HTTP/1.1" 200 4883 "-" "Mozilla/5.0 (compatible; YandexBot/3.0; +http://yandex.com/bots)"
fizz.cmp.uea.ac.uk:80 94.132.83.75 - - [08/May/2016:07:32:26 +0100] "GET /dyndom/runDescription.do?counter=1&id=927462978C2B69A04D45FE6DB3695A32 HTTP/1.1" 200 4884 "-" "Mozilla/5.0 (compatible; YandexBot/3.0; +http://yandex.com/bots)"
fizz.cmp.uea.ac.uk:80 94.132.83.75 - - [08/May/2016:07:32:28 +0100] "GET /dyndom/runDescription.do?counter=1&id=8D29D5B11A28428E0AE2B8C78BB3E381 HTTP/1.1" 200 4882 "-" "Mozilla/5.0 (compatible; YandexBot/3.0; +http://yandex.com/bots)"
fizz.cmp.uea.ac.uk:80 156.53.200.217 - - [08/May/2016:07:32:29 +0100] "GET / HTTP/1.1" 200 304 "-" "Mozilla/5.0 (Macintosh; Intel Mac OS X 10_10_1) AppleWebKit/600.2.5 (KHTML, like Gecko) Version/8.0.2 Safari/600.2.5 (Applebot/0.1; +http://www.apple.com/go/applebot)"
fizz.cmp.uea.ac.uk:80 156.53.200.217 - - [08/May/2016:07:32:44 +0100] "GET / HTTP/1.1" 200 304 "-" "Mozilla/5.0 (Macintosh; Intel Mac OS X 10_10_1) AppleWebKit/600.2.5 (KHTML, like Gecko) Version/8.0.2 Safari/600.2.5 (Applebot/0.1; +http://www.apple.com/go/applebot)"
fizz.cmp.uea.ac.uk:80 57.124.246.212 - - [08/May/2016:07:33:00 +0100] "GET /robots.txt HTTP/1.1" 404 359 "-" "Mozilla/5.0 (compatible; DotBot/1.1; http://www.opensiteexplorer.org/dotbot, help@moz.com)"
fizz.cmp.uea.ac.uk:80 156.53.200.217 - - [08/May/2016:07:33:43 +0100] "GET / HTTP/1.1" 200 304 "-" "Mozilla/5.0 (iPhone; CPU iPhone OS 8_1 like Mac OS X) AppleWebKit/600.1.4 (KHTML, like Gecko) Version/8.0 Mobile/12B410 Safari/600.1.4 (Applebot/0.1; +http://www.apple.com/go/applebot)"
fizz.cmp.uea.ac.uk:80 156.53.200.217 - - [08/May/2016:07:33:43 +0100] "GET / HTTP/1.1" 200 304 "-" "Mozilla/5.0 (Macintosh; Intel Mac OS X 10_10_1) AppleWebKit/600.2.5 (KHTML, like Gecko) Version/8.0.2 Safari/600.2.5 (Applebot/0.1; +http://www.apple.com/go/applebot)"
lemur.cmp.uea.ac.uk:80 133.213.30.189 - - [08/May/2016:07:33:44 +0100] "GET /favicon.ico HTTP/1.1" 403 364 "-" "Mozilla/4.0 (compatible; MSIE 7.0; Windows NT 5.1; Trident/4.0; .NET CLR 2.0.50727; 360space)"
lemur.cmp.uea.ac.uk:80 91.64.254.35 - - [08/May/2016:07:34:40 +0100] "GET /~jrk/distribution/names2.dir/onze.voorouders HTTP/1.1" 304 171 "-" "Mozilla/5.0 (compatible; bingbot/2.0; +http://www.bing.com/bingbot.htm)"
lemur.cmp.uea.ac.uk:80 222.131.15.163 - - [08/May/2016:07:36:10 +0100] "GET /Research/compvis/Papers/FinHor_JOSA01.pdf HTTP/1.1" 304 174 "-" "Mozilla/5.0 (compatible; Googlebot/2.1; +http://www.google.com/bot.html)"
fizz.cmp.uea.ac.uk:80 156.53.200.217 - - [08/May/2016:07:36:31 +0100] "GET / HTTP/1.1" 200 304 "-" "Mozilla/5.0 (iPhone; CPU iPhone OS 8_1 like Mac OS X) AppleWebKit/600.1.4 (KHTML, like Gecko) Version/8.0 Mobile/12B410 Safari/600.1.4 (Applebot/0.1; +http://www.apple.com/go/applebot)"
fizz.cmp.uea.ac.uk:80 156.53.200.217 - - [08/May/2016:07:36:32 +0100] "GET / HTTP/1.1" 200 303 "-" "Mozilla/5.0 (iPhone; CPU iPhone OS 8_1 like Mac OS X) AppleWebKit/600.1.4 (KHTML, like Gecko) Version/8.0 Mobile/12B410 Safari/600.1.4 (Applebot/0.1; +http://www.apple.com/go/applebot)"
lemur.cmp.uea.ac.uk:80 94.132.83.75 - - [08/May/2016:07:36:43 +0100] "GET /~mhf/embedded/resources/IntroToCortex-M3.pdf HTTP/1.1" 200 354015 "-" "Mozilla/5.0 (compatible; YandexBot/3.0; +http://yandex.com/bots)"
fizz.cmp.uea.ac.uk:80 195.160.199.157 - - [08/May/2016:07:37:01 +0100] "GET /dyndom/dyndomRun.do?ddid=NUCLE3R2&action=view HTTP/1.1" 200 3943 "-" "Mozilla/5.0 (compatible; Yahoo! Slurp; http://help.yahoo.com/help/us/ysearch/slurp)"
lemur.cmp.uea.ac.uk:80 94.132.83.75 - - [08/May/2016:07:37:03 +0100] "GET /~sjc/Newman-Cox-ICASSP2010.pdf HTTP/1.1" 200 783248 "-" "Mozilla/5.0 (compatible; YandexBot/3.0; +http://yandex.com/bots)"
fizz.cmp.uea.ac.uk:80 156.53.200.217 - - [08/May/2016:07:37:06 +0100] "GET /dyndom/Subgroup.do?subgroupid=10564_m HTTP/1.1" 200 2933 "-" "Mozilla/5.0 (Macintosh; Intel Mac OS X 10_10_1) AppleWebKit/600.2.5 (KHTML, like Gecko) Version/8.0.2 Safari/600.2.5 (Applebot/0.1; +http://www.apple.com/go/applebot)"
fizz.cmp.uea.ac.uk:80 156.53.200.217 - - [08/May/2016:07:37:07 +0100] "GET / HTTP/1.1" 200 303 "-" "Mozilla/5.0 (iPhone; CPU iPhone OS 8_1 like Mac OS X) AppleWebKit/600.1.4 (KHTML, like Gecko) Version/8.0 Mobile/12B410 Safari/600.1.4 (Applebot/0.1; +http://www.apple.com/go/applebot)"
lemur.cmp.uea.ac.uk:80 94.132.83.75 - - [08/May/2016:07:37:15 +0100] "GET /~jrwg/SYSCoNewWeb/Case_3D_Printing.pdf HTTP/1.1" 200 120813 "-" "Mozilla/5.0 (compatible; YandexBot/3.0; +http://yandex.com/bots)"
fizz.cmp.uea.ac.uk:80 98.234.207.58 - - [08/May/2016:07:37:43 +0100] "GET /dyndom/SubgroupList.do?dyndom=success&id=071793DDFC96B235074A2C18AD45A8702 HTTP/1.1" 200 62786 "-" "Mozilla/5.0 (compatible; Baiduspider/2.0; +http://www.baidu.com/search/spider.html)"
fizz.cmp.uea.ac.uk:80 179.108.174.175 - - [08/May/2016:07:37:44 +0100] "GET /dyndom/SubgroupList.do?dyndom=success&id=071793DDFC96B235074A2C18AD45A8702 HTTP/1.1" 200 1139387 "-" "Mozilla/5.0 (compatible; Baiduspider/2.0; +http://www.baidu.com/search/spider.html)"
fizz.cmp.uea.ac.uk:80 156.53.200.217 - - [08/May/2016:07:38:11 +0100] "GET / HTTP/1.1" 200 304 "-" "Mozilla/5.0 (iPhone; CPU iPhone OS 8_1 like Mac OS X) AppleWebKit/600.1.4 (KHTML, like Gecko) Version/8.0 Mobile/12B410 Safari/600.1.4 (Applebot/0.1; +http://www.apple.com/go/applebot)"
fizz.cmp.uea.ac.uk:80 156.53.200.217 - - [08/May/2016:07:38:24 +0100] "GET / HTTP/1.1" 200 304 "-" "Mozilla/5.0 (iPhone; CPU iPhone OS 8_1 like Mac OS X) AppleWebKit/600.1.4 (KHTML, like Gecko) Version/8.0 Mobile/12B410 Safari/600.1.4 (Applebot/0.1; +http://www.apple.com/go/applebot)"
fizz.cmp.uea.ac.uk:80 156.53.200.217 - - [08/May/2016:07:38:34 +0100] "GET / HTTP/1.1" 200 304 "-" "Mozilla/5.0 (iPhone; CPU iPhone OS 8_1 like Mac OS X) AppleWebKit/600.1.4 (KHTML, like Gecko) Version/8.0 Mobile/12B410 Safari/600.1.4 (Applebot/0.1; +http://www.apple.com/go/applebot)"
lemur.cmp.uea.ac.uk:80 94.132.83.75 - - [08/May/2016:07:38:47 +0100] "GET /~ajb/Pictures/My%20Pictures/Nha%20Trang%20and%20Mui%20Ne/2005_05_27/Thumbs.db HTTP/1.1" 200 20221 "-" "Mozilla/5.0 (compatible; YandexBot/3.0; +http://yandex.com/bots)"
fizz.cmp.uea.ac.uk:80 94.132.83.75 - - [08/May/2016:07:38:47 +0100] "GET /dyndom/runDescription.do?counter=1&id=3A44C525CE03292B80779E2C9AF71653 HTTP/1.1" 200 4883 "-" "Mozilla/5.0 (compatible; YandexBot/3.0; +http://yandex.com/bots)"
fizz.cmp.uea.ac.uk:80 137.82.152.134 - - [08/May/2016:07:38:48 +0100] "GET /dyndom/browse.do?type=WEBSITE&id=A5B5138814D9000EE363C5FAA3727F1F1 HTTP/1.1" 200 67910 "-" "Mozilla/5.0 (compatible; YandexBot/3.0; +http://yandex.com/bots)"
fizz.cmp.uea.ac.uk:80 94.132.83.75 - - [08/May/2016:07:38:49 +0100] "GET /dyndom/runDescription.do?counter=1&id=F21898A29D8A5E7ADA1CBA26A6C7E606 HTTP/1.1" 200 4882 "-" "Mozilla/5.0 (compatible; YandexBot/3.0; +http://yandex.com/bots)"
fizz.cmp.uea.ac.uk:80 137.82.152.134 - - [08/May/2016:07:38:49 +0100] "GET /dyndom/browse.do?type=NR&id=00E9833BD447D28720ED73132EB848841 HTTP/1.1" 200 76396 "-" "Mozilla/5.0 (compatible; YandexBot/3.0; +http://yandex.com/bots)"
fizz.cmp.uea.ac.uk:80 94.132.83.75 - - [08/May/2016:07:38:50 +0100] "GET /dyndom/runDescription.do?counter=1&id=5B91EE4B159E1388C0AE915F2D2F84B4 HTTP/1.1" 200 4884 "-" "Mozilla/5.0 (compatible; YandexBot/3.0; +http://yandex.com/bots)"
fizz.cmp.uea.ac.uk:80 137.82.152.134 - - [08/May/2016:07:38:50 +0100] "GET /dyndom/browse.do?type=NR&id=C58A6BA1F26CAB7621C80C0A22122D2A1 HTTP/1.1" 200 76395 "-" "Mozilla/5.0 (compatible; YandexBot/3.0; +http://yandex.com/bots)"
fizz.cmp.uea.ac.uk:80 49.84.185.65 - - [08/May/2016:07:38:51 +0100] "GET /dyndom/runDescription.do?counter=1&id=A8865ED0B128705AB8A14F77B960F6EB HTTP/1.1" 200 4884 "-" "Mozilla/5.0 (compatible; YandexBot/3.0; +http://yandex.com/bots)"
fizz.cmp.uea.ac.uk:80 94.132.83.75 - - [08/May/2016:07:38:51 +0100] "GET /dyndom/runDescription.do?counter=1&id=1D652ADCCCBE53E64B6B6AB6C302C124 HTTP/1.1" 200 4880 "-" "Mozilla/5.0 (compatible; YandexBot/3.0; +http://yandex.com/bots)"
fizz.cmp.uea.ac.uk:80 137.82.152.134 - - [08/May/2016:07:38:52 +0100] "GET /dyndom/runDescription.do?counter=1&id=1C71314CF02469E2A24F5764BA813936 HTTP/1.1" 200 4883 "-" "Mozilla/5.0 (compatible; YandexBot/3.0; +http://yandex.com/bots)"
fizz.cmp.uea.ac.uk:80 19.109.173.7 - - [08/May/2016:07:38:52 +0100] "GET /dyndom/browse.do?type=NR&id=A5B5138814D9000EE363C5FAA3727F1F1 HTTP/1.1" 200 76399 "-" "Mozilla/5.0 (compatible; YandexBot/3.0; +http://yandex.com/bots)"
fizz.cmp.uea.ac.uk:80 94.132.83.75 - - [08/May/2016:07:38:52 +0100] "GET /dyndom/dyndomSearch.jsp?type=NR&id=31943A11F8C465522FD8D2C77343D2321 HTTP/1.1" 200 2510 "-" "Mozilla/5.0 (compatible; YandexBot/3.0; +http://yandex.com/bots)"
fizz.cmp.uea.ac.uk:80 137.82.152.134 - - [08/May/2016:07:38:53 +0100] "GET /dyndom/dyndomSearch.jsp?type=WEBSITE&id=9D468369B3ABBF9048FFB2864661320B1 HTTP/1.1" 200 2513 "-" "Mozilla/5.0 (compatible; YandexBot/3.0; +http://yandex.com/bots)"
fizz.cmp.uea.ac.uk:80 49.84.185.65 - - [08/May/2016:07:38:53 +0100] "GET /dyndom/runDescription.do?counter=1&id=E026C7D7E86B915D85742115582BB979 HTTP/1.1" 200 4885 "-" "Mozilla/5.0 (compatible; YandexBot/3.0; +http://yandex.com/bots)"
fizz.cmp.uea.ac.uk:80 94.132.83.75 - - [08/May/2016:07:38:53 +0100] "GET /dyndom/runDescription.do?counter=1&id=7856D0C5B51427E2EECD269D2DD73F19 HTTP/1.1" 200 4884 "-" "Mozilla/5.0 (compatible; YandexBot/3.0; +http://yandex.com/bots)"
fizz.cmp.uea.ac.uk:80 137.82.152.134 - - [08/May/2016:07:38:54 +0100] "GET /dyndom/runHelp.do?counter=1&id=04793C8E8F731946C904FD7C1ED1380F HTTP/1.1" 200 3192 "-" "Mozilla/5.0 (compatible; YandexBot/3.0; +http://yandex.com/bots)"
fizz.cmp.uea.ac.uk:80 137.82.152.134 - - [08/May/2016:07:38:54 +0100] "GET /dyndom/dyndomSearch.jsp?type=NR&id=A8816595BAF49D137FF36C2CC4C9F71E1 HTTP/1.1" 200 2511 "-" "Mozilla/5.0 (compatible; YandexBot/3.0; +http://yandex.com/bots)"
fizz.cmp.uea.ac.uk:80 49.84.185.65 - - [08/May/2016:07:38:54 +0100] "GET /dyndom/runHelp.do?counter=1&id=243B7EFE577D3E82DCD5E1406A80BAE9 HTTP/1.1" 200 3193 "-" "Mozilla/5.0 (compatible; YandexBot/3.0; +http://yandex.com/bots)"
fizz.cmp.uea.ac.uk:80 19.109.173.7 - - [08/May/2016:07:38:55 +0100] "GET /dyndom/runHelp.do?counter=1&id=8FA28913010920FDEC1A5D0317D467C5 HTTP/1.1" 200 3194 "-" "Mozilla/5.0 (compatible; YandexBot/3.0; +http://yandex.com/bots)"
fizz.cmp.uea.ac.uk:80 94.132.83.75 - - [08/May/2016:07:38:55 +0100] "GET /dyndom/dyndomSearch.jsp?type=NR&id=1F8A8CDA4D4D99F567734E73478D652B1 HTTP/1.1" 200 2510 "-" "Mozilla/5.0 (compatible; YandexBot/3.0; +http://yandex.com/bots)"
fizz.cmp.uea.ac.uk:80 137.82.152.134 - - [08/May/2016:07:38:56 +0100] "GET /dyndom/dyndomSearch.jsp?type=NR&id=43CF4C9C2D9CA0C974048CFD53A422F91 HTTP/1.1" 200 2509 "-" "Mozilla/5.0 (compatible; YandexBot/3.0; +http://yandex.com/bots)"
fizz.cmp.uea.ac.uk:80 49.84.185.65 - - [08/May/2016:07:38:56 +0100] "GET /dyndom/runHelp.do?counter=1&id=29C0F1F3118A3CCFA1B28322833888E4 HTTP/1.1" 200 3194 "-" "Mozilla/5.0 (compatible; YandexBot/3.0; +http://yandex.com/bots)"
fizz.cmp.uea.ac.uk:80 19.109.173.7 - - [08/May/2016:07:38:56 +0100] "GET /dyndom/dyndomSearch.jsp?type=WEBSITE&id=91B2207EE0081C3C3852036353F4E4ED1 HTTP/1.1" 200 2514 "-" "Mozilla/5.0 (compatible; YandexBot/3.0; +http://yandex.com/bots)"
fizz.cmp.uea.ac.uk:80 94.132.83.75 - - [08/May/2016:07:38:57 +0100] "GET /dyndom/runHelp.do?counter=1&id=F21898A29D8A5E7ADA1CBA26A6C7E606 HTTP/1.1" 200 3191 "-" "Mozilla/5.0 (compatible; YandexBot/3.0; +http://yandex.com/bots)"
fizz.cmp.uea.ac.uk:80 137.82.152.134 - - [08/May/2016:07:38:57 +0100] "GET /dyndom/runHelp.do?counter=1&id=16CCEDFDA43EDEDC1BDDB3C9E86BDEAC HTTP/1.1" 200 3190 "-" "Mozilla/5.0 (compatible; YandexBot/3.0; +http://yandex.com/bots)"
lemur.cmp.uea.ac.uk:80 222.131.15.163 - - [08/May/2016:07:39:06 +0100] "GET /Research/compvis/Papers/FinHor_IVCJ98.ps.gz HTTP/1.1" 200 607836 "-" "Googlebot/2.1 (+http://www.google.com/bot.html)"
fizz.cmp.uea.ac.uk:80 156.53.200.217 - - [08/May/2016:07:39:17 +0100] "GET /dyndom/Subgroup.do?subgroupid=3772_m HTTP/1.1" 200 3276 "-" "Mozilla/5.0 (Macintosh; Intel Mac OS X 10_10_1) AppleWebKit/600.2.5 (KHTML, like Gecko) Version/8.0.2 Safari/600.2.5 (Applebot/0.1; +http://www.apple.com/go/applebot)"
fizz.cmp.uea.ac.uk:80 156.53.200.217 - - [08/May/2016:07:39:17 +0100] "GET / HTTP/1.1" 200 303 "-" "Mozilla/5.0 (iPhone; CPU iPhone OS 8_1 like Mac OS X) AppleWebKit/600.1.4 (KHTML, like Gecko) Version/8.0 Mobile/12B410 Safari/600.1.4 (Applebot/0.1; +http://www.apple.com/go/applebot)"
lemur.cmp.uea.ac.uk:80 40.132.228.30 - - [08/May/2016:07:40:20 +0100] "GET /~jrk/distribution/names2.dir/sources HTTP/1.1" 304 171 "-" "Mozilla/5.0 (compatible; bingbot/2.0; +http://www.bing.com/bingbot.htm)"
lemur.cmp.uea.ac.uk:80 113.168.5.193 - - [08/May/2016:07:40:33 +0100] "GET /Research/compvis/Papers/FinHorDrew_CIC10.pdf HTTP/1.1" 304 174 "-" "Mozilla/5.0 (compatible; Googlebot/2.1; +http://www.google.com/bot.html)"
fizz.cmp.uea.ac.uk:80 156.53.200.217 - - [08/May/2016:07:41:03 +0100] "GET / HTTP/1.1" 200 304 "-" "Mozilla/5.0 (iPhone; CPU iPhone OS 8_1 like Mac OS X) AppleWebKit/600.1.4 (KHTML, like Gecko) Version/8.0 Mobile/12B410 Safari/600.1.4 (Applebot/0.1; +http://www.apple.com/go/applebot)"
fizz.cmp.uea.ac.uk:80 228.156.65.191 - - [08/May/2016:07:41:06 +0100] "GET /dyndom/dyndom_styles.css HTTP/1.1" 200 1145 "http://fizz.cmp.uea.ac.uk/dyndom/dyndomSearch.jsp;jsessionid=A25EA83E381CE2AABCB625DB872CE38A?type=NR&id=A25EA83E381CE2AABCB625DB872CE38A5" "Mozilla/5.0 (compatible; Googlebot/2.1; +http://www.google.com/bot.html)"
fizz.cmp.uea.ac.uk:80 156.53.200.217 - - [08/May/2016:07:41:13 +0100] "GET / HTTP/1.1" 200 304 "-" "Mozilla/5.0 (iPhone; CPU iPhone OS 8_1 like Mac OS X) AppleWebKit/600.1.4 (KHTML, like Gecko) Version/8.0 Mobile/12B410 Safari/600.1.4 (Applebot/0.1; +http://www.apple.com/go/applebot)"
fizz.cmp.uea.ac.uk:80 195.160.199.157 - - [08/May/2016:07:42:38 +0100] "GET /dyndom/familySearch.jsp?id=0DED9CB4BEF174D60C07BCDD3B7C9CF91 HTTP/1.1" 200 2407 "-" "Mozilla/5.0 (compatible; Yahoo! Slurp; http://help.yahoo.com/help/us/ysearch/slurp)"
lemur.cmp.uea.ac.uk:80 75.33.201.115 - - [08/May/2016:07:42:45 +0100] "GET /~mhf/embedded/exam/2010-11no1s.pdf HTTP/1.1" 200 297466 "-" "Mozilla/5.0 (Linux; Android 6.0.1; Nexus 5X Build/MMB29P) AppleWebKit/537.36 (KHTML, like Gecko) Chrome/41.0.2272.96 Mobile Safari/537.36 (compatible; Googlebot/2.1; +http://www.google.com/bot.html)"
fizz.cmp.uea.ac.uk:80 94.132.83.75 - - [08/May/2016:07:43:44 +0100] "GET /dyndom/runHelp.do?counter=1&id=E201A70CA9966741BBF70778EB54C30E HTTP/1.1" 200 3195 "-" "Mozilla/5.0 (compatible; YandexBot/3.0; +http://yandex.com/bots)"
lemur.cmp.uea.ac.uk:80 137.82.152.134 - - [08/May/2016:07:43:44 +0100] "GET /~ajb/Pictures/My%20Pictures/Borneo/15_04_2006c/Thumbs.db HTTP/1.1" 200 8444 "-" "Mozilla/5.0 (compatible; YandexBot/3.0; +http://yandex.com/bots)"
fizz.cmp.uea.ac.uk:80 94.132.83.75 - - [08/May/2016:07:43:44 +0100] "GET /dyndom/dyndomSearch.jsp?type=NR&id=C04B981D16216650959C34C4F7FD0F9A1 HTTP/1.1" 200 2509 "-" "Mozilla/5.0 (compatible; YandexBot/3.0; +http://yandex.com/bots)"
fizz.cmp.uea.ac.uk:80 49.84.185.65 - - [08/May/2016:07:43:45 +0100] "GET /dyndom/runHelp.do?counter=1&id=E172BA07E79CA0A5E809B9DA5DEACA29 HTTP/1.1" 200 3192 "-" "Mozilla/5.0 (compatible; YandexBot/3.0; +http://yandex.com/bots)"
fizz.cmp.uea.ac.uk:80 94.132.83.75 - - [08/May/2016:07:43:45 +0100] "GET /dyndom/dyndomSearch.jsp?type=WEBSITE&id=D40C4602471B65D961FF208A610F59001 HTTP/1.1" 200 2514 "-" "Mozilla/5.0 (compatible; YandexBot/3.0; +http://yandex.com/bots)"
fizz.cmp.uea.ac.uk:80 19.109.173.7 - - [08/May/2016:07:43:45 +0100] "GET /dyndom/runHelp.do?counter=1&id=6CE287CE7CBBBA64762BD4091DF8698F HTTP/1.1" 200 3193 "-" "Mozilla/5.0 (compatible; YandexBot/3.0; +http://yandex.com/bots)"
fizz.cmp.uea.ac.uk:80 94.132.83.75 - - [08/May/2016:07:43:46 +0100] "GET /dyndom/dyndomSearch.jsp?type=WEBSITE&id=ABD133FE0C03384F5CE48647A24C933B1 HTTP/1.1" 200 2513 "-" "Mozilla/5.0 (compatible; YandexBot/3.0; +http://yandex.com/bots)"
fizz.cmp.uea.ac.uk:80 137.82.152.134 - - [08/May/2016:07:43:46 +0100] "GET /dyndom/dyndomSearch.jsp?type=WEBSITE&id=9F769B101B5E075306043E8465F1F9941 HTTP/1.1" 200 2512 "-" "Mozilla/5.0 (compatible; YandexBot/3.0; +http://yandex.com/bots)"
fizz.cmp.uea.ac.uk:80 49.84.185.65 - - [08/May/2016:07:43:46 +0100] "GET /dyndom/dyndomSearch.jsp?type=NR&id=9CA05D04BBA68D63BB83DA611F3D9CF81 HTTP/1.1" 200 2511 "-" "Mozilla/5.0 (compatible; YandexBot/3.0; +http://yandex.com/bots)"
fizz.cmp.uea.ac.uk:80 156.53.200.217 - - [08/May/2016:07:43:46 +0100] "GET / HTTP/1.1" 200 304 "-" "Mozilla/5.0 (iPhone; CPU iPhone OS 8_1 like Mac OS X) AppleWebKit/600.1.4 (KHTML, like Gecko) Version/8.0 Mobile/12B410 Safari/600.1.4 (Applebot/0.1; +http://www.apple.com/go/applebot)"
fizz.cmp.uea.ac.uk:80 19.109.173.7 - - [08/May/2016:07:43:47 +0100] "GET /dyndom/dyndomSearch.jsp?type=WEBSITE&id=49897AB8456B28B61290B34A95E05BC91 HTTP/1.1" 200 2514 "-" "Mozilla/5.0 (compatible; YandexBot/3.0; +http://yandex.com/bots)"
fizz.cmp.uea.ac.uk:80 94.132.83.75 - - [08/May/2016:07:43:47 +0100] "GET /dyndom/runHelp.do?counter=1&id=AC95C52B9DDA305DA251AB1586E54DB4 HTTP/1.1" 200 3192 "-" "Mozilla/5.0 (compatible; YandexBot/3.0; +http://yandex.com/bots)"
fizz.cmp.uea.ac.uk:80 137.82.152.134 - - [08/May/2016:07:43:47 +0100] "GET /dyndom/runHelp.do?counter=1&id=25ED6E1CF9C3F6BF6D9BE4F051299E8D HTTP/1.1" 200 3193 "-" "Mozilla/5.0 (compatible; YandexBot/3.0; +http://yandex.com/bots)"
fizz.cmp.uea.ac.uk:80 49.84.185.65 - - [08/May/2016:07:43:48 +0100] "GET /dyndom/runHelp.do?counter=1&id=4A1DAB0E9E384C8AA177F1B2BC7F616B HTTP/1.1" 200 3191 "-" "Mozilla/5.0 (compatible; YandexBot/3.0; +http://yandex.com/bots)"
fizz.cmp.uea.ac.uk:80 19.109.173.7 - - [08/May/2016:07:43:48 +0100] "GET /dyndom/runHelp.do?counter=1&id=79D4AB16036ED2A52BE7F94BB9DC6EA4 HTTP/1.1" 200 3193 "-" "Mozilla/5.0 (compatible; YandexBot/3.0; +http://yandex.com/bots)"
fizz.cmp.uea.ac.uk:80 94.132.83.75 - - [08/May/2016:07:43:49 +0100] "GET /dyndom/runHelp.do?counter=1&id=23FE1300F18067105171B99C5B4E5BF6 HTTP/1.1" 200 3194 "-" "Mozilla/5.0 (compatible; YandexBot/3.0; +http://yandex.com/bots)"
fizz.cmp.uea.ac.uk:80 137.82.152.134 - - [08/May/2016:07:43:49 +0100] "GET /dyndom/runHelp.do?counter=1&id=379D7AFA89CBB13CFEC91FDBE6306244 HTTP/1.1" 200 3193 "-" "Mozilla/5.0 (compatible; YandexBot/3.0; +http://yandex.com/bots)"
fizz.cmp.uea.ac.uk:80 49.84.185.65 - - [08/May/2016:07:43:49 +0100] "GET /dyndom/runHelp.do?counter=1&id=5B91EE4B159E1388C0AE915F2D2F84B4 HTTP/1.1" 200 3193 "-" "Mozilla/5.0 (compatible; YandexBot/3.0; +http://yandex.com/bots)"
fizz.cmp.uea.ac.uk:80 19.109.173.7 - - [08/May/2016:07:43:50 +0100] "GET /dyndom/runHelp.do?counter=1&id=09F01C8EAF8E8B3C9882D3567D978014 HTTP/1.1" 200 3192 "-" "Mozilla/5.0 (compatible; YandexBot/3.0; +http://yandex.com/bots)"
fizz.cmp.uea.ac.uk:80 94.132.83.75 - - [08/May/2016:07:43:51 +0100] "GET /dyndom/runHelp.do?counter=1&id=1A08DE95361BC05E26152CB915A5EF31 HTTP/1.1" 200 3193 "-" "Mozilla/5.0 (compatible; YandexBot/3.0; +http://yandex.com/bots)"
fizz.cmp.uea.ac.uk:80 137.82.152.134 - - [08/May/2016:07:43:52 +0100] "GET /dyndom/dyndomSearch.jsp?type=NR&id=3ECE05B9E259EDAE8110FA36C77541A11 HTTP/1.1" 200 2509 "-" "Mozilla/5.0 (compatible; YandexBot/3.0; +http://yandex.com/bots)"
fizz.cmp.uea.ac.uk:80 94.132.83.75 - - [08/May/2016:07:43:52 +0100] "GET /dyndom/dyndomSearch.jsp?type=WEBSITE&id=767B891C002D6D96A041D44F797869111 HTTP/1.1" 200 2513 "-" "Mozilla/5.0 (compatible; YandexBot/3.0; +http://yandex.com/bots)"
fizz.cmp.uea.ac.uk:80 49.84.185.65 - - [08/May/2016:07:43:52 +0100] "GET /dyndom/runHelp.do?counter=1&id=E026C7D7E86B915D85742115582BB979 HTTP/1.1" 200 3193 "-" "Mozilla/5.0 (compatible; YandexBot/3.0; +http://yandex.com/bots)"
fizz.cmp.uea.ac.uk:80 94.132.83.75 - - [08/May/2016:07:43:53 +0100] "GET /dyndom/runHelp.do?counter=1&id=A5A5F9CD30ECBB3FC5072DB0A362665B HTTP/1.1" 200 3191 "-" "Mozilla/5.0 (compatible; YandexBot/3.0; +http://yandex.com/bots)"
fizz.cmp.uea.ac.uk:80 137.82.152.134 - - [08/May/2016:07:43:53 +0100] "GET /dyndom/dyndomSearch.jsp?type=NR&id=7044E1320971E573D986F49FB3F2A5AF1 HTTP/1.1" 200 2511 "-" "Mozilla/5.0 (compatible; YandexBot/3.0; +http://yandex.com/bots)"
fizz.cmp.uea.ac.uk:80 156.53.200.217 - - [08/May/2016:07:43:55 +0100] "GET / HTTP/1.1" 200 304 "-" "Mozilla/5.0 (iPhone; CPU iPhone OS 8_1 like Mac OS X) AppleWebKit/600.1.4 (KHTML, like Gecko) Version/8.0 Mobile/12B410 Safari/600.1.4 (Applebot/0.1; +http://www.apple.com/go/applebot)"
lemur.cmp.uea.ac.uk:80 222.131.15.163 - - [08/May/2016:07:44:56 +0100] "GET /~kth/Publications/publications.html HTTP/1.1" 304 172 "-" "Mozilla/5.0 (compatible; Googlebot/2.1; +http://www.google.com/bot.html)"
lemur.cmp.uea.ac.uk:80 124.80.17.188 - - [08/May/2016:07:45:07 +0100] "GET /~mhf/embedded/exam/CMPE3D01no1e.pdf HTTP/1.1" 304 173 "-" "Mozilla/5.0 (compatible; bingbot/2.0; +http://www.bing.com/bingbot.htm)"
fizz.cmp.uea.ac.uk:80 156.53.200.217 - - [08/May/2016:07:45:22 +0100] "GET / HTTP/1.1" 200 304 "-" "Mozilla/5.0 (iPhone; CPU iPhone OS 8_1 like Mac OS X) AppleWebKit/600.1.4 (KHTML, like Gecko) Version/8.0 Mobile/12B410 Safari/600.1.4 (Applebot/0.1; +http://www.apple.com/go/applebot)"
fizz.cmp.uea.ac.uk:80 94.132.83.75 - - [08/May/2016:07:46:40 +0100] "GET /dyndom/dyndomSearch.jsp?type=NR&id=D743A2F32B73A75313F685370790BF441 HTTP/1.1" 200 2510 "-" "Mozilla/5.0 (compatible; YandexBot/3.0; +http://yandex.com/bots)"
fizz.cmp.uea.ac.uk:80 137.82.152.134 - - [08/May/2016:07:46:40 +0100] "GET /dyndom/dyndomSearch.jsp?type=WEBSITE&id=2A290C7A948C4D86D7F138D83B1FC5E91 HTTP/1.1" 200 2513 "-" "Mozilla/5.0 (compatible; YandexBot/3.0; +http://yandex.com/bots)"
fizz.cmp.uea.ac.uk:80 94.132.83.75 - - [08/May/2016:07:46:41 +0100] "GET /dyndom/runHelp.do?counter=1&id=C442EEFEE805B53D0EF9CB7301E15F13 HTTP/1.1" 200 3191 "-" "Mozilla/5.0 (compatible; YandexBot/3.0; +http://yandex.com/bots)"
fizz.cmp.uea.ac.uk:80 49.84.185.65 - - [08/May/2016:07:46:41 +0100] "GET /dyndom/dyndomSearch.jsp?type=NR&id=3716FDE26B59C6A5AFCE71DEAFBEA18F1 HTTP/1.1" 200 2512 "-" "Mozilla/5.0 (compatible; YandexBot/3.0; +http://yandex.com/bots)"
fizz.cmp.uea.ac.uk:80 94.132.83.75 - - [08/May/2016:07:46:41 +0100] "GET /dyndom/runHelp.do?counter=1&id=53712C7BC3E5931C1BC2AE8C2801BD4E HTTP/1.1" 200 3193 "-" "Mozilla/5.0 (compatible; YandexBot/3.0; +http://yandex.com/bots)"
lemur.cmp.uea.ac.uk:80 2.167.26.144 - - [08/May/2016:07:46:40 +0100] "GET /~ajb/Pictures/My%20Pictures/Halong%20Bay/2005_05_24/IMG_0279.JPG HTTP/1.1" 200 664312 "-" "Mozilla/5.0 (compatible; bingbot/2.0; +http://www.bing.com/bingbot.htm)"
fizz.cmp.uea.ac.uk:80 137.82.152.134 - - [08/May/2016:07:46:42 +0100] "GET /dyndom/dyndomSearch.jsp?type=NR&id=A4B7B6A2F3959EF40AE04BC51800C1C31 HTTP/1.1" 200 2511 "-" "Mozilla/5.0 (compatible; YandexBot/3.0; +http://yandex.com/bots)"
fizz.cmp.uea.ac.uk:80 49.84.185.65 - - [08/May/2016:07:46:42 +0100] "GET /dyndom/dyndomSearch.jsp?type=NR&id=373D9A733DC288807AC16C28FCBE64321 HTTP/1.1" 200 2510 "-" "Mozilla/5.0 (compatible; YandexBot/3.0; +http://yandex.com/bots)"
fizz.cmp.uea.ac.uk:80 94.132.83.75 - - [08/May/2016:07:46:43 +0100] "GET /dyndom/runHelp.do?counter=1&id=36197422CD33AAB4CD03E7F5943DF1AA HTTP/1.1" 200 3193 "-" "Mozilla/5.0 (compatible; YandexBot/3.0; +http://yandex.com/bots)"
fizz.cmp.uea.ac.uk:80 137.82.152.134 - - [08/May/2016:07:46:43 +0100] "GET /dyndom/runHelp.do?counter=1&id=1002DCEC28ADFFC64A7A63E86D7FB844 HTTP/1.1" 200 3192 "-" "Mozilla/5.0 (compatible; YandexBot/3.0; +http://yandex.com/bots)"
fizz.cmp.uea.ac.uk:80 19.109.173.7 - - [08/May/2016:07:46:43 +0100] "GET /dyndom/runHelp.do?counter=1&id=2801B20645205FCEE6CC6E40AC86EA74 HTTP/1.1" 200 3194 "-" "Mozilla/5.0 (compatible; YandexBot/3.0; +http://yandex.com/bots)"
fizz.cmp.uea.ac.uk:80 94.132.83.75 - - [08/May/2016:07:46:44 +0100] "GET /dyndom/dyndomSearch.jsp?type=NR&id=00ADE1A02D795762EB39952D8AD44E941 HTTP/1.1" 200 2509 "-" "Mozilla/5.0 (compatible; YandexBot/3.0; +http://yandex.com/bots)"
fizz.cmp.uea.ac.uk:80 137.82.152.134 - - [08/May/2016:07:46:44 +0100] "GET /dyndom/dyndomSearch.jsp?type=NR&id=428F548C20DC1CE6FDF9E2368B9B05181 HTTP/1.1" 200 2511 "-" "Mozilla/5.0 (compatible; YandexBot/3.0; +http://yandex.com/bots)"
fizz.cmp.uea.ac.uk:80 49.84.185.65 - - [08/May/2016:07:46:44 +0100] "GET /dyndom/runHelp.do?counter=1&id=BB692C9E3ABB6DCAE7B173A41D1DE712 HTTP/1.1" 200 3195 "-" "Mozilla/5.0 (compatible; YandexBot/3.0; +http://yandex.com/bots)"
fizz.cmp.uea.ac.uk:80 19.109.173.7 - - [08/May/2016:07:46:45 +0100] "GET /dyndom/runHelp.do?counter=1&id=A9D7E326DA6D266CA6C4C82C84140AFF HTTP/1.1" 200 3193 "-" "Mozilla/5.0 (compatible; YandexBot/3.0; +http://yandex.com/bots)"
fizz.cmp.uea.ac.uk:80 94.132.83.75 - - [08/May/2016:07:46:45 +0100] "GET /dyndom/runHelp.do?counter=1&id=C0C97678934246916105F3452EA5F1AB HTTP/1.1" 200 3193 "-" "Mozilla/5.0 (compatible; YandexBot/3.0; +http://yandex.com/bots)"
fizz.cmp.uea.ac.uk:80 137.82.152.134 - - [08/May/2016:07:46:45 +0100] "GET /dyndom/dyndomSearch.jsp?type=WEBSITE&id=DAC44640F84F4D267CEF2AF64F24EC571 HTTP/1.1" 200 2511 "-" "Mozilla/5.0 (compatible; YandexBot/3.0; +http://yandex.com/bots)"
fizz.cmp.uea.ac.uk:80 49.84.185.65 - - [08/May/2016:07:46:46 +0100] "GET /dyndom/runHelp.do?counter=1&id=970829B72EC4ACA3AA8426ADE1712F27 HTTP/1.1" 200 3193 "-" "Mozilla/5.0 (compatible; YandexBot/3.0; +http://yandex.com/bots)"
fizz.cmp.uea.ac.uk:80 19.109.173.7 - - [08/May/2016:07:46:46 +0100] "GET /dyndom/dyndomSearch.jsp?type=WEBSITE&id=82730CF3A765E692197D89692388D9821 HTTP/1.1" 200 2514 "-" "Mozilla/5.0 (compatible; YandexBot/3.0; +http://yandex.com/bots)"
fizz.cmp.uea.ac.uk:80 94.132.83.75 - - [08/May/2016:07:46:47 +0100] "GET /dyndom/runHelp.do?counter=1&id=730E5E3D581902A534C117BDCD0DB53F HTTP/1.1" 200 3192 "-" "Mozilla/5.0 (compatible; YandexBot/3.0; +http://yandex.com/bots)"
fizz.cmp.uea.ac.uk:80 137.82.152.134 - - [08/May/2016:07:46:47 +0100] "GET /dyndom/runHelp.do?counter=1&id=5FA6F54FF6E057705ADF0FF55BECA1FF HTTP/1.1" 200 3192 "-" "Mozilla/5.0 (compatible; YandexBot/3.0; +http://yandex.com/bots)"
fizz.cmp.uea.ac.uk:80 49.84.185.65 - - [08/May/2016:07:46:47 +0100] "GET /dyndom/dyndomSearch.jsp?type=NR&id=9D468369B3ABBF9048FFB2864661320B1 HTTP/1.1" 200 2511 "-" "Mozilla/5.0 (compatible; YandexBot/3.0; +http://yandex.com/bots)"
fizz.cmp.uea.ac.uk:80 19.109.173.7 - - [08/May/2016:07:46:48 +0100] "GET /dyndom/dyndomSearch.jsp?type=NR&id=2F35C0848584A3DBD81B1823D85083A41 HTTP/1.1" 200 2511 "-" "Mozilla/5.0 (compatible; YandexBot/3.0; +http://yandex.com/bots)"
fizz.cmp.uea.ac.uk:80 94.132.83.75 - - [08/May/2016:07:46:48 +0100] "GET /dyndom/dyndomSearch.jsp?type=WEBSITE&id=95CA7829F3574DC1CE8C6B8706AF05401 HTTP/1.1" 200 2514 "-" "Mozilla/5.0 (compatible; YandexBot/3.0; +http://yandex.com/bots)"
fizz.cmp.uea.ac.uk:80 137.82.152.134 - - [08/May/2016:07:46:48 +0100] "GET /dyndom/runHelp.do?counter=1&id=FE6297633F85912CB8F48C0F44D65218 HTTP/1.1" 200 3193 "-" "Mozilla/5.0 (compatible; YandexBot/3.0; +http://yandex.com/bots)"
fizz.cmp.uea.ac.uk:80 49.84.185.65 - - [08/May/2016:07:46:49 +0100] "GET /dyndom/runHelp.do?counter=1&id=D5724F0AD23AD922BA1313C94A82B932 HTTP/1.1" 200 3193 "-" "Mozilla/5.0 (compatible; YandexBot/3.0; +http://yandex.com/bots)"
fizz.cmp.uea.ac.uk:80 19.109.173.7 - - [08/May/2016:07:46:49 +0100] "GET /dyndom/runDyndom.jsp?id=57A07073074A8584453B7F6BB4DF718B1 HTTP/1.1" 200 3024 "-" "Mozilla/5.0 (compatible; YandexBot/3.0; +http://yandex.com/bots)"
fizz.cmp.uea.ac.uk:80 94.132.83.75 - - [08/May/2016:07:46:49 +0100] "GET /dyndom/dyndomSearch.jsp?type=NR&id=3C0A5B3F879987A392EEDD71D7F354281 HTTP/1.1" 200 2511 "-" "Mozilla/5.0 (compatible; YandexBot/3.0; +http://yandex.com/bots)"
fizz.cmp.uea.ac.uk:80 137.82.152.134 - - [08/May/2016:07:46:50 +0100] "GET /dyndom/runHelp.do?counter=1&id=E51CE3E1DF97C978D5740ED77FF320AA HTTP/1.1" 200 3194 "-" "Mozilla/5.0 (compatible; YandexBot/3.0; +http://yandex.com/bots)"
fizz.cmp.uea.ac.uk:80 49.84.185.65 - - [08/May/2016:07:46:50 +0100] "GET /dyndom/familySearch.jsp?id=90B5F7DBA4DDB79AFE57794ECE2EF7741 HTTP/1.1" 200 2462 "-" "Mozilla/5.0 (compatible; YandexBot/3.0; +http://yandex.com/bots)"
fizz.cmp.uea.ac.uk:80 19.109.173.7 - - [08/May/2016:07:46:51 +0100] "GET /dyndom/dyndomSearch.jsp?type=NR&id=B9491A191929A2B6BB54CAEBAB2DC70C1 HTTP/1.1" 200 2509 "-" "Mozilla/5.0 (compatible; YandexBot/3.0; +http://yandex.com/bots)"
fizz.cmp.uea.ac.uk:80 94.132.83.75 - - [08/May/2016:07:46:51 +0100] "GET /dyndom/dyndomSearch.jsp?type=WEBSITE&id=E4AF424D3C3DC0B54CBB499B46B5F1EC1 HTTP/1.1" 200 2515 "-" "Mozilla/5.0 (compatible; YandexBot/3.0; +http://yandex.com/bots)"
fizz.cmp.uea.ac.uk:80 137.82.152.134 - - [08/May/2016:07:46:51 +0100] "GET /dyndom/dyndomSearch.jsp?type=NR&id=41974AB1D4899997BAA6248A70A68CBD1 HTTP/1.1" 200 2510 "-" "Mozilla/5.0 (compatible; YandexBot/3.0; +http://yandex.com/bots)"
