fizz.cmp.uea.ac.uk:80 156.53.200.217 - - [08/May/2016:06:28:50 +0100] "GET / HTTP/1.1" 200 304 "-" "Mozilla/5.0 (iPhone; CPU iPhone OS 8_1 like Mac OS X) AppleWebKit/600.1.4 (KHTML, like Gecko) Version/8.0 Mobile/12B410 Safari/600.1.4 (Applebot/0.1; +http://www.apple.com/go/applebot)"
fizz.cmp.uea.ac.uk:80 156.53.200.217 - - [08/May/2016:06:29:02 +0100] "GET / HTTP/1.1" 200 304 "-" "Mozilla/5.0 (iPhone; CPU iPhone OS 8_1 like Mac OS X) AppleWebKit/600.1.4 (KHTML, like Gecko) Version/8.0 Mobile/12B410 Safari/600.1.4 (Applebot/0.1; +http://www.apple.com/go/applebot)"
fizz.cmp.uea.ac.uk:80 156.53.200.217 - - [08/May/2016:06:29:16 +0100] "GET / HTTP/1.1" 200 304 "-" "Mozilla/5.0 (iPhone; CPU iPhone OS 8_1 like Mac OS X) AppleWebKit/600.1.4 (KHTML, like Gecko) Version/8.0 Mobile/12B410 Safari/600.1.4 (Applebot/0.1; +http://www.apple.com/go/applebot)"
lemur.cmp.uea.ac.uk:80 233.113.235.19 - - [08/May/2016:06:29:40 +0100] "GET /~vlm/esf/esf_logo.jpg HTTP/1.1" 200 115943 "-" "Mozilla/5.0 (compatible; bingbot/2.0; +http://www.bing.com/bingbot.htm)"
lemur.cmp.uea.ac.uk:80 113.168.5.193 - - [08/May/2016:06:31:20 +0100] "GET /~bjt/avsp2009/proc/papers/paper-35.pdf HTTP/1.1" 304 174 "-" "Mozilla/5.0 (compatible; Googlebot/2.1; +http://www.google.com/bot.html)"
fizz.cmp.uea.ac.uk:80 156.53.200.217 - - [08/May/2016:06:31:31 +0100] "GET / HTTP/1.1" 200 304 "-" "Mozilla/5.0 (iPhone; CPU iPhone OS 8_1 like Mac OS X) AppleWebKit/600.1.4 (KHTML, like Gecko) Version/8.0 Mobile/12B410 Safari/600.1.4 (Applebot/0.1; +http://www.apple.com/go/applebot)"
lemur.cmp.uea.ac.uk:80 233.113.235.19 - - [08/May/2016:06:31:31 +0100] "GET /~djs/WPF-images/WPF-slides/WPF04-17.jpg HTTP/1.1" 200 135980 "-" "Mozilla/5.0 (compatible; bingbot/2.0; +http://www.bing.com/bingbot.htm)"
fizz.cmp.uea.ac.uk:80 156.53.200.217 - - [08/May/2016:06:32:08 +0100] "GET / HTTP/1.1" 200 304 "-" "Mozilla/5.0 (iPhone; CPU iPhone OS 8_1 like Mac OS X) AppleWebKit/600.1.4 (KHTML, like Gecko) Version/8.0 Mobile/12B410 Safari/600.1.4 (Applebot/0.1; +http://www.apple.com/go/applebot)"
lemur.cmp.uea.ac.uk:80 124.80.17.188 - - [08/May/2016:06:32:42 +0100] "GET /~djs/WPF-images/Vol2/WPFVol2p00025.jpg HTTP/1.1" 200 512258 "-" "Mozilla/5.0 (compatible; bingbot/2.0; +http://www.bing.com/bingbot.htm)"
fizz.cmp.uea.ac.uk:80 156.53.200.217 - - [08/May/2016:06:32:53 +0100] "GET / HTTP/1.1" 200 304 "-" "Mozilla/5.0 (iPhone; CPU iPhone OS 8_1 like Mac OS X) AppleWebKit/600.1.4 (KHTML, like Gecko) Version/8.0 Mobile/12B410 Safari/600.1.4 (Applebot/0.1; +http://www.apple.com/go/applebot)"
fizz.cmp.uea.ac.uk:80 156.53.200.217 - - [08/May/2016:06:33:00 +0100] "GET /dyndom/Subgroup.do?subgroupid=7516_m HTTP/1.1" 200 4265 "-" "Mozilla/5.0 (Macintosh; Intel Mac OS X 10_10_1) AppleWebKit/600.2.5 (KHTML, like Gecko) Version/8.0.2 Safari/600.2.5 (Applebot/0.1; +http://www.apple.com/go/applebot)"
fizz.cmp.uea.ac.uk:80 156.53.200.217 - - [08/May/2016:06:33:01 +0100] "GET / HTTP/1.1" 200 303 "-" "Mozilla/5.0 (iPhone; CPU iPhone OS 8_1 like Mac OS X) AppleWebKit/600.1.4 (KHTML, like Gecko) Version/8.0 Mobile/12B410 Safari/600.1.4 (Applebot/0.1; +http://www.apple.com/go/applebot)"
lemur.cmp.uea.ac.uk:80 203.189.50.135 - - [08/May/2016:06:33:23 +0100] "GET /favicon.ico HTTP/1.1" 403 420 "http://www3.cmp.uea.ac.uk/~jrwg/YorkGroup/MSM/Belbin%20explanation%20(1).pdf" "Mozilla/5.0 (Macintosh; Intel Mac OS X 10_8_5) AppleWebKit/537.36 (KHTML, like Gecko) Chrome/49.0.2623.112 Safari/537.36"
lemur.cmp.uea.ac.uk:80 203.189.50.135 - - [08/May/2016:06:33:23 +0100] "GET /~jrwg/YorkGroup/MSM/Belbin%20explanation%20(1).pdf HTTP/1.1" 200 150672 "https://www.google.com/" "Mozilla/5.0 (Macintosh; Intel Mac OS X 10_8_5) AppleWebKit/537.36 (KHTML, like Gecko) Chrome/49.0.2623.112 Safari/537.36"
lemur.cmp.uea.ac.uk:80 222.131.15.163 - - [08/May/2016:06:33:28 +0100] "GET /Research/compvis/c2gart/publications/ConnahFinlaysonBloj_AVA06_Poster.pdf HTTP/1.1" 200 796683 "-" "Googlebot/2.1 (+http://www.google.com/bot.html)"
websvr1.cmp.uea.ac.uk:80 200.117.184.249 - - [08/May/2016:06:33:58 +0100] "-" 408 0 "-" "-"
lemur.cmp.uea.ac.uk:80 2.167.26.144 - - [08/May/2016:06:34:01 +0100] "GET /~ajb/Pictures/My%20Pictures/Phi%20Phi/2005_06_27/IMG_0701.JPG HTTP/1.1" 200 485565 "-" "Mozilla/5.0 (compatible; bingbot/2.0; +http://www.bing.com/bingbot.htm)"
lemur.cmp.uea.ac.uk:80 161.124.243.235 - - [08/May/2016:06:34:35 +0100] "GET /cmp/staffweb/references/sysresdoc3.0/forward/broad.pdf HTTP/1.1" 403 426 "-" "Mozilla/5.0 (Windows NT 5.1; rv:6.0.2) Gecko/20100101 Firefox/6.0.2"
lemur.cmp.uea.ac.uk:80 89.130.49.181 - - [08/May/2016:06:34:44 +0100] "GET /~sjc/matthews-pami-01.pdf HTTP/1.1" 304 137 "-" "Mozilla/5.0 Gecko/20100115 Firefox/3.6"
lemur.cmp.uea.ac.uk:80 149.147.155.62 - - [08/May/2016:06:35:30 +0100] "GET /~jrwg/YorkGroup/MSM/Belbin%20explanation%20(1).pdf HTTP/1.1" 200 150672 "-" "Mozilla/5.0 (Linux; Android 6.0.1; Nexus 5X Build/MMB29P) AppleWebKit/537.36 (KHTML, like Gecko) Chrome/41.0.2272.96 Mobile Safari/537.36 (compatible; Googlebot/2.1; +http://www.google.com/bot.html)"
lemur.cmp.uea.ac.uk:80 75.33.201.115 - - [08/May/2016:06:35:37 +0100] "GET /~jrwg/VideoWebDemo/images/ HTTP/1.1" 200 957 "-" "Mozilla/5.0 (compatible; Googlebot/2.1; +http://www.google.com/bot.html)"
fizz.cmp.uea.ac.uk:80 195.160.199.157 - - [08/May/2016:06:36:05 +0100] "GET /dyndom/dyndomRun.do?ddid=DNADI1R13&action=view HTTP/1.1" 200 5640 "-" "Mozilla/5.0 (compatible; Yahoo! Slurp; http://help.yahoo.com/help/us/ysearch/slurp)"
lemur.cmp.uea.ac.uk:80 113.168.5.193 - - [08/May/2016:06:36:33 +0100] "GET /~mhf/ HTTP/1.1" 200 2198 "-" "Mozilla/5.0 (compatible; Googlebot/2.1; +http://www.google.com/bot.html)"
fizz.cmp.uea.ac.uk:80 75.99.63.103 - - [08/May/2016:06:37:26 +0100] "GET /dyndom/ HTTP/1.1" 200 2418 "https://www.google.com.pk/" "Mozilla/5.0 (Windows NT 6.1; WOW64) AppleWebKit/537.36 (KHTML, like Gecko) Chrome/50.0.2661.94 Safari/537.36"
fizz.cmp.uea.ac.uk:80 75.99.63.103 - - [08/May/2016:06:37:26 +0100] "GET /dyndom/dyndom_styles.css HTTP/1.1" 200 1144 "http://fizz.cmp.uea.ac.uk/dyndom/" "Mozilla/5.0 (Windows NT 6.1; WOW64) AppleWebKit/537.36 (KHTML, like Gecko) Chrome/50.0.2661.94 Safari/537.36"
fizz.cmp.uea.ac.uk:80 75.99.63.103 - - [08/May/2016:06:37:26 +0100] "GET /dyndom/images/spacer.gif HTTP/1.1" 200 335 "http://fizz.cmp.uea.ac.uk/dyndom/" "Mozilla/5.0 (Windows NT 6.1; WOW64) AppleWebKit/537.36 (KHTML, like Gecko) Chrome/50.0.2661.94 Safari/537.36"
fizz.cmp.uea.ac.uk:80 75.99.63.103 - - [08/May/2016:06:37:26 +0100] "GET /dyndom/images/dyndom02b.jpg HTTP/1.1" 200 2167 "http://fizz.cmp.uea.ac.uk/dyndom/" "Mozilla/5.0 (Windows NT 6.1; WOW64) AppleWebKit/537.36 (KHTML, like Gecko) Chrome/50.0.2661.94 Safari/537.36"
fizz.cmp.uea.ac.uk:80 75.99.63.103 - - [08/May/2016:06:37:26 +0100] "GET /dyndom/images/titlestr3c.jpg HTTP/1.1" 200 8185 "http://fizz.cmp.uea.ac.uk/dyndom/" "Mozilla/5.0 (Windows NT 6.1; WOW64) AppleWebKit/537.36 (KHTML, like Gecko) Chrome/50.0.2661.94 Safari/537.36"
fizz.cmp.uea.ac.uk:80 75.99.63.103 - - [08/May/2016:06:37:27 +0100] "GET /dyndom/images/mainpage3greyc-450-prog.jpg HTTP/1.1" 200 25546 "http://fizz.cmp.uea.ac.uk/dyndom/" "Mozilla/5.0 (Windows NT 6.1; WOW64) AppleWebKit/537.36 (KHTML, like Gecko) Chrome/50.0.2661.94 Safari/537.36"
fizz.cmp.uea.ac.uk:80 75.99.63.103 - - [08/May/2016:06:37:27 +0100] "GET /dyndom/images/search_families.jpg HTTP/1.1" 200 4549 "http://fizz.cmp.uea.ac.uk/dyndom/" "Mozilla/5.0 (Windows NT 6.1; WOW64) AppleWebKit/537.36 (KHTML, like Gecko) Chrome/50.0.2661.94 Safari/537.36"
fizz.cmp.uea.ac.uk:80 75.99.63.103 - - [08/May/2016:06:37:27 +0100] "GET /dyndom/images/DynDom3D.jpg HTTP/1.1" 200 8608 "http://fizz.cmp.uea.ac.uk/dyndom/" "Mozilla/5.0 (Windows NT 6.1; WOW64) AppleWebKit/537.36 (KHTML, like Gecko) Chrome/50.0.2661.94 Safari/537.36"
fizz.cmp.uea.ac.uk:80 75.99.63.103 - - [08/May/2016:06:37:27 +0100] "GET /dyndom/images/browse_moves.jpg HTTP/1.1" 200 5289 "http://fizz.cmp.uea.ac.uk/dyndom/" "Mozilla/5.0 (Windows NT 6.1; WOW64) AppleWebKit/537.36 (KHTML, like Gecko) Chrome/50.0.2661.94 Safari/537.36"
fizz.cmp.uea.ac.uk:80 75.99.63.103 - - [08/May/2016:06:37:27 +0100] "GET /dyndom/images/ucdb.jpg HTTP/1.1" 200 5379 "http://fizz.cmp.uea.ac.uk/dyndom/" "Mozilla/5.0 (Windows NT 6.1; WOW64) AppleWebKit/537.36 (KHTML, like Gecko) Chrome/50.0.2661.94 Safari/537.36"
fizz.cmp.uea.ac.uk:80 75.99.63.103 - - [08/May/2016:06:37:27 +0100] "GET /dyndom/images/references103.jpg HTTP/1.1" 200 3675 "http://fizz.cmp.uea.ac.uk/dyndom/" "Mozilla/5.0 (Windows NT 6.1; WOW64) AppleWebKit/537.36 (KHTML, like Gecko) Chrome/50.0.2661.94 Safari/537.36"
fizz.cmp.uea.ac.uk:80 75.99.63.103 - - [08/May/2016:06:37:27 +0100] "GET /dyndom/images/download103.jpg HTTP/1.1" 200 3498 "http://fizz.cmp.uea.ac.uk/dyndom/" "Mozilla/5.0 (Windows NT 6.1; WOW64) AppleWebKit/537.36 (KHTML, like Gecko) Chrome/50.0.2661.94 Safari/537.36"
fizz.cmp.uea.ac.uk:80 75.99.63.103 - - [08/May/2016:06:37:27 +0100] "GET /dyndom/images/links103.jpg HTTP/1.1" 200 2377 "http://fizz.cmp.uea.ac.uk/dyndom/" "Mozilla/5.0 (Windows NT 6.1; WOW64) AppleWebKit/537.36 (KHTML, like Gecko) Chrome/50.0.2661.94 Safari/537.36"
fizz.cmp.uea.ac.uk:80 75.99.63.103 - - [08/May/2016:06:37:27 +0100] "GET /dyndom/images/line101.jpg HTTP/1.1" 200 684 "http://fizz.cmp.uea.ac.uk/dyndom/" "Mozilla/5.0 (Windows NT 6.1; WOW64) AppleWebKit/537.36 (KHTML, like Gecko) Chrome/50.0.2661.94 Safari/537.36"
fizz.cmp.uea.ac.uk:80 75.99.63.103 - - [08/May/2016:06:37:27 +0100] "GET /dyndom/images/LigandInduced.jpg HTTP/1.1" 200 21663 "http://fizz.cmp.uea.ac.uk/dyndom/" "Mozilla/5.0 (Windows NT 6.1; WOW64) AppleWebKit/537.36 (KHTML, like Gecko) Chrome/50.0.2661.94 Safari/537.36"
fizz.cmp.uea.ac.uk:80 75.99.63.103 - - [08/May/2016:06:37:27 +0100] "GET /dyndom/images/dyndom02-w60.jpg HTTP/1.1" 200 2436 "http://fizz.cmp.uea.ac.uk/dyndom/" "Mozilla/5.0 (Windows NT 6.1; WOW64) AppleWebKit/537.36 (KHTML, like Gecko) Chrome/50.0.2661.94 Safari/537.36"
fizz.cmp.uea.ac.uk:80 75.99.63.103 - - [08/May/2016:06:37:28 +0100] "GET /dyndom/images/Domain_Movement_Classification_DCG.jpg HTTP/1.1" 200 30234 "http://fizz.cmp.uea.ac.uk/dyndom/" "Mozilla/5.0 (Windows NT 6.1; WOW64) AppleWebKit/537.36 (KHTML, like Gecko) Chrome/50.0.2661.94 Safari/537.36"
fizz.cmp.uea.ac.uk:80 75.99.63.103 - - [08/May/2016:06:37:28 +0100] "GET /dyndom/images/browse_families.jpg HTTP/1.1" 200 4545 "http://fizz.cmp.uea.ac.uk/dyndom/" "Mozilla/5.0 (Windows NT 6.1; WOW64) AppleWebKit/537.36 (KHTML, like Gecko) Chrome/50.0.2661.94 Safari/537.36"
fizz.cmp.uea.ac.uk:80 75.99.63.103 - - [08/May/2016:06:37:28 +0100] "GET /dyndom/images/Domain_Movement_Classification_Hinge_Shear.jpg HTTP/1.1" 200 25093 "http://fizz.cmp.uea.ac.uk/dyndom/" "Mozilla/5.0 (Windows NT 6.1; WOW64) AppleWebKit/537.36 (KHTML, like Gecko) Chrome/50.0.2661.94 Safari/537.36"
fizz.cmp.uea.ac.uk:80 75.99.63.103 - - [08/May/2016:06:37:28 +0100] "GET /dyndom/images/nrdb.jpg HTTP/1.1" 200 5886 "http://fizz.cmp.uea.ac.uk/dyndom/" "Mozilla/5.0 (Windows NT 6.1; WOW64) AppleWebKit/537.36 (KHTML, like Gecko) Chrome/50.0.2661.94 Safari/537.36"
fizz.cmp.uea.ac.uk:80 75.99.63.103 - - [08/May/2016:06:37:28 +0100] "GET /dyndom/images/DomainMoveBiomolecularComplexes.jpg HTTP/1.1" 200 21646 "http://fizz.cmp.uea.ac.uk/dyndom/" "Mozilla/5.0 (Windows NT 6.1; WOW64) AppleWebKit/537.36 (KHTML, like Gecko) Chrome/50.0.2661.94 Safari/537.36"
fizz.cmp.uea.ac.uk:80 75.99.63.103 - - [08/May/2016:06:37:28 +0100] "GET /dyndom/images/search_moves.jpg HTTP/1.1" 200 5266 "http://fizz.cmp.uea.ac.uk/dyndom/" "Mozilla/5.0 (Windows NT 6.1; WOW64) AppleWebKit/537.36 (KHTML, like Gecko) Chrome/50.0.2661.94 Safari/537.36"
fizz.cmp.uea.ac.uk:80 75.99.63.103 - - [08/May/2016:06:37:28 +0100] "GET /dyndom/images/home103.jpg HTTP/1.1" 200 2543 "http://fizz.cmp.uea.ac.uk/dyndom/" "Mozilla/5.0 (Windows NT 6.1; WOW64) AppleWebKit/537.36 (KHTML, like Gecko) Chrome/50.0.2661.94 Safari/537.36"
fizz.cmp.uea.ac.uk:80 75.99.63.103 - - [08/May/2016:06:37:28 +0100] "GET /dyndom/images/description103.jpg HTTP/1.1" 200 3732 "http://fizz.cmp.uea.ac.uk/dyndom/" "Mozilla/5.0 (Windows NT 6.1; WOW64) AppleWebKit/537.36 (KHTML, like Gecko) Chrome/50.0.2661.94 Safari/537.36"
fizz.cmp.uea.ac.uk:80 75.99.63.103 - - [08/May/2016:06:37:28 +0100] "GET /dyndom/images/rundyndom103.jpg HTTP/1.1" 200 3872 "http://fizz.cmp.uea.ac.uk/dyndom/" "Mozilla/5.0 (Windows NT 6.1; WOW64) AppleWebKit/537.36 (KHTML, like Gecko) Chrome/50.0.2661.94 Safari/537.36"
fizz.cmp.uea.ac.uk:80 75.99.63.103 - - [08/May/2016:06:37:28 +0100] "GET /dyndom/images/domainSelect.jpg HTTP/1.1" 200 4546 "http://fizz.cmp.uea.ac.uk/dyndom/" "Mozilla/5.0 (Windows NT 6.1; WOW64) AppleWebKit/537.36 (KHTML, like Gecko) Chrome/50.0.2661.94 Safari/537.36"
fizz.cmp.uea.ac.uk:80 75.99.63.103 - - [08/May/2016:06:37:29 +0100] "GET /favicon.ico HTTP/1.1" 404 415 "http://fizz.cmp.uea.ac.uk/dyndom/" "Mozilla/5.0 (Windows NT 6.1; WOW64) AppleWebKit/537.36 (KHTML, like Gecko) Chrome/50.0.2661.94 Safari/537.36"
fizz.cmp.uea.ac.uk:80 75.99.63.103 - - [08/May/2016:06:37:31 +0100] "GET /dyndom/runDyndom.jsp;jsessionid=8A2B2C5F862231F56309C17DF84FBAD3?id=8A2B2C5F862231F56309C17DF84FBAD31 HTTP/1.1" 200 2927 "http://fizz.cmp.uea.ac.uk/dyndom/" "Mozilla/5.0 (Windows NT 6.1; WOW64) AppleWebKit/537.36 (KHTML, like Gecko) Chrome/50.0.2661.94 Safari/537.36"
fizz.cmp.uea.ac.uk:80 75.99.63.103 - - [08/May/2016:06:37:31 +0100] "GET /dyndom/images/runbutton102.jpg HTTP/1.1" 200 5631 "http://fizz.cmp.uea.ac.uk/dyndom/runDyndom.jsp;jsessionid=8A2B2C5F862231F56309C17DF84FBAD3?id=8A2B2C5F862231F56309C17DF84FBAD31" "Mozilla/5.0 (Windows NT 6.1; WOW64) AppleWebKit/537.36 (KHTML, like Gecko) Chrome/50.0.2661.94 Safari/537.36"
lemur.cmp.uea.ac.uk:80 2.167.26.144 - - [08/May/2016:06:37:40 +0100] "GET /~ajb/Pictures/My%20Pictures/Malaysia%20Highlights/50%20Probosis%204.JPG HTTP/1.1" 200 786079 "-" "Mozilla/5.0 (compatible; bingbot/2.0; +http://www.bing.com/bingbot.htm)"
fizz.cmp.uea.ac.uk:80 75.99.63.103 - - [08/May/2016:06:38:14 +0100] "GET /dyndom/dyndomContents.do HTTP/1.1" 200 2255 "http://fizz.cmp.uea.ac.uk/dyndom/runDyndom.jsp;jsessionid=8A2B2C5F862231F56309C17DF84FBAD3?id=8A2B2C5F862231F56309C17DF84FBAD31" "Mozilla/5.0 (Windows NT 6.1; WOW64) AppleWebKit/537.36 (KHTML, like Gecko) Chrome/50.0.2661.94 Safari/537.36"
fizz.cmp.uea.ac.uk:80 75.99.63.103 - - [08/May/2016:06:38:15 +0100] "GET /dyndom/images/arrow6-left.jpg HTTP/1.1" 200 3359 "http://fizz.cmp.uea.ac.uk/dyndom/dyndomContents.do" "Mozilla/5.0 (Windows NT 6.1; WOW64) AppleWebKit/537.36 (KHTML, like Gecko) Chrome/50.0.2661.94 Safari/537.36"
fizz.cmp.uea.ac.uk:80 75.99.63.103 - - [08/May/2016:06:38:15 +0100] "GET /dyndom/images/arrow6-right.jpg HTTP/1.1" 200 3338 "http://fizz.cmp.uea.ac.uk/dyndom/dyndomContents.do" "Mozilla/5.0 (Windows NT 6.1; WOW64) AppleWebKit/537.36 (KHTML, like Gecko) Chrome/50.0.2661.94 Safari/537.36"
fizz.cmp.uea.ac.uk:80 75.99.63.103 - - [08/May/2016:06:38:23 +0100] "GET /dyndom/dyndomDeterDomain.jsp HTTP/1.1" 200 2704 "http://fizz.cmp.uea.ac.uk/dyndom/dyndomContents.do" "Mozilla/5.0 (Windows NT 6.1; WOW64) AppleWebKit/537.36 (KHTML, like Gecko) Chrome/50.0.2661.94 Safari/537.36"
fizz.cmp.uea.ac.uk:80 75.99.63.103 - - [08/May/2016:06:38:23 +0100] "GET /dyndom/images/t4.rotvecs.gif HTTP/1.1" 200 22001 "http://fizz.cmp.uea.ac.uk/dyndom/dyndomDeterDomain.jsp" "Mozilla/5.0 (Windows NT 6.1; WOW64) AppleWebKit/537.36 (KHTML, like Gecko) Chrome/50.0.2661.94 Safari/537.36"
fizz.cmp.uea.ac.uk:80 75.99.63.103 - - [08/May/2016:06:38:23 +0100] "GET /dyndom/images/t4.gif HTTP/1.1" 200 36936 "http://fizz.cmp.uea.ac.uk/dyndom/dyndomDeterDomain.jsp" "Mozilla/5.0 (Windows NT 6.1; WOW64) AppleWebKit/537.36 (KHTML, like Gecko) Chrome/50.0.2661.94 Safari/537.36"
fizz.cmp.uea.ac.uk:80 75.99.63.103 - - [08/May/2016:06:38:43 +0100] "GET /dyndom/dyndomWhen.do HTTP/1.1" 200 2718 "http://fizz.cmp.uea.ac.uk/dyndom/dyndomDeterDomain.jsp" "Mozilla/5.0 (Windows NT 6.1; WOW64) AppleWebKit/537.36 (KHTML, like Gecko) Chrome/50.0.2661.94 Safari/537.36"
fizz.cmp.uea.ac.uk:80 75.99.63.103 - - [08/May/2016:06:38:43 +0100] "GET /dyndom/images/1cts.mid.gif HTTP/1.1" 200 42355 "http://fizz.cmp.uea.ac.uk/dyndom/dyndomWhen.do" "Mozilla/5.0 (Windows NT 6.1; WOW64) AppleWebKit/537.36 (KHTML, like Gecko) Chrome/50.0.2661.94 Safari/537.36"
fizz.cmp.uea.ac.uk:80 159.223.12.243 - - [08/May/2016:06:38:50 +0100] "GET / HTTP/1.1" 200 267 "-" "Mozilla/5.0 (compatible; Baiduspider/2.0; +http://www.baidu.com/search/spider.html)"
fizz.cmp.uea.ac.uk:80 207.75.210.174 - - [08/May/2016:06:39:48 +0100] "GET / HTTP/1.1" 200 267 "-" "Mozilla/5.0 (compatible; Baiduspider/2.0; +http://www.baidu.com/search/spider.html)"
lemur.cmp.uea.ac.uk:80 233.113.235.19 - - [08/May/2016:06:39:48 +0100] "GET /~ajb/Pictures/My%20Pictures/Seim%20Reap/2005_06_16/IMG_0537.JPG HTTP/1.1" 200 1640666 "-" "Mozilla/5.0 (compatible; bingbot/2.0; +http://www.bing.com/bingbot.htm)"
fizz.cmp.uea.ac.uk:80 228.156.65.191 - - [08/May/2016:06:39:54 +0100] "GET /dyndom/domainPair.do;jsessionid=B8FD9EBC15A44B7A12A1ED3E51BC5632?fixed=NUCLE19R1D1&moving=NUCLE19R1D2&id=B8FD9EBC15A44B7A12A1ED3E51BC5632 HTTP/1.1" 500 1790 "-" "Mozilla/5.0 (compatible; Googlebot/2.1; +http://www.google.com/bot.html)"
fizz.cmp.uea.ac.uk:80 156.53.200.217 - - [08/May/2016:06:40:03 +0100] "GET /dyndom/Subgroup.do?subgroupid=3771_m HTTP/1.1" 200 3171 "-" "Mozilla/5.0 (Macintosh; Intel Mac OS X 10_10_1) AppleWebKit/600.2.5 (KHTML, like Gecko) Version/8.0.2 Safari/600.2.5 (Applebot/0.1; +http://www.apple.com/go/applebot)"
lemur.cmp.uea.ac.uk:80 2.167.26.144 - - [08/May/2016:06:40:05 +0100] "GET /~pdmb/wbsup6_82.jpg HTTP/1.1" 200 402762 "-" "Mozilla/5.0 (compatible; bingbot/2.0; +http://www.bing.com/bingbot.htm)"
lemur.cmp.uea.ac.uk:80 2.167.26.144 - - [08/May/2016:06:40:43 +0100] "GET /~ajb/Pictures/My%20Pictures/Vancouver%20Island/Set%204/PICT0024.JPG HTTP/1.1" 200 2449724 "-" "Mozilla/5.0 (compatible; bingbot/2.0; +http://www.bing.com/bingbot.htm)"
fizz.cmp.uea.ac.uk:80 156.53.200.217 - - [08/May/2016:06:41:16 +0100] "GET / HTTP/1.1" 200 304 "-" "Mozilla/5.0 (iPhone; CPU iPhone OS 8_1 like Mac OS X) AppleWebKit/600.1.4 (KHTML, like Gecko) Version/8.0 Mobile/12B410 Safari/600.1.4 (Applebot/0.1; +http://www.apple.com/go/applebot)"
lemur.cmp.uea.ac.uk:80 75.254.210.85 - - [08/May/2016:06:41:18 +0100] "GET /Research/compvis/Papers/GrahamFinlaysonMSc.pdf HTTP/1.0" 200 539015 "http://www2.cmp.uea.ac.uk/" "Mozilla/5.0 (Windows NT 6.2) AppleWebKit/537.36 (KHTML, like Gecko) Chrome/39.0.2171.99 Safari/537.36"
fizz.cmp.uea.ac.uk:80 171.51.179.176 - - [08/May/2016:06:41:44 +0100] "GET /dyndom/images/dyndom02-w60.jpg HTTP/1.1" 304 174 "-" "Googlebot-Image/1.0"
fizz.cmp.uea.ac.uk:80 61.207.92.198 - - [08/May/2016:06:41:52 +0100] "GET /dyndom/browse.do?type=NR&id=3D42D5603FA78F4E85D481D45735CB071 HTTP/1.1" 200 76358 "-" "Mozilla/5.0 (compatible; Baiduspider/2.0; +http://www.baidu.com/search/spider.html)"
fizz.cmp.uea.ac.uk:80 59.191.244.74 - - [08/May/2016:06:41:53 +0100] "GET /dyndom/browse.do?type=NR&id=3D42D5603FA78F4E85D481D45735CB071 HTTP/1.1" 200 1114304 "-" "Mozilla/5.0 (compatible; Baiduspider/2.0; +http://www.baidu.com/search/spider.html)"
fizz.cmp.uea.ac.uk:80 156.53.200.217 - - [08/May/2016:06:42:09 +0100] "GET / HTTP/1.1" 200 304 "-" "Mozilla/5.0 (iPhone; CPU iPhone OS 8_1 like Mac OS X) AppleWebKit/600.1.4 (KHTML, like Gecko) Version/8.0 Mobile/12B410 Safari/600.1.4 (Applebot/0.1; +http://www.apple.com/go/applebot)"
lemur.cmp.uea.ac.uk:80 250.188.135.75 - - [08/May/2016:06:42:50 +0100] "GET /~jrwg/MultiPar/Glauert92a.pdf HTTP/1.1" 200 383811 "-" "Googlebot/2.1 (+http://www.google.com/bot.html)"
fizz.cmp.uea.ac.uk:80 195.160.199.157 - - [08/May/2016:06:43:26 +0100] "GET /dyndom/class16/DNADI2R1.html HTTP/1.1" 200 1800 "-" "Mozilla/5.0 (compatible; Yahoo! Slurp; http://help.yahoo.com/help/us/ysearch/slurp)"
fizz.cmp.uea.ac.uk:80 228.156.65.191 - - [08/May/2016:06:44:11 +0100] "GET /dyndom/domainPair.do;jsessionid=B01FB3E0F7C84A94E7C1EE3518721EFA?fixed=TRANS8R1D1&moving=TRANS8R1D2&id=B01FB3E0F7C84A94E7C1EE3518721EFA HTTP/1.1" 500 1790 "-" "Mozilla/5.0 (compatible; Googlebot/2.1; +http://www.google.com/bot.html)"
lemur.cmp.uea.ac.uk:80 222.131.15.163 - - [08/May/2016:06:45:24 +0100] "GET /~bjt/research/talking/pubs_assets/theobald_is2008a.pdf HTTP/1.1" 404 459 "-" "Googlebot/2.1 (+http://www.google.com/bot.html)"
lemur.cmp.uea.ac.uk:80 79.189.234.22 - - [08/May/2016:06:46:13 +0100] "GET /wp-admin/ HTTP/1.1" 403 381 "-" "-"
fizz.cmp.uea.ac.uk:80 171.51.179.176 - - [08/May/2016:06:47:01 +0100] "GET /~jrk/visicast/rk-gw2003.pdf HTTP/1.1" 302 505 "-" "Googlebot/2.1 (+http://www.google.com/bot.html)"
fizz.cmp.uea.ac.uk:80 39.14.182.152 - - [08/May/2016:06:48:28 +0100] "GET /dyndom/domainPair.do;jsessionid=DABABFAEC702CAC17EDD34599A59F1AD?fixed=TRANS33R1D4&moving=TRANS33R1D3&id=DABABFAEC702CAC17EDD34599A59F1AD HTTP/1.1" 500 1790 "-" "Mozilla/5.0 (compatible; Googlebot/2.1; +http://www.google.com/bot.html)"
lemur.cmp.uea.ac.uk:80 151.199.111.146 - - [08/May/2016:06:50:38 +0100] "GET /Research/ivis/backup/PhD/Papers/particles-reprint.pdf HTTP/1.1" 200 322888 "-" "Googlebot/2.1 (+http://www.google.com/bot.html)"
fizz.cmp.uea.ac.uk:80 156.53.200.217 - - [08/May/2016:06:52:34 +0100] "GET /dyndom/Subgroup.do?subgroupid=9761_m HTTP/1.1" 200 2980 "-" "Mozilla/5.0 (Macintosh; Intel Mac OS X 10_10_1) AppleWebKit/600.2.5 (KHTML, like Gecko) Version/8.0.2 Safari/600.2.5 (Applebot/0.1; +http://www.apple.com/go/applebot)"
lemur.cmp.uea.ac.uk:80 113.168.5.193 - - [08/May/2016:06:52:46 +0100] "GET /~jrwg/ForZurab/Papers/99%20Geometry%20Paper/geo2-tcsBase.ps HTTP/1.1" 200 429616 "-" "Mozilla/5.0 (compatible; Googlebot/2.1; +http://www.google.com/bot.html)"
lemur.cmp.uea.ac.uk:80 61.207.92.198 - - [08/May/2016:06:53:02 +0100] "GET /Research/compvis/Papers/FinHorHub_CRA02.pdf HTTP/1.1" 200 657000 "-" "Mozilla/5.0 (compatible; Baiduspider/2.0; +http://www.baidu.com/search/spider.html)"
lemur.cmp.uea.ac.uk:80 27.19.129.238 - - [08/May/2016:06:53:13 +0100] "GET /Research/compvis/Papers/FinHorDrew_CIC10.pdf HTTP/1.1" 304 174 "-" "Mozilla/5.0 (compatible; bingbot/2.0; +http://www.bing.com/bingbot.htm)"
lemur.cmp.uea.ac.uk:80 159.172.141.47 - - [08/May/2016:06:55:28 +0100] "GET /test/wp-admin/ HTTP/1.1" 403 386 "-" "-"
fizz.cmp.uea.ac.uk:80 171.51.179.176 - - [08/May/2016:06:56:43 +0100] "GET /Research/noise_db/Steward_project2005.pdf HTTP/1.1" 302 535 "-" "Googlebot/2.1 (+http://www.google.com/bot.html)"
lemur.cmp.uea.ac.uk:80 75.33.201.115 - - [08/May/2016:06:57:46 +0100] "GET /~pc/bisection/gbprevised2col.pdf HTTP/1.1" 200 528314 "-" "Googlebot/2.1 (+http://www.google.com/bot.html)"
lemur.cmp.uea.ac.uk:80 233.113.235.19 - - [08/May/2016:06:58:34 +0100] "GET /~bjt/avsp2009/proc/papers/paper-22.pdf HTTP/1.1" 200 1003468 "-" "Mozilla/5.0 (compatible; bingbot/2.0; +http://www.bing.com/bingbot.htm)"
fizz.cmp.uea.ac.uk:80 55.187.71.4 - - [08/May/2016:06:58:38 +0100] "GET /Research/?project=17 HTTP/1.1" 302 456 "-" "Mozilla/5.0 (compatible; Baiduspider/2.0; +http://www.baidu.com/search/spider.html)"
lemur.cmp.uea.ac.uk:80 94.1.123.125 - - [08/May/2016:06:58:39 +0100] "GET /Research/?project=17 HTTP/1.1" 200 407 "-" "Mozilla/5.0 (compatible; Baiduspider/2.0; +http://www.baidu.com/search/spider.html)"
fizz.cmp.uea.ac.uk:80 156.53.200.217 - - [08/May/2016:06:59:19 +0100] "GET /dyndom/Subgroup.do?subgroupid=843_m HTTP/1.1" 200 2992 "-" "Mozilla/5.0 (Macintosh; Intel Mac OS X 10_10_1) AppleWebKit/600.2.5 (KHTML, like Gecko) Version/8.0.2 Safari/600.2.5 (Applebot/0.1; +http://www.apple.com/go/applebot)"
lemur.cmp.uea.ac.uk:80 113.168.5.193 - - [08/May/2016:06:59:36 +0100] "GET /~ajb/teaching/CMP2A23/JavaCD/Teaching/sys-1a4y/handouts/gcc/lecture6_3_per_page.pdf HTTP/1.1" 404 488 "-" "Googlebot/2.1 (+http://www.google.com/bot.html)"
lemur.cmp.uea.ac.uk:80 233.113.235.19 - - [08/May/2016:06:59:48 +0100] "GET /Research/compvis/ChromaticAdaptation/ChromaticAdaptation.htm HTTP/1.1" 200 3826 "-" "Mozilla/5.0 (compatible; bingbot/2.0; +http://www.bing.com/bingbot.htm)"
fizz.cmp.uea.ac.uk:80 124.80.17.188 - - [08/May/2016:06:59:58 +0100] "GET /dyndom/runDyndom.jsp;id=5841993B944A730692AD3305AA9036931 HTTP/1.1" 200 3058 "-" "Mozilla/5.0 (compatible; bingbot/2.0; +http://www.bing.com/bingbot.htm)"
lemur.cmp.uea.ac.uk:80 27.19.129.238 - - [08/May/2016:07:00:01 +0100] "GET /Research/compvis/ChromaticAdaptation/ChromaticAdaptation.css HTTP/1.1" 200 745 "-" "Mozilla/5.0 (compatible; bingbot/2.0; +http://www.bing.com/bingbot.htm)"
lemur.cmp.uea.ac.uk:80 233.171.191.186 - - [08/May/2016:07:00:09 +0100] "GET /.../manual.pdf HTTP/1.1" 403 386 "-" "Mozilla/5.0 (Windows NT 5.1; rv:6.0.2) Gecko/20100101 Firefox/6.0.2"
lemur.cmp.uea.ac.uk:80 76.195.63.251 - - [08/May/2016:07:01:04 +0100] "GET /Research/ivis/backup/PhD/Ronan%20iViS%20Stuff%20(Website)/bioontologyTrawl.pdf HTTP/1.1" 200 419413 "-" "Googlebot/2.1 (+http://www.google.com/bot.html)"
lemur.cmp.uea.ac.uk:80 75.33.201.115 - - [08/May/2016:07:01:20 +0100] "GET /~mhf/embedded/labs/sht2.pdf HTTP/1.1" 304 173 "-" "Mozilla/5.0 (compatible; Googlebot/2.1; +http://www.google.com/bot.html)"
lemur.cmp.uea.ac.uk:80 87.119.204.0 - - [08/May/2016:07:01:40 +0100] "GET /~jrk/conlang.dir/LongmanVocab.html HTTP/1.1" 200 8690 "http://matome.naver.jp/odai/2133146857434420801/2133146881134435003" "Mozilla/5.0 (compatible; MSIE 9.0; Windows NT 6.0; Trident/5.0)"
lemur.cmp.uea.ac.uk:80 87.119.204.0 - - [08/May/2016:07:01:41 +0100] "GET /favicon.ico HTTP/1.1" 403 420 "-" "Mozilla/5.0 (compatible; MSIE 9.0; Windows NT 6.0; Trident/5.0)"
fizz.cmp.uea.ac.uk:80 156.53.200.217 - - [08/May/2016:07:03:03 +0100] "GET / HTTP/1.1" 200 304 "-" "Mozilla/5.0 (Macintosh; Intel Mac OS X 10_10_1) AppleWebKit/600.2.5 (KHTML, like Gecko) Version/8.0.2 Safari/600.2.5 (Applebot/0.1; +http://www.apple.com/go/applebot)"
fizz.cmp.uea.ac.uk:80 156.53.200.217 - - [08/May/2016:07:03:04 +0100] "GET / HTTP/1.1" 200 303 "-" "Mozilla/5.0 (Macintosh; Intel Mac OS X 10_10_1) AppleWebKit/600.2.5 (KHTML, like Gecko) Version/8.0.2 Safari/600.2.5 (Applebot/0.1; +http://www.apple.com/go/applebot)"
fizz.cmp.uea.ac.uk:80 156.53.200.217 - - [08/May/2016:07:03:36 +0100] "GET / HTTP/1.1" 200 304 "-" "Mozilla/5.0 (Macintosh; Intel Mac OS X 10_10_1) AppleWebKit/600.2.5 (KHTML, like Gecko) Version/8.0.2 Safari/600.2.5 (Applebot/0.1; +http://www.apple.com/go/applebot)"
lemur.cmp.uea.ac.uk:80 88.195.221.128 - - [08/May/2016:07:04:03 +0100] "GET /wordpress/wp-admin/ HTTP/1.1" 403 391 "-" "-"
fizz.cmp.uea.ac.uk:80 207.75.210.174 - - [08/May/2016:07:04:13 +0100] "GET /Research/ HTTP/1.1" 302 434 "-" "Mozilla/5.0 (compatible; Baiduspider/2.0; +http://www.baidu.com/search/spider.html)"
lemur.cmp.uea.ac.uk:80 59.191.244.74 - - [08/May/2016:07:04:14 +0100] "GET /Research/ HTTP/1.1" 200 407 "-" "Mozilla/5.0 (compatible; Baiduspider/2.0; +http://www.baidu.com/search/spider.html)"
fizz.cmp.uea.ac.uk:80 156.53.200.217 - - [08/May/2016:07:04:59 +0100] "GET / HTTP/1.1" 200 304 "-" "Mozilla/5.0 (Macintosh; Intel Mac OS X 10_10_1) AppleWebKit/600.2.5 (KHTML, like Gecko) Version/8.0.2 Safari/600.2.5 (Applebot/0.1; +http://www.apple.com/go/applebot)"
fizz.cmp.uea.ac.uk:80 252.99.226.136 - - [08/May/2016:07:05:06 +0100] "GET /~jrk/conlang.dir/Ahua.html HTTP/1.1" 302 503 "http://www.google.com/m?q=water+language+comes+from+%3F&client=ms-opera-mini-android&channel=new" "Opera/9.80 (Android; Opera Mini/15.0.2125/37.8325; U; en) Presto/2.12.423 Version/12.16"
lemur.cmp.uea.ac.uk:80 252.99.226.136 - - [08/May/2016:07:05:06 +0100] "GET /~jrk/conlang.dir/Ahua.html HTTP/1.1" 200 4277 "http://www.google.com/m?q=water+language+comes+from+%3F&client=ms-opera-mini-android&channel=new" "Opera/9.80 (Android; Opera Mini/15.0.2125/37.8325; U; en) Presto/2.12.423 Version/12.16"
lemur.cmp.uea.ac.uk:80 252.99.226.136 - - [08/May/2016:07:05:06 +0100] "GET /favicon.ico HTTP/1.1" 403 419 "http://www2.cmp.uea.ac.uk/~jrk/conlang.dir/Ahua.html" "Opera/9.80 (Android; Opera Mini/15.0.2125/37.8325; U; en) Presto/2.12.423 Version/12.16"
lemur.cmp.uea.ac.uk:80 242.54.255.184 - - [08/May/2016:07:05:07 +0100] "GET /robots.txt HTTP/1.1" 403 363 "-" "Mozilla/5.0 (compatible; Yahoo! Slurp; http://help.yahoo.com/help/us/ysearch/slurp)"
lemur.cmp.uea.ac.uk:80 242.54.255.184 - - [08/May/2016:07:05:07 +0100] "GET / HTTP/1.1" 403 353 "-" "Mozilla/5.0 (compatible; Yahoo! Slurp; http://help.yahoo.com/help/us/ysearch/slurp)"
fizz.cmp.uea.ac.uk:80 156.53.200.217 - - [08/May/2016:07:05:21 +0100] "GET / HTTP/1.1" 200 304 "-" "Mozilla/5.0 (Macintosh; Intel Mac OS X 10_10_1) AppleWebKit/600.2.5 (KHTML, like Gecko) Version/8.0.2 Safari/600.2.5 (Applebot/0.1; +http://www.apple.com/go/applebot)"
lemur.cmp.uea.ac.uk:80 27.241.140.48 - - [08/May/2016:07:05:21 +0100] "GET /~yl/pubs/ijcnn.pdf HTTP/1.1" 403 390 "-" "Mozilla/5.0 (Windows NT 5.1; rv:6.0.2) Gecko/20100101 Firefox/6.0.2"
fizz.cmp.uea.ac.uk:80 156.53.200.217 - - [08/May/2016:07:05:33 +0100] "GET / HTTP/1.1" 200 304 "-" "Mozilla/5.0 (Macintosh; Intel Mac OS X 10_10_1) AppleWebKit/600.2.5 (KHTML, like Gecko) Version/8.0.2 Safari/600.2.5 (Applebot/0.1; +http://www.apple.com/go/applebot)"
lemur.cmp.uea.ac.uk:80 113.168.5.193 - - [08/May/2016:07:05:37 +0100] "GET /Research/compvis/Metamerism/Metamerism.htm HTTP/1.1" 304 172 "-" "Mozilla/5.0 (compatible; Googlebot/2.1; +http://www.google.com/bot.html)"
lemur.cmp.uea.ac.uk:80 187.3.86.71 - - [08/May/2016:07:05:48 +0100] "GET /Research/stemmer/UEAstem.jar HTTP/1.0" 200 132917 "-" "Mozilla/5.0 (Windows NT 6.1) AppleWebKit/537.36 (KHTML, like Gecko) Chrome/41.0.2228.0 Safari/537.36"
lemur.cmp.uea.ac.uk:80 87.159.204.13 - - [08/May/2016:07:06:58 +0100] "GET /~sjc/ HTTP/1.1" 200 26128 "-" "Mozilla/5.0 (Windows NT 6.1; WOW64) AppleWebKit/537.36 (KHTML, like Gecko) Chrome/27.0.1453.93 Safari/537.36"
lemur.cmp.uea.ac.uk:80 2.167.26.144 - - [08/May/2016:07:07:00 +0100] "GET /~jrk/wwwvrml.dir/public-vrml/VRMLLECTURE/Demo0-Juggling/casc3c2.wrl HTTP/1.1" 304 173 "-" "Mozilla/5.0 (compatible; bingbot/2.0; +http://www.bing.com/bingbot.htm)"
fizz.cmp.uea.ac.uk:80 195.160.199.157 - - [08/May/2016:07:07:19 +0100] "GET /dyndom/dyndomSearch.jsp?type=NR&id=0DED9CB4BEF174D60C07BCDD3B7C9CF91 HTTP/1.1" 200 2457 "-" "Mozilla/5.0 (compatible; Yahoo! Slurp; http://help.yahoo.com/help/us/ysearch/slurp)"
fizz.cmp.uea.ac.uk:80 156.53.200.217 - - [08/May/2016:07:07:53 +0100] "GET / HTTP/1.1" 200 304 "-" "Mozilla/5.0 (Macintosh; Intel Mac OS X 10_10_1) AppleWebKit/600.2.5 (KHTML, like Gecko) Version/8.0.2 Safari/600.2.5 (Applebot/0.1; +http://www.apple.com/go/applebot)"
lemur.cmp.uea.ac.uk:80 86.49.130.72 - - [08/May/2016:07:08:28 +0100] "GET /cmp/staffweb/Committee/EAC/EAAgenda30June03.pdf HTTP/1.1" 403 419 "-" "Mozilla/5.0 (Windows NT 5.1; rv:6.0.2) Gecko/20100101 Firefox/6.0.2"
lemur.cmp.uea.ac.uk:80 188.104.201.180 - - [08/May/2016:07:08:36 +0100] "GET /cmp/staffweb/Information/lost_touch_and_deceased.pdf HTTP/1.1" 403 424 "-" "Mozilla/5.0 (Windows NT 5.1; rv:6.0.2) Gecko/20100101 Firefox/6.0.2"
fizz.cmp.uea.ac.uk:80 156.53.200.217 - - [08/May/2016:07:08:48 +0100] "GET /dyndom/Subgroup.do?subgroupid=716_m HTTP/1.1" 200 3124 "-" "Mozilla/5.0 (Macintosh; Intel Mac OS X 10_10_1) AppleWebKit/600.2.5 (KHTML, like Gecko) Version/8.0.2 Safari/600.2.5 (Applebot/0.1; +http://www.apple.com/go/applebot)"
fizz.cmp.uea.ac.uk:80 156.53.200.217 - - [08/May/2016:07:08:48 +0100] "GET / HTTP/1.1" 200 303 "-" "Mozilla/5.0 (Macintosh; Intel Mac OS X 10_10_1) AppleWebKit/600.2.5 (KHTML, like Gecko) Version/8.0.2 Safari/600.2.5 (Applebot/0.1; +http://www.apple.com/go/applebot)"
fizz.cmp.uea.ac.uk:80 39.14.182.152 - - [08/May/2016:07:08:50 +0100] "GET /Research/kdd/files/ajb/proofCopy.pdf HTTP/1.1" 302 525 "-" "Googlebot/2.1 (+http://www.google.com/bot.html)"
lemur.cmp.uea.ac.uk:80 222.131.15.163 - - [08/May/2016:07:09:01 +0100] "GET /~jrk/conlang.html HTTP/1.1" 200 78847 "-" "Mozilla/5.0 (Linux; Android 6.0.1; Nexus 5X Build/MMB29P) AppleWebKit/537.36 (KHTML, like Gecko) Chrome/41.0.2272.96 Mobile Safari/537.36 (compatible; Googlebot/2.1; +http://www.google.com/bot.html)"
lemur.cmp.uea.ac.uk:80 151.199.111.146 - - [08/May/2016:07:09:06 +0100] "GET /Research/kdd/files/ajb/proofCopy.pdf HTTP/1.1" 302 483 "-" "Googlebot/2.1 (+http://www.google.com/bot.html)"
lemur.cmp.uea.ac.uk:80 222.131.15.163 - - [08/May/2016:07:09:55 +0100] "GET /~mhf/placements/actuarial.htm HTTP/1.1" 304 172 "-" "Mozilla/5.0 (compatible; Googlebot/2.1; +http://www.google.com/bot.html)"
fizz.cmp.uea.ac.uk:80 94.132.83.75 - - [08/May/2016:07:10:17 +0100] "GET /dyndom/class16/DNAPO12R1_DCG.png HTTP/1.1" 304 174 "-" "Mozilla/5.0 (compatible; YandexImages/3.0; +http://yandex.com/bots)"
fizz.cmp.uea.ac.uk:80 94.132.83.75 - - [08/May/2016:07:10:20 +0100] "GET /dyndom/class16/UDPNA6R1_barchart.png HTTP/1.1" 304 173 "-" "Mozilla/5.0 (compatible; YandexImages/3.0; +http://yandex.com/bots)"
lemur.cmp.uea.ac.uk:80 94.132.83.75 - - [08/May/2016:07:10:22 +0100] "GET /~djs/photos/members/user_images/17/20/169/1122932977697.jpg HTTP/1.1" 200 56016 "-" "Mozilla/5.0 (compatible; YandexImages/3.0; +http://yandex.com/bots)"
lemur.cmp.uea.ac.uk:80 75.33.201.115 - - [08/May/2016:07:10:22 +0100] "GET /~templar/msjthesis.ps.gz HTTP/1.1" 403 433 "-" "Googlebot/2.1 (+http://www.google.com/bot.html)"
lemur.cmp.uea.ac.uk:80 137.82.152.134 - - [08/May/2016:07:10:24 +0100] "GET /Research/mammores/images/leftBreast2small.gif HTTP/1.1" 200 52449 "-" "Mozilla/5.0 (compatible; YandexImages/3.0; +http://yandex.com/bots)"
fizz.cmp.uea.ac.uk:80 94.132.83.75 - - [08/May/2016:07:10:24 +0100] "GET /dyndom/class16/FABLI1R1_DCG.png HTTP/1.1" 304 173 "-" "Mozilla/5.0 (compatible; YandexImages/3.0; +http://yandex.com/bots)"
fizz.cmp.uea.ac.uk:80 94.132.83.75 - - [08/May/2016:07:10:27 +0100] "GET /dyndom/class16/KDACH3R1_DCG.png HTTP/1.1" 304 173 "-" "Mozilla/5.0 (compatible; YandexImages/3.0; +http://yandex.com/bots)"
fizz.cmp.uea.ac.uk:80 94.132.83.75 - - [08/May/2016:07:10:30 +0100] "GET /dyndom/class16/PERIP1R1_DCG.png HTTP/1.1" 304 173 "-" "Mozilla/5.0 (compatible; YandexImages/3.0; +http://yandex.com/bots)"
lemur.cmp.uea.ac.uk:80 94.132.83.75 - - [08/May/2016:07:10:32 +0100] "GET /~ajb/Pictures/Holidays/Kenya/nairobi.jpg HTTP/1.1" 304 172 "-" "Mozilla/5.0 (compatible; YandexImages/3.0; +http://yandex.com/bots)"
fizz.cmp.uea.ac.uk:80 94.132.83.75 - - [08/May/2016:07:10:34 +0100] "GET /dyndom/class16/DLACT1R2_barchart.png HTTP/1.1" 304 173 "-" "Mozilla/5.0 (compatible; YandexImages/3.0; +http://yandex.com/bots)"
lemur.cmp.uea.ac.uk:80 222.131.15.163 - - [08/May/2016:07:10:36 +0100] "GET /Research/compvis/Papers/SussFredHolmFin_ICIS02.pdf HTTP/1.1" 200 137192 "-" "Googlebot/2.1 (+http://www.google.com/bot.html)"
fizz.cmp.uea.ac.uk:80 94.132.83.75 - - [08/May/2016:07:10:37 +0100] "GET /dyndom/class16/ORNIT2R1_barchart.png HTTP/1.1" 304 173 "-" "Mozilla/5.0 (compatible; YandexImages/3.0; +http://yandex.com/bots)"
fizz.cmp.uea.ac.uk:80 94.132.83.75 - - [08/May/2016:07:10:40 +0100] "GET /dyndom/class16/DNADI3R1_barchart.png HTTP/1.1" 304 173 "-" "Mozilla/5.0 (compatible; YandexImages/3.0; +http://yandex.com/bots)"
lemur.cmp.uea.ac.uk:80 137.82.152.134 - - [08/May/2016:07:10:41 +0100] "GET /~djs/photos/members/user_images/5/8/14/thumb_DSCN1787.JPG HTTP/1.1" 200 3817 "-" "Mozilla/5.0 (compatible; YandexImages/3.0; +http://yandex.com/bots)"
fizz.cmp.uea.ac.uk:80 94.132.83.75 - - [08/May/2016:07:10:43 +0100] "GET /dyndom/class16/PRECU1R1_DCG.png HTTP/1.1" 304 173 "-" "Mozilla/5.0 (compatible; YandexImages/3.0; +http://yandex.com/bots)"
fizz.cmp.uea.ac.uk:80 94.132.83.75 - - [08/May/2016:07:10:46 +0100] "GET /dyndom/class16/COREP1R1_DCG.png HTTP/1.1" 304 174 "-" "Mozilla/5.0 (compatible; YandexImages/3.0; +http://yandex.com/bots)"
fizz.cmp.uea.ac.uk:80 94.132.83.75 - - [08/May/2016:07:10:49 +0100] "GET /dyndom/class16/RHOA_1R1_barchart.png HTTP/1.1" 304 173 "-" "Mozilla/5.0 (compatible; YandexImages/3.0; +http://yandex.com/bots)"
fizz.cmp.uea.ac.uk:80 94.132.83.75 - - [08/May/2016:07:10:52 +0100] "GET /dyndom/class16/DNAPO3R1_barchart.png HTTP/1.1" 304 173 "-" "Mozilla/5.0 (compatible; YandexImages/3.0; +http://yandex.com/bots)"
fizz.cmp.uea.ac.uk:80 94.132.83.75 - - [08/May/2016:07:10:56 +0100] "GET /dyndom/class16/ALPHA3R1_DCG.png HTTP/1.1" 304 174 "-" "Mozilla/5.0 (compatible; YandexImages/3.0; +http://yandex.com/bots)"
fizz.cmp.uea.ac.uk:80 94.132.83.75 - - [08/May/2016:07:10:59 +0100] "GET /dyndom/class16/HYPOT5R4_DCG.png HTTP/1.1" 304 173 "-" "Mozilla/5.0 (compatible; YandexImages/3.0; +http://yandex.com/bots)"
fizz.cmp.uea.ac.uk:80 94.132.83.75 - - [08/May/2016:07:11:02 +0100] "GET /dyndom/class16/PEROX2R1_DCG.png HTTP/1.1" 304 174 "-" "Mozilla/5.0 (compatible; YandexImages/3.0; +http://yandex.com/bots)"
fizz.cmp.uea.ac.uk:80 94.132.83.75 - - [08/May/2016:07:11:05 +0100] "GET /dyndom/class16/TRNAN1R2_DCG.png HTTP/1.1" 304 173 "-" "Mozilla/5.0 (compatible; YandexImages/3.0; +http://yandex.com/bots)"
fizz.cmp.uea.ac.uk:80 94.132.83.75 - - [08/May/2016:07:11:08 +0100] "GET /dyndom/class16/PEROX2R1_barchart.png HTTP/1.1" 304 173 "-" "Mozilla/5.0 (compatible; YandexImages/3.0; +http://yandex.com/bots)"
fizz.cmp.uea.ac.uk:80 94.132.83.75 - - [08/May/2016:07:11:10 +0100] "GET /dyndom/class16/NITRI2R2_barchart.png HTTP/1.1" 304 173 "-" "Mozilla/5.0 (compatible; YandexImages/3.0; +http://yandex.com/bots)"
lemur.cmp.uea.ac.uk:80 226.116.117.98 - - [08/May/2016:07:11:13 +0100] "GET //wp-admin/admin-ajax.php?action=revslider_show_image&img=../wp-config.php HTTP/1.1" 403 395 "-" "Mozilla/5.0 (Windows; U; Windows NT 5.1; en-US; rv:1.9.2) Gecko/20100115 Firefox/3.6"
lemur.cmp.uea.ac.uk:80 226.116.117.98 - - [08/May/2016:07:11:13 +0100] "GET /~jrwg/eSIGN//wp-admin/admin-ajax.php?action=revslider_show_image&img=../wp-config.php HTTP/1.1" 404 404 "-" "Mozilla/5.0 (Windows; U; Windows NT 5.1; en-US; rv:1.9.2) Gecko/20100115 Firefox/3.6"
fizz.cmp.uea.ac.uk:80 94.132.83.75 - - [08/May/2016:07:11:13 +0100] "GET /dyndom/class16/PHOSP18R1_DCG.png HTTP/1.1" 304 174 "-" "Mozilla/5.0 (compatible; YandexImages/3.0; +http://yandex.com/bots)"
fizz.cmp.uea.ac.uk:80 94.132.83.75 - - [08/May/2016:07:11:16 +0100] "GET /dyndom/class16/PLASM4R2_barchart.png HTTP/1.1" 304 173 "-" "Mozilla/5.0 (compatible; YandexImages/3.0; +http://yandex.com/bots)"
fizz.cmp.uea.ac.uk:80 94.132.83.75 - - [08/May/2016:07:11:19 +0100] "GET /dyndom/class16/ASPAR8R1_DCG.png HTTP/1.1" 304 173 "-" "Mozilla/5.0 (compatible; YandexImages/3.0; +http://yandex.com/bots)"
fizz.cmp.uea.ac.uk:80 94.132.83.75 - - [08/May/2016:07:11:22 +0100] "GET /dyndom/class16/NONTO2R1_DCG.png HTTP/1.1" 304 173 "-" "Mozilla/5.0 (compatible; YandexImages/3.0; +http://yandex.com/bots)"
fizz.cmp.uea.ac.uk:80 156.53.200.217 - - [08/May/2016:07:11:24 +0100] "GET / HTTP/1.1" 200 304 "-" "Mozilla/5.0 (Macintosh; Intel Mac OS X 10_10_1) AppleWebKit/600.2.5 (KHTML, like Gecko) Version/8.0.2 Safari/600.2.5 (Applebot/0.1; +http://www.apple.com/go/applebot)"
fizz.cmp.uea.ac.uk:80 94.132.83.75 - - [08/May/2016:07:11:25 +0100] "GET /dyndom/class16/SEROT1R2_DCG.png HTTP/1.1" 304 173 "-" "Mozilla/5.0 (compatible; YandexImages/3.0; +http://yandex.com/bots)"
fizz.cmp.uea.ac.uk:80 94.132.83.75 - - [08/May/2016:07:11:28 +0100] "GET /dyndom/class16/BISPH2R1_barchart.png HTTP/1.1" 304 173 "-" "Mozilla/5.0 (compatible; YandexImages/3.0; +http://yandex.com/bots)"
fizz.cmp.uea.ac.uk:80 94.132.83.75 - - [08/May/2016:07:11:30 +0100] "GET /dyndom/class16/ATPSY6R1_DCG.png HTTP/1.1" 304 174 "-" "Mozilla/5.0 (compatible; YandexImages/3.0; +http://yandex.com/bots)"
lemur.cmp.uea.ac.uk:80 75.33.201.115 - - [08/May/2016:07:11:33 +0100] "GET /~jrk/visicast/rk-gw2003.pdf HTTP/1.1" 200 329126 "-" "Googlebot/2.1 (+http://www.google.com/bot.html)"
fizz.cmp.uea.ac.uk:80 94.132.83.75 - - [08/May/2016:07:11:33 +0100] "GET /dyndom/class16/KDACH3R1_barchart.png HTTP/1.1" 304 173 "-" "Mozilla/5.0 (compatible; YandexImages/3.0; +http://yandex.com/bots)"
fizz.cmp.uea.ac.uk:80 94.132.83.75 - - [08/May/2016:07:11:36 +0100] "GET /dyndom/class16/HEMIN1R1_barchart.png HTTP/1.1" 304 173 "-" "Mozilla/5.0 (compatible; YandexImages/3.0; +http://yandex.com/bots)"
fizz.cmp.uea.ac.uk:80 94.132.83.75 - - [08/May/2016:07:11:39 +0100] "GET /dyndom/class16/WINDB1R1_DCG.png HTTP/1.1" 304 173 "-" "Mozilla/5.0 (compatible; YandexImages/3.0; +http://yandex.com/bots)"
fizz.cmp.uea.ac.uk:80 94.132.83.75 - - [08/May/2016:07:11:41 +0100] "GET /dyndom/class16/COREP1R1_barchart.png HTTP/1.1" 304 173 "-" "Mozilla/5.0 (compatible; YandexImages/3.0; +http://yandex.com/bots)"
fizz.cmp.uea.ac.uk:80 94.132.83.75 - - [08/May/2016:07:11:44 +0100] "GET /dyndom/interface/images/spacer.gif HTTP/1.1" 404 1220 "-" "Mozilla/5.0 (compatible; YandexImages/3.0; +http://yandex.com/bots)"
fizz.cmp.uea.ac.uk:80 94.132.83.75 - - [08/May/2016:07:11:47 +0100] "GET /dyndom/class16/ECORV1R1_DCG.png HTTP/1.1" 304 173 "-" "Mozilla/5.0 (compatible; YandexImages/3.0; +http://yandex.com/bots)"
lemur.cmp.uea.ac.uk:80 222.131.15.163 - - [08/May/2016:07:11:48 +0100] "GET /~jrwg/ForZurab/Papers/97%20TTTRS/MinOptChap.ps.Z HTTP/1.1" 200 132359 "-" "Googlebot/2.1 (+http://www.google.com/bot.html)"
fizz.cmp.uea.ac.uk:80 94.132.83.75 - - [08/May/2016:07:11:50 +0100] "GET /dyndom/class16/MULTI2R2_DCG.png HTTP/1.1" 304 173 "-" "Mozilla/5.0 (compatible; YandexImages/3.0; +http://yandex.com/bots)"
fizz.cmp.uea.ac.uk:80 94.132.83.75 - - [08/May/2016:07:11:52 +0100] "GET /dyndom/class16/GLUTA3R2_barchart.png HTTP/1.1" 304 173 "-" "Mozilla/5.0 (compatible; YandexImages/3.0; +http://yandex.com/bots)"
fizz.cmp.uea.ac.uk:80 94.132.83.75 - - [08/May/2016:07:11:55 +0100] "GET /dyndom/class16/TELOM1R1_barchart.png HTTP/1.1" 304 173 "-" "Mozilla/5.0 (compatible; YandexImages/3.0; +http://yandex.com/bots)"
lemur.cmp.uea.ac.uk:80 2.167.26.144 - - [08/May/2016:07:11:57 +0100] "GET /~wjw/dmscourse/talks/wekatutorial.pdf HTTP/1.1" 404 442 "-" "Mozilla/5.0 (iPhone; CPU iPhone OS 7_0 like Mac OS X) AppleWebKit/537.51.1 (KHTML, like Gecko) Version/7.0 Mobile/11A465 Safari/9537.53 (compatible; bingbot/2.0; +http://www.bing.com/bingbot.htm)"
fizz.cmp.uea.ac.uk:80 94.132.83.75 - - [08/May/2016:07:11:57 +0100] "GET /dyndom/class16/KETOL1R2_barchart.png HTTP/1.1" 304 173 "-" "Mozilla/5.0 (compatible; YandexImages/3.0; +http://yandex.com/bots)"
fizz.cmp.uea.ac.uk:80 94.132.83.75 - - [08/May/2016:07:12:00 +0100] "GET /dyndom/class16/POLYP2R2_barchart.png HTTP/1.1" 304 173 "-" "Mozilla/5.0 (compatible; YandexImages/3.0; +http://yandex.com/bots)"
fizz.cmp.uea.ac.uk:80 94.132.83.75 - - [08/May/2016:07:12:03 +0100] "GET /dyndom/class16/FABGL2R1_barchart.png HTTP/1.1" 304 173 "-" "Mozilla/5.0 (compatible; YandexImages/3.0; +http://yandex.com/bots)"
fizz.cmp.uea.ac.uk:80 94.132.83.75 - - [08/May/2016:07:12:05 +0100] "GET /dyndom/class16/FERRI1R1_DCG.png HTTP/1.1" 304 173 "-" "Mozilla/5.0 (compatible; YandexImages/3.0; +http://yandex.com/bots)"
fizz.cmp.uea.ac.uk:80 94.132.83.75 - - [08/May/2016:07:12:08 +0100] "GET /dyndom/class16/CHAPE2R1_barchart.png HTTP/1.1" 304 173 "-" "Mozilla/5.0 (compatible; YandexImages/3.0; +http://yandex.com/bots)"
fizz.cmp.uea.ac.uk:80 94.132.83.75 - - [08/May/2016:07:12:10 +0100] "GET /dyndom/class16/INITI1R1_DCG.png HTTP/1.1" 304 173 "-" "Mozilla/5.0 (compatible; YandexImages/3.0; +http://yandex.com/bots)"
fizz.cmp.uea.ac.uk:80 94.132.83.75 - - [08/May/2016:07:12:13 +0100] "GET /dyndom/class16/CALMO3R1_barchart.png HTTP/1.1" 304 173 "-" "Mozilla/5.0 (compatible; YandexImages/3.0; +http://yandex.com/bots)"
fizz.cmp.uea.ac.uk:80 94.132.83.75 - - [08/May/2016:07:12:15 +0100] "GET /dyndom/class16/HEPAT2R1_DCG.png HTTP/1.1" 304 173 "-" "Mozilla/5.0 (compatible; YandexImages/3.0; +http://yandex.com/bots)"
fizz.cmp.uea.ac.uk:80 94.132.83.75 - - [08/May/2016:07:12:18 +0100] "GET /dyndom/class16/GLYCE5R1_DCG.png HTTP/1.1" 304 173 "-" "Mozilla/5.0 (compatible; YandexImages/3.0; +http://yandex.com/bots)"
fizz.cmp.uea.ac.uk:80 156.53.200.217 - - [08/May/2016:07:12:18 +0100] "GET / HTTP/1.1" 200 304 "-" "Mozilla/5.0 (Macintosh; Intel Mac OS X 10_10_1) AppleWebKit/600.2.5 (KHTML, like Gecko) Version/8.0.2 Safari/600.2.5 (Applebot/0.1; +http://www.apple.com/go/applebot)"
lemur.cmp.uea.ac.uk:80 105.87.8.182 - - [08/May/2016:07:12:19 +0100] "GET /blog/wp-admin/ HTTP/1.1" 403 386 "-" "-"
fizz.cmp.uea.ac.uk:80 94.132.83.75 - - [08/May/2016:07:12:20 +0100] "GET /dyndom/class16/ALPHA2R1_DCG.png HTTP/1.1" 304 173 "-" "Mozilla/5.0 (compatible; YandexImages/3.0; +http://yandex.com/bots)"
fizz.cmp.uea.ac.uk:80 94.132.83.75 - - [08/May/2016:07:12:23 +0100] "GET /dyndom/class16/EOSIN2R1_DCG.png HTTP/1.1" 304 173 "-" "Mozilla/5.0 (compatible; YandexImages/3.0; +http://yandex.com/bots)"
fizz.cmp.uea.ac.uk:80 94.132.83.75 - - [08/May/2016:07:12:25 +0100] "GET /dyndom/class16/SEROT1R2_barchart.png HTTP/1.1" 304 173 "-" "Mozilla/5.0 (compatible; YandexImages/3.0; +http://yandex.com/bots)"
fizz.cmp.uea.ac.uk:80 94.132.83.75 - - [08/May/2016:07:12:28 +0100] "GET /dyndom/class16/ANTIT1R1_barchart.png HTTP/1.1" 304 173 "-" "Mozilla/5.0 (compatible; YandexImages/3.0; +http://yandex.com/bots)"
fizz.cmp.uea.ac.uk:80 94.132.83.75 - - [08/May/2016:07:12:30 +0100] "GET /dyndom/class16/DEATH1R1_barchart.png HTTP/1.1" 304 173 "-" "Mozilla/5.0 (compatible; YandexImages/3.0; +http://yandex.com/bots)"
fizz.cmp.uea.ac.uk:80 94.132.83.75 - - [08/May/2016:07:12:32 +0100] "GET /dyndom/class16/ANTIL1R1_barchart.png HTTP/1.1" 304 173 "-" "Mozilla/5.0 (compatible; YandexImages/3.0; +http://yandex.com/bots)"
fizz.cmp.uea.ac.uk:80 94.132.83.75 - - [08/May/2016:07:12:35 +0100] "GET /dyndom/class16/TCELL1R1_barchart.png HTTP/1.1" 304 173 "-" "Mozilla/5.0 (compatible; YandexImages/3.0; +http://yandex.com/bots)"
lemur.cmp.uea.ac.uk:80 151.199.111.146 - - [08/May/2016:07:12:35 +0100] "GET /Research/ivis/papers/unsorted/agarwal95cellular.pdf HTTP/1.1" 200 302473 "-" "Googlebot/2.1 (+http://www.google.com/bot.html)"
fizz.cmp.uea.ac.uk:80 94.132.83.75 - - [08/May/2016:07:12:37 +0100] "GET /dyndom/class16/MACRO1R1_barchart.png HTTP/1.1" 304 173 "-" "Mozilla/5.0 (compatible; YandexImages/3.0; +http://yandex.com/bots)"
fizz.cmp.uea.ac.uk:80 94.132.83.75 - - [08/May/2016:07:12:39 +0100] "GET /dyndom/class16/LIPAS2R1_barchart.png HTTP/1.1" 304 173 "-" "Mozilla/5.0 (compatible; YandexImages/3.0; +http://yandex.com/bots)"
fizz.cmp.uea.ac.uk:80 94.132.83.75 - - [08/May/2016:07:12:42 +0100] "GET /dyndom/class16/GENER3R2_barchart.png HTTP/1.1" 304 173 "-" "Mozilla/5.0 (compatible; YandexImages/3.0; +http://yandex.com/bots)"
fizz.cmp.uea.ac.uk:80 94.132.83.75 - - [08/May/2016:07:12:44 +0100] "GET /dyndom/class16/CONSE1R3_barchart.png HTTP/1.1" 304 173 "-" "Mozilla/5.0 (compatible; YandexImages/3.0; +http://yandex.com/bots)"
fizz.cmp.uea.ac.uk:80 94.132.83.75 - - [08/May/2016:07:12:46 +0100] "GET /dyndom/class16/UROKI2R1_DCG.png HTTP/1.1" 304 173 "-" "Mozilla/5.0 (compatible; YandexImages/3.0; +http://yandex.com/bots)"
fizz.cmp.uea.ac.uk:80 94.132.83.75 - - [08/May/2016:07:12:49 +0100] "GET /dyndom/class16/RIBOS8R2_DCG.png HTTP/1.1" 304 173 "-" "Mozilla/5.0 (compatible; YandexImages/3.0; +http://yandex.com/bots)"
fizz.cmp.uea.ac.uk:80 94.132.83.75 - - [08/May/2016:07:12:51 +0100] "GET /dyndom/class16/AMINO3R1_DCG.png HTTP/1.1" 304 174 "-" "Mozilla/5.0 (compatible; YandexImages/3.0; +http://yandex.com/bots)"
fizz.cmp.uea.ac.uk:80 94.132.83.75 - - [08/May/2016:07:12:53 +0100] "GET /dyndom/class16/NAGKP1R2_DCG.png HTTP/1.1" 304 173 "-" "Mozilla/5.0 (compatible; YandexImages/3.0; +http://yandex.com/bots)"
fizz.cmp.uea.ac.uk:80 94.132.83.75 - - [08/May/2016:07:12:56 +0100] "GET /dyndom/class16/CHEMO1R2_barchart.png HTTP/1.1" 304 173 "-" "Mozilla/5.0 (compatible; YandexImages/3.0; +http://yandex.com/bots)"
fizz.cmp.uea.ac.uk:80 94.132.83.75 - - [08/May/2016:07:12:58 +0100] "GET /dyndom/class16/INTEG2R1_barchart.png HTTP/1.1" 304 173 "-" "Mozilla/5.0 (compatible; YandexImages/3.0; +http://yandex.com/bots)"
fizz.cmp.uea.ac.uk:80 94.132.83.75 - - [08/May/2016:07:13:00 +0100] "GET /dyndom/class16/DIPHT1R1_DCG.png HTTP/1.1" 304 174 "-" "Mozilla/5.0 (compatible; YandexImages/3.0; +http://yandex.com/bots)"
fizz.cmp.uea.ac.uk:80 94.132.83.75 - - [08/May/2016:07:13:02 +0100] "GET /dyndom/class16/FABHE2R1_barchart.png HTTP/1.1" 304 173 "-" "Mozilla/5.0 (compatible; YandexImages/3.0; +http://yandex.com/bots)"
fizz.cmp.uea.ac.uk:80 94.132.83.75 - - [08/May/2016:07:13:04 +0100] "GET /dyndom/class16/EUKAR1R1_DCG.png HTTP/1.1" 304 173 "-" "Mozilla/5.0 (compatible; YandexImages/3.0; +http://yandex.com/bots)"
fizz.cmp.uea.ac.uk:80 94.132.83.75 - - [08/May/2016:07:13:07 +0100] "GET /dyndom/class16/HEXOK2R1_barchart.png HTTP/1.1" 304 173 "-" "Mozilla/5.0 (compatible; YandexImages/3.0; +http://yandex.com/bots)"
fizz.cmp.uea.ac.uk:80 94.132.83.75 - - [08/May/2016:07:13:09 +0100] "GET /dyndom/class16/PROTE20R2_barchart.png HTTP/1.1" 304 173 "-" "Mozilla/5.0 (compatible; YandexImages/3.0; +http://yandex.com/bots)"
lemur.cmp.uea.ac.uk:80 52.45.145.172 - - [08/May/2016:07:13:11 +0100] "GET /Research/compvis/Papers/HorFinMor_ICIG04.pdf HTTP/1.1" 200 145211 "-" "Mozilla/5.0 (compatible; Google AppsViewer; http://drive.google.com)"
fizz.cmp.uea.ac.uk:80 94.132.83.75 - - [08/May/2016:07:13:11 +0100] "GET /dyndom/class16/GLYCO3R1_barchart.png HTTP/1.1" 304 173 "-" "Mozilla/5.0 (compatible; YandexImages/3.0; +http://yandex.com/bots)"
fizz.cmp.uea.ac.uk:80 94.132.83.75 - - [08/May/2016:07:13:13 +0100] "GET /dyndom/class16/NICOT2R1_DCG.png HTTP/1.1" 304 173 "-" "Mozilla/5.0 (compatible; YandexImages/3.0; +http://yandex.com/bots)"
fizz.cmp.uea.ac.uk:80 94.132.83.75 - - [08/May/2016:07:13:15 +0100] "GET /dyndom/class16/GTPPY1R1_barchart.png HTTP/1.1" 304 173 "-" "Mozilla/5.0 (compatible; YandexImages/3.0; +http://yandex.com/bots)"
fizz.cmp.uea.ac.uk:80 94.132.83.75 - - [08/May/2016:07:13:18 +0100] "GET /dyndom/class16/C____1R1_barchart.png HTTP/1.1" 304 173 "-" "Mozilla/5.0 (compatible; YandexImages/3.0; +http://yandex.com/bots)"
