lemur.cmp.uea.ac.uk:80 113.168.5.193 - - [08/May/2016:07:13:17 +0100] "GET /~rjal/Miccai2004_AMI.pdf HTTP/1.1" 200 1030417 "-" "Googlebot/2.1 (+http://www.google.com/bot.html)"
fizz.cmp.uea.ac.uk:80 156.53.200.217 - - [08/May/2016:07:13:18 +0100] "GET / HTTP/1.1" 200 304 "-" "Mozilla/5.0 (Macintosh; Intel Mac OS X 10_10_1) AppleWebKit/600.2.5 (KHTML, like Gecko) Version/8.0.2 Safari/600.2.5 (Applebot/0.1; +http://www.apple.com/go/applebot)"
fizz.cmp.uea.ac.uk:80 94.132.83.75 - - [08/May/2016:07:13:20 +0100] "GET /dyndom/class16/METHI1R2_barchart.png HTTP/1.1" 304 173 "-" "Mozilla/5.0 (compatible; YandexImages/3.0; +http://yandex.com/bots)"
fizz.cmp.uea.ac.uk:80 117.82.223.154 - - [08/May/2016:07:13:21 +0100] "GET /dyndom/familySearch.jsp?id=8CB690EC6D18145F6BE7B7E945B037EE1 HTTP/1.1" 200 11415 "-" "Mozilla/5.0 (compatible; DotBot/1.1; http://www.opensiteexplorer.org/dotbot, help@moz.com)"
fizz.cmp.uea.ac.uk:80 117.82.223.154 - - [08/May/2016:07:13:24 +0100] "GET /dyndom/runDescription.do?counter=1&id=783588EC72ED73B8D5601C4EAA9E20D0 HTTP/1.1" 200 18813 "-" "Mozilla/5.0 (compatible; DotBot/1.1; http://www.opensiteexplorer.org/dotbot, help@moz.com)"
lemur.cmp.uea.ac.uk:80 76.195.63.251 - - [08/May/2016:07:13:29 +0100] "GET /Research/noise_db/MaSmithMilnerDEXA03.pdf HTTP/1.1" 200 261301 "-" "Googlebot/2.1 (+http://www.google.com/bot.html)"
lemur.cmp.uea.ac.uk:80 94.132.83.75 - - [08/May/2016:07:13:40 +0100] "GET /~djs/photos/members/user_images/5/8/14/DSCN1787.JPG HTTP/1.1" 200 565834 "-" "Mozilla/5.0 (compatible; YandexImages/3.0; +http://yandex.com/bots)"
lemur.cmp.uea.ac.uk:80 137.82.152.134 - - [08/May/2016:07:13:41 +0100] "GET /Research/cbg/Documents/Bangham-Coen-Group/AAMToolbox/AAMToolbox_files/image003.jpg HTTP/1.1" 200 1217 "-" "Mozilla/5.0 (compatible; YandexImages/3.0; +http://yandex.com/bots)"
lemur.cmp.uea.ac.uk:80 222.131.15.163 - - [08/May/2016:07:13:45 +0100] "GET /~ajb/Teaching/CMP2A23/JavaCD/Teaching/sys-1a4y/handouts/gcc/lecture1_2_per_page.pdf HTTP/1.1" 200 44924 "-" "Googlebot/2.1 (+http://www.google.com/bot.html)"
fizz.cmp.uea.ac.uk:80 94.132.83.75 - - [08/May/2016:07:13:46 +0100] "GET /dyndom/class16/IMMUN4R1_DCG.png HTTP/1.1" 304 174 "-" "Mozilla/5.0 (compatible; YandexImages/3.0; +http://yandex.com/bots)"
lemur.cmp.uea.ac.uk:80 187.3.86.71 - - [08/May/2016:07:13:52 +0100] "GET /~jrwg/ForZurab/Papers/99TTTRSPaper/manual.tex HTTP/1.0" 200 124947 "-" "Mozilla/5.0 (Windows NT 6.1) AppleWebKit/537.36 (KHTML, like Gecko) Chrome/41.0.2228.0 Safari/537.36"
lemur.cmp.uea.ac.uk:80 94.132.83.75 - - [08/May/2016:07:14:10 +0100] "GET /~ajb/Pictures/My%20Pictures/08-07-06_2323.jpg HTTP/1.1" 200 192698 "-" "Mozilla/5.0 (compatible; YandexBot/3.0; +http://yandex.com/bots)"
websvr1.cmp.uea.ac.uk:80 117.185.30.233 - - [08/May/2016:07:14:12 +0100] "GET / HTTP/1.1" 403 409 "-" "Mozilla/5.0 (compatible; Googlebot/2.1; +http://www.google.com/bot.html)"
fizz.cmp.uea.ac.uk:80 117.82.223.154 - - [08/May/2016:07:14:06 +0100] "GET /dyndom/SubgroupList.do?dyndom=success&id=34676FB0D60D57C2E4310C374B06CC4A1 HTTP/1.1" 200 1581375 "-" "Mozilla/5.0 (compatible; DotBot/1.1; http://www.opensiteexplorer.org/dotbot, help@moz.com)"
fizz.cmp.uea.ac.uk:80 156.53.200.217 - - [08/May/2016:07:14:19 +0100] "GET / HTTP/1.1" 200 304 "-" "Mozilla/5.0 (Macintosh; Intel Mac OS X 10_10_1) AppleWebKit/600.2.5 (KHTML, like Gecko) Version/8.0.2 Safari/600.2.5 (Applebot/0.1; +http://www.apple.com/go/applebot)"
fizz.cmp.uea.ac.uk:80 117.82.223.154 - - [08/May/2016:07:14:40 +0100] "GET /dyndom/dyndomSearch.jsp?type=NR&id=D4581F8F5521789B387FFD6BB5CA83331 HTTP/1.1" 200 11588 "-" "Mozilla/5.0 (compatible; DotBot/1.1; http://www.opensiteexplorer.org/dotbot, help@moz.com)"
fizz.cmp.uea.ac.uk:80 117.82.223.154 - - [08/May/2016:07:14:43 +0100] "GET /dyndom/runDyndom.jsp?id=8338221A94693A58E75F7489E47DA8291 HTTP/1.1" 200 14543 "-" "Mozilla/5.0 (compatible; DotBot/1.1; http://www.opensiteexplorer.org/dotbot, help@moz.com)"
lemur.cmp.uea.ac.uk:80 94.132.83.75 - - [08/May/2016:07:14:46 +0100] "GET /~djs/photos/members/user_images/27/42/447/edit_1123503085249.jpg HTTP/1.1" 200 50260 "-" "Mozilla/5.0 (compatible; YandexImages/3.0; +http://yandex.com/bots)"
fizz.cmp.uea.ac.uk:80 137.82.152.134 - - [08/May/2016:07:14:46 +0100] "GET /dyndom/class16/NATRI1R1_barchart.png HTTP/1.1" 304 174 "-" "Mozilla/5.0 (compatible; YandexImages/3.0; +http://yandex.com/bots)"
fizz.cmp.uea.ac.uk:80 94.132.83.75 - - [08/May/2016:07:14:48 +0100] "GET /dyndom/class16/SORTA1R1_barchart.png HTTP/1.1" 304 173 "-" "Mozilla/5.0 (compatible; YandexImages/3.0; +http://yandex.com/bots)"
fizz.cmp.uea.ac.uk:80 94.132.83.75 - - [08/May/2016:07:14:50 +0100] "GET /dyndom/class16/RIBOS8R2_barchart.png HTTP/1.1" 304 173 "-" "Mozilla/5.0 (compatible; YandexImages/3.0; +http://yandex.com/bots)"
fizz.cmp.uea.ac.uk:80 94.132.83.75 - - [08/May/2016:07:14:52 +0100] "GET /dyndom/class16/METHI2R2_barchart.png HTTP/1.1" 304 173 "-" "Mozilla/5.0 (compatible; YandexImages/3.0; +http://yandex.com/bots)"
fizz.cmp.uea.ac.uk:80 94.132.83.75 - - [08/May/2016:07:14:54 +0100] "GET /dyndom/class16/PHOSP20R1_DCG.png HTTP/1.1" 304 173 "-" "Mozilla/5.0 (compatible; YandexImages/3.0; +http://yandex.com/bots)"
fizz.cmp.uea.ac.uk:80 117.82.223.154 - - [08/May/2016:07:14:42 +0100] "GET /dyndom/browse.do?type=WEBSITE&id=A9C85B14C5D01F2A1844462EE64DA0CA1 HTTP/1.1" 200 2069227 "-" "Mozilla/5.0 (compatible; DotBot/1.1; http://www.opensiteexplorer.org/dotbot, help@moz.com)"
lemur.cmp.uea.ac.uk:80 94.132.83.75 - - [08/May/2016:07:14:55 +0100] "GET /~jrwg/SYSCoNewWeb/images/header-projects.jpg HTTP/1.1" 304 171 "-" "Mozilla/5.0 (compatible; YandexImages/3.0; +http://yandex.com/bots)"
fizz.cmp.uea.ac.uk:80 137.82.152.134 - - [08/May/2016:07:14:56 +0100] "GET /dyndom/class16/SRIBO7R1_DCG.png HTTP/1.1" 304 174 "-" "Mozilla/5.0 (compatible; YandexImages/3.0; +http://yandex.com/bots)"
fizz.cmp.uea.ac.uk:80 94.132.83.75 - - [08/May/2016:07:14:58 +0100] "GET /dyndom/class16/HTHTY2R1_barchart.png HTTP/1.1" 304 173 "-" "Mozilla/5.0 (compatible; YandexImages/3.0; +http://yandex.com/bots)"
fizz.cmp.uea.ac.uk:80 94.132.83.75 - - [08/May/2016:07:15:01 +0100] "GET /dyndom/class16/TRANS15R1_DCG.png HTTP/1.1" 304 173 "-" "Mozilla/5.0 (compatible; YandexImages/3.0; +http://yandex.com/bots)"
fizz.cmp.uea.ac.uk:80 94.132.83.75 - - [08/May/2016:07:15:03 +0100] "GET /dyndom/class16/LONGC1R1_DCG.png HTTP/1.1" 304 173 "-" "Mozilla/5.0 (compatible; YandexImages/3.0; +http://yandex.com/bots)"
lemur.cmp.uea.ac.uk:80 137.82.152.134 - - [08/May/2016:07:15:03 +0100] "GET /~djs/photos/members/user_images/14/14/84/edit_1122719509025.jpg HTTP/1.1" 200 44344 "-" "Mozilla/5.0 (compatible; YandexImages/3.0; +http://yandex.com/bots)"
fizz.cmp.uea.ac.uk:80 94.132.83.75 - - [08/May/2016:07:15:05 +0100] "GET /dyndom/class16/OSUCC2R1_barchart.png HTTP/1.1" 304 173 "-" "Mozilla/5.0 (compatible; YandexImages/3.0; +http://yandex.com/bots)"
fizz.cmp.uea.ac.uk:80 94.132.83.75 - - [08/May/2016:07:15:07 +0100] "GET /dyndom/class16/ARGIN2R2_barchart.png HTTP/1.1" 304 173 "-" "Mozilla/5.0 (compatible; YandexImages/3.0; +http://yandex.com/bots)"
fizz.cmp.uea.ac.uk:80 94.132.83.75 - - [08/May/2016:07:15:09 +0100] "GET /dyndom/class16/UBIQU4R1_DCG.png HTTP/1.1" 304 174 "-" "Mozilla/5.0 (compatible; YandexImages/3.0; +http://yandex.com/bots)"
lemur.cmp.uea.ac.uk:80 137.82.152.134 - - [08/May/2016:07:15:09 +0100] "GET /~djs/photos/members/user_images/5/8/14/edit_DSCN1787.JPG HTTP/1.1" 200 37200 "-" "Mozilla/5.0 (compatible; YandexImages/3.0; +http://yandex.com/bots)"
fizz.cmp.uea.ac.uk:80 94.132.83.75 - - [08/May/2016:07:15:11 +0100] "GET /dyndom/images/1atpE-1ctpE-run3.jpg HTTP/1.1" 304 175 "-" "Mozilla/5.0 (compatible; YandexImages/3.0; +http://yandex.com/bots)"
fizz.cmp.uea.ac.uk:80 94.132.83.75 - - [08/May/2016:07:15:13 +0100] "GET /dyndom/class16/HISTI1R2_barchart.png HTTP/1.1" 304 173 "-" "Mozilla/5.0 (compatible; YandexImages/3.0; +http://yandex.com/bots)"
lemur.cmp.uea.ac.uk:80 94.132.83.75 - - [08/May/2016:07:15:15 +0100] "GET /~djs/photos/members/user_images/27/42/447/thumb_1123503085249.jpg HTTP/1.1" 200 3986 "-" "Mozilla/5.0 (compatible; YandexImages/3.0; +http://yandex.com/bots)"
lemur.cmp.uea.ac.uk:80 94.132.83.75 - - [08/May/2016:07:15:21 +0100] "GET /~djs/photos/members/user_images/24/39/343/edit_1123353131243.jpg HTTP/1.1" 200 13391 "-" "Mozilla/5.0 (compatible; YandexImages/3.0; +http://yandex.com/bots)"
lemur.cmp.uea.ac.uk:80 94.132.83.75 - - [08/May/2016:07:15:27 +0100] "GET /~ajb/Pictures/My%20Pictures/Koh%20Tao/2005_07_10/IMG_0813.JPG HTTP/1.1" 200 656863 "-" "Mozilla/5.0 (compatible; YandexImages/3.0; +http://yandex.com/bots)"
lemur.cmp.uea.ac.uk:80 94.132.83.75 - - [08/May/2016:07:15:32 +0100] "GET /~djs/photos/members/user_images/6/12/51/thumb_DSC_0007.JPG HTTP/1.1" 200 2661 "-" "Mozilla/5.0 (compatible; YandexImages/3.0; +http://yandex.com/bots)"
lemur.cmp.uea.ac.uk:80 94.132.83.75 - - [08/May/2016:07:15:36 +0100] "GET /~djs/photos/members/user_images/6/12/55/thumb_DSC_0030.JPG HTTP/1.1" 200 1986 "-" "Mozilla/5.0 (compatible; YandexImages/3.0; +http://yandex.com/bots)"
fizz.cmp.uea.ac.uk:80 117.82.223.154 - - [08/May/2016:07:15:30 +0100] "GET /dyndom/browse.do?type=NR&id=2406B4542BE2900F1F28005EB3CA73BF1 HTTP/1.1" 200 1829593 "-" "Mozilla/5.0 (compatible; DotBot/1.1; http://www.opensiteexplorer.org/dotbot, help@moz.com)"
lemur.cmp.uea.ac.uk:80 94.132.83.75 - - [08/May/2016:07:15:41 +0100] "GET /~djs/photos/members/user_images/6/12/51/edit_DSC_0007.JPG HTTP/1.1" 200 22601 "-" "Mozilla/5.0 (compatible; YandexImages/3.0; +http://yandex.com/bots)"
lemur.cmp.uea.ac.uk:80 94.132.83.75 - - [08/May/2016:07:15:46 +0100] "GET /~djs/photos/members/user_images/6/12/55/edit_DSC_0030.JPG HTTP/1.1" 200 16474 "-" "Mozilla/5.0 (compatible; YandexImages/3.0; +http://yandex.com/bots)"
lemur.cmp.uea.ac.uk:80 137.82.152.134 - - [08/May/2016:07:15:46 +0100] "GET /Research/cbg/images/members/jodicks.gif HTTP/1.1" 304 171 "-" "Mozilla/5.0 (compatible; YandexImages/3.0; +http://yandex.com/bots)"
lemur.cmp.uea.ac.uk:80 94.132.83.75 - - [08/May/2016:07:15:50 +0100] "GET /~djs/photos/members/user_images/6/12/51/DSC_0007.JPG HTTP/1.1" 200 343879 "-" "Mozilla/5.0 (compatible; YandexImages/3.0; +http://yandex.com/bots)"
lemur.cmp.uea.ac.uk:80 94.132.83.75 - - [08/May/2016:07:15:55 +0100] "GET /~ajb/Pictures/My%20Pictures/Pho%20Quoc/2005_06_13/IMG_0389.JPG HTTP/1.1" 200 778049 "-" "Mozilla/5.0 (compatible; YandexImages/3.0; +http://yandex.com/bots)"
lemur.cmp.uea.ac.uk:80 94.132.83.75 - - [08/May/2016:07:15:59 +0100] "GET /~ajb/Pictures/My%20Pictures/High%20resolution%20photos/Michelle's%20family%20and%20friends/2005_04_25/IMG_0084.JPG HTTP/1.1" 200 646278 "-" "Mozilla/5.0 (compatible; YandexImages/3.0; +http://yandex.com/bots)"
lemur.cmp.uea.ac.uk:80 94.132.83.75 - - [08/May/2016:07:16:03 +0100] "GET /~ajb/Pictures/My%20Pictures/Las%20Vegas/Set%203/PICT0002.JPG HTTP/1.1" 200 2584005 "-" "Mozilla/5.0 (compatible; YandexImages/3.0; +http://yandex.com/bots)"
lemur.cmp.uea.ac.uk:80 94.132.83.75 - - [08/May/2016:07:16:07 +0100] "GET /~ajb/Pictures/My%20Pictures/Hanoi/2005_05_16/IMG_0132.JPG HTTP/1.1" 200 663501 "-" "Mozilla/5.0 (compatible; YandexImages/3.0; +http://yandex.com/bots)"
lemur.cmp.uea.ac.uk:80 242.72.223.166 - - [08/May/2016:07:16:10 +0100] "GET /~jrwg/ForZurab/Papers/98%20Abs%20TCS/atoe.pdf HTTP/1.1" 200 630594 "-" "Googlebot/2.1 (+http://www.google.com/bot.html)"
fizz.cmp.uea.ac.uk:80 156.53.200.217 - - [08/May/2016:07:16:16 +0100] "GET / HTTP/1.1" 200 304 "-" "Mozilla/5.0 (Macintosh; Intel Mac OS X 10_10_1) AppleWebKit/600.2.5 (KHTML, like Gecko) Version/8.0.2 Safari/600.2.5 (Applebot/0.1; +http://www.apple.com/go/applebot)"
fizz.cmp.uea.ac.uk:80 156.53.200.217 - - [08/May/2016:07:16:20 +0100] "GET / HTTP/1.1" 200 303 "-" "Mozilla/5.0 (Macintosh; Intel Mac OS X 10_10_1) AppleWebKit/600.2.5 (KHTML, like Gecko) Version/8.0.2 Safari/600.2.5 (Applebot/0.1; +http://www.apple.com/go/applebot)"
fizz.cmp.uea.ac.uk:80 117.82.223.154 - - [08/May/2016:07:16:17 +0100] "GET /dyndom/browse.do?type=WEBSITE&id=628B161B979FB64AE1B111D21171073D1 HTTP/1.1" 200 2069227 "-" "Mozilla/5.0 (compatible; DotBot/1.1; http://www.opensiteexplorer.org/dotbot, help@moz.com)"
fizz.cmp.uea.ac.uk:80 117.82.223.154 - - [08/May/2016:07:16:39 +0100] "GET /dyndom/browse.do?type=WEBSITE&id=AE248C43672E5B32B4BCA9DC9A350DD81 HTTP/1.1" 200 2069227 "-" "Mozilla/5.0 (compatible; DotBot/1.1; http://www.opensiteexplorer.org/dotbot, help@moz.com)"
fizz.cmp.uea.ac.uk:80 156.53.200.217 - - [08/May/2016:07:16:45 +0100] "GET / HTTP/1.1" 200 304 "-" "Mozilla/5.0 (Macintosh; Intel Mac OS X 10_10_1) AppleWebKit/600.2.5 (KHTML, like Gecko) Version/8.0.2 Safari/600.2.5 (Applebot/0.1; +http://www.apple.com/go/applebot)"
fizz.cmp.uea.ac.uk:80 117.82.223.154 - - [08/May/2016:07:17:06 +0100] "GET /dyndom/dyndomSearch.jsp?type=WEBSITE&id=61BAB1C7993A90DAECE0DE916471C6231 HTTP/1.1" 200 11592 "-" "Mozilla/5.0 (compatible; DotBot/1.1; http://www.opensiteexplorer.org/dotbot, help@moz.com)"
fizz.cmp.uea.ac.uk:80 156.53.200.217 - - [08/May/2016:07:17:06 +0100] "GET / HTTP/1.1" 200 304 "-" "Mozilla/5.0 (Macintosh; Intel Mac OS X 10_10_1) AppleWebKit/600.2.5 (KHTML, like Gecko) Version/8.0.2 Safari/600.2.5 (Applebot/0.1; +http://www.apple.com/go/applebot)"
fizz.cmp.uea.ac.uk:80 117.82.223.154 - - [08/May/2016:07:17:07 +0100] "GET /dyndom/familySearch.jsp?id=D58FBC9CBD899553D736941A7C5026D21 HTTP/1.1" 200 11415 "-" "Mozilla/5.0 (compatible; DotBot/1.1; http://www.opensiteexplorer.org/dotbot, help@moz.com)"
fizz.cmp.uea.ac.uk:80 117.82.223.154 - - [08/May/2016:07:17:07 +0100] "GET /dyndom/familySearch.jsp?id=0EBFAA8972D3D7520018DC10B57A0CB51 HTTP/1.1" 200 11415 "-" "Mozilla/5.0 (compatible; DotBot/1.1; http://www.opensiteexplorer.org/dotbot, help@moz.com)"
fizz.cmp.uea.ac.uk:80 117.82.223.154 - - [08/May/2016:07:17:07 +0100] "GET /dyndom/browse.do?type=WEBSITE&id=763058901EF68A0C01E6F1DD11EE45A11 HTTP/1.1" 200 2069227 "-" "Mozilla/5.0 (compatible; DotBot/1.1; http://www.opensiteexplorer.org/dotbot, help@moz.com)"
fizz.cmp.uea.ac.uk:80 117.82.223.154 - - [08/May/2016:07:17:08 +0100] "GET /dyndom/browse.do?type=NR&id=9085E40E0AD70E676026D971732422C01 HTTP/1.1" 200 1829593 "-" "Mozilla/5.0 (compatible; DotBot/1.1; http://www.opensiteexplorer.org/dotbot, help@moz.com)"
fizz.cmp.uea.ac.uk:80 117.82.223.154 - - [08/May/2016:07:17:08 +0100] "GET /dyndom/browse.do?type=WEBSITE&id=A07241ED7762541A245913528578F5311 HTTP/1.1" 200 2069227 "-" "Mozilla/5.0 (compatible; DotBot/1.1; http://www.opensiteexplorer.org/dotbot, help@moz.com)"
websvr1.cmp.uea.ac.uk:80 38.32.164.37 - - [08/May/2016:07:17:19 +0100] "GET /robots.txt HTTP/1.1" 404 378 "-" "Wotbox/2.01 (+http://www.wotbox.com/bot/)"
fizz.cmp.uea.ac.uk:80 117.82.223.154 - - [08/May/2016:07:17:27 +0100] "GET /dyndom/familySearch.jsp?id=8884302750FFBF70B5516FEFE1826D661 HTTP/1.1" 200 11415 "-" "Mozilla/5.0 (compatible; DotBot/1.1; http://www.opensiteexplorer.org/dotbot, help@moz.com)"
fizz.cmp.uea.ac.uk:80 117.82.223.154 - - [08/May/2016:07:17:28 +0100] "GET /dyndom/dyndomSearch.jsp?type=NR&id=9D3B9EFAB5ECF205CFA27715526FC8C51 HTTP/1.1" 200 11588 "-" "Mozilla/5.0 (compatible; DotBot/1.1; http://www.opensiteexplorer.org/dotbot, help@moz.com)"
fizz.cmp.uea.ac.uk:80 117.82.223.154 - - [08/May/2016:07:17:29 +0100] "GET /dyndom/familySearch.jsp?id=63B48964DE48F623749E8D4EBF744FBD1 HTTP/1.1" 200 11415 "-" "Mozilla/5.0 (compatible; DotBot/1.1; http://www.opensiteexplorer.org/dotbot, help@moz.com)"
fizz.cmp.uea.ac.uk:80 117.82.223.154 - - [08/May/2016:07:17:30 +0100] "GET /dyndom/runDyndom.jsp?id=4F98826036FA872A71FB0A675579E4B51 HTTP/1.1" 200 14543 "-" "Mozilla/5.0 (compatible; DotBot/1.1; http://www.opensiteexplorer.org/dotbot, help@moz.com)"
fizz.cmp.uea.ac.uk:80 117.82.223.154 - - [08/May/2016:07:17:31 +0100] "GET /dyndom/familySearch.jsp?id=E800D60B44A402FEF2775C0835D76E171 HTTP/1.1" 200 11415 "-" "Mozilla/5.0 (compatible; DotBot/1.1; http://www.opensiteexplorer.org/dotbot, help@moz.com)"
fizz.cmp.uea.ac.uk:80 117.82.223.154 - - [08/May/2016:07:17:31 +0100] "GET /dyndom/dyndomSearch.jsp?type=WEBSITE&id=409C323011938D0F16F240CA6D7ECB7E1 HTTP/1.1" 200 11592 "-" "Mozilla/5.0 (compatible; DotBot/1.1; http://www.opensiteexplorer.org/dotbot, help@moz.com)"
fizz.cmp.uea.ac.uk:80 117.82.223.154 - - [08/May/2016:07:17:29 +0100] "GET /dyndom/browse.do?type=WEBSITE&id=A2FD8E216116CE659EE9045999C008421 HTTP/1.1" 200 2069227 "-" "Mozilla/5.0 (compatible; DotBot/1.1; http://www.opensiteexplorer.org/dotbot, help@moz.com)"
websvr1.cmp.uea.ac.uk:80 38.32.164.37 - - [08/May/2016:07:17:34 +0100] "GET / HTTP/1.1" 403 372 "-" "Wotbox/2.01 (+http://www.wotbox.com/bot/)"
fizz.cmp.uea.ac.uk:80 117.82.223.154 - - [08/May/2016:07:17:30 +0100] "GET /dyndom/browse.do?type=NR&id=B65E6B747E81E7949D8C737B2EC8E2941 HTTP/1.1" 200 1829593 "-" "Mozilla/5.0 (compatible; DotBot/1.1; http://www.opensiteexplorer.org/dotbot, help@moz.com)"
lemur.cmp.uea.ac.uk:80 151.199.111.146 - - [08/May/2016:07:17:35 +0100] "GET /Research/noise_db/Steward_project2005.pdf HTTP/1.1" 200 497909 "-" "Googlebot/2.1 (+http://www.google.com/bot.html)"
fizz.cmp.uea.ac.uk:80 117.82.223.154 - - [08/May/2016:07:17:32 +0100] "GET /dyndom/SubgroupList.do?dyndom=success&id=7CE458F255CF03339A833361358136141 HTTP/1.1" 200 1581375 "-" "Mozilla/5.0 (compatible; DotBot/1.1; http://www.opensiteexplorer.org/dotbot, help@moz.com)"
lemur.cmp.uea.ac.uk:80 94.132.83.75 - - [08/May/2016:07:17:51 +0100] "GET /Research/mammores/images/fna2.jpg HTTP/1.1" 200 5493 "-" "Mozilla/5.0 (compatible; YandexImages/3.0; +http://yandex.com/bots)"
lemur.cmp.uea.ac.uk:80 75.33.201.115 - - [08/May/2016:07:17:51 +0100] "GET /~ajb/Download/MSc_thesis.ps.gz HTTP/1.1" 200 300030 "-" "Googlebot/2.1 (+http://www.google.com/bot.html)"
fizz.cmp.uea.ac.uk:80 156.53.200.217 - - [08/May/2016:07:17:54 +0100] "GET / HTTP/1.1" 200 304 "-" "Mozilla/5.0 (Macintosh; Intel Mac OS X 10_10_1) AppleWebKit/600.2.5 (KHTML, like Gecko) Version/8.0.2 Safari/600.2.5 (Applebot/0.1; +http://www.apple.com/go/applebot)"
fizz.cmp.uea.ac.uk:80 117.82.223.154 - - [08/May/2016:07:17:50 +0100] "GET /dyndom/SubgroupList.do?dyndom=success&id=78DB87FDFFECAFE45FED9B7F585954341 HTTP/1.1" 200 1581375 "-" "Mozilla/5.0 (compatible; DotBot/1.1; http://www.opensiteexplorer.org/dotbot, help@moz.com)"
fizz.cmp.uea.ac.uk:80 156.53.200.217 - - [08/May/2016:07:18:05 +0100] "GET / HTTP/1.1" 200 304 "-" "Mozilla/5.0 (Macintosh; Intel Mac OS X 10_10_1) AppleWebKit/600.2.5 (KHTML, like Gecko) Version/8.0.2 Safari/600.2.5 (Applebot/0.1; +http://www.apple.com/go/applebot)"
fizz.cmp.uea.ac.uk:80 117.82.223.154 - - [08/May/2016:07:18:09 +0100] "GET /dyndom/familySearch.jsp?id=E099E4F8912D3D07349747A5B2937DB91 HTTP/1.1" 200 11415 "-" "Mozilla/5.0 (compatible; DotBot/1.1; http://www.opensiteexplorer.org/dotbot, help@moz.com)"
fizz.cmp.uea.ac.uk:80 117.82.223.154 - - [08/May/2016:07:18:10 +0100] "GET /dyndom/dyndomSearch.jsp?type=NR&id=09BC5FE2F561B1B5B56585E526D0C2B71 HTTP/1.1" 200 11588 "-" "Mozilla/5.0 (compatible; DotBot/1.1; http://www.opensiteexplorer.org/dotbot, help@moz.com)"
fizz.cmp.uea.ac.uk:80 117.82.223.154 - - [08/May/2016:07:18:10 +0100] "GET /dyndom/familySearch.jsp?id=DF50904DE6F6B1A03116231221C9C8D01 HTTP/1.1" 200 11415 "-" "Mozilla/5.0 (compatible; DotBot/1.1; http://www.opensiteexplorer.org/dotbot, help@moz.com)"
fizz.cmp.uea.ac.uk:80 117.82.223.154 - - [08/May/2016:07:18:11 +0100] "GET /dyndom/dyndomSearch.jsp?type=NR&id=0785ED72DC20F3B7F745C5A62684F7BB1 HTTP/1.1" 200 11588 "-" "Mozilla/5.0 (compatible; DotBot/1.1; http://www.opensiteexplorer.org/dotbot, help@moz.com)"
fizz.cmp.uea.ac.uk:80 117.82.223.154 - - [08/May/2016:07:18:12 +0100] "GET /dyndom/dyndomSearch.jsp?type=NR&id=0F5AA762B8CBCE9631B26C4D89DF69651 HTTP/1.1" 200 11588 "-" "Mozilla/5.0 (compatible; DotBot/1.1; http://www.opensiteexplorer.org/dotbot, help@moz.com)"
fizz.cmp.uea.ac.uk:80 117.82.223.154 - - [08/May/2016:07:18:13 +0100] "GET /dyndom/SubgroupList.do?dyndom=success&id=8C8DD3F0543265BA9DE064DD89EDA7621 HTTP/1.1" 200 1581375 "-" "Mozilla/5.0 (compatible; DotBot/1.1; http://www.opensiteexplorer.org/dotbot, help@moz.com)"
fizz.cmp.uea.ac.uk:80 117.82.223.154 - - [08/May/2016:07:18:12 +0100] "GET /dyndom/browse.do?type=WEBSITE&id=4F58ED6414C29145A31245CABE75A34D1 HTTP/1.1" 200 2069227 "-" "Mozilla/5.0 (compatible; DotBot/1.1; http://www.opensiteexplorer.org/dotbot, help@moz.com)"
fizz.cmp.uea.ac.uk:80 117.82.223.154 - - [08/May/2016:07:18:11 +0100] "GET /dyndom/browse.do?type=WEBSITE&id=C156E0431C6F435DBB5C56D5BB9211641 HTTP/1.1" 200 2069227 "-" "Mozilla/5.0 (compatible; DotBot/1.1; http://www.opensiteexplorer.org/dotbot, help@moz.com)"
lemur.cmp.uea.ac.uk:80 76.195.63.251 - - [08/May/2016:07:18:35 +0100] "GET /Research/cbg/Documents/Bangham-Coen-Group/AAMToolbox/AAMToolbox.htm HTTP/1.1" 304 172 "-" "Mozilla/5.0 (compatible; Googlebot/2.1; +http://www.google.com/bot.html)"
fizz.cmp.uea.ac.uk:80 156.53.200.217 - - [08/May/2016:07:19:27 +0100] "GET / HTTP/1.1" 200 304 "-" "Mozilla/5.0 (Macintosh; Intel Mac OS X 10_10_1) AppleWebKit/600.2.5 (KHTML, like Gecko) Version/8.0.2 Safari/600.2.5 (Applebot/0.1; +http://www.apple.com/go/applebot)"
fizz.cmp.uea.ac.uk:80 117.82.223.154 - - [08/May/2016:07:19:35 +0100] "GET /dyndom/dyndomSearch.jsp?type=NR&id=31CB7DC040FBFFCA0EC970341C1CE68E1 HTTP/1.1" 200 11588 "-" "Mozilla/5.0 (compatible; DotBot/1.1; http://www.opensiteexplorer.org/dotbot, help@moz.com)"
fizz.cmp.uea.ac.uk:80 117.82.223.154 - - [08/May/2016:07:19:36 +0100] "GET /dyndom/runDyndom.jsp?id=8C83246A662E889C8F83F23417A1FB471 HTTP/1.1" 200 14543 "-" "Mozilla/5.0 (compatible; DotBot/1.1; http://www.opensiteexplorer.org/dotbot, help@moz.com)"
fizz.cmp.uea.ac.uk:80 117.82.223.154 - - [08/May/2016:07:19:36 +0100] "GET /dyndom/SubgroupList.do?dyndom=success&id=1E2A4B85DFCEDB7147B5601FA1BE046D1 HTTP/1.1" 200 1581375 "-" "Mozilla/5.0 (compatible; DotBot/1.1; http://www.opensiteexplorer.org/dotbot, help@moz.com)"
fizz.cmp.uea.ac.uk:80 117.82.223.154 - - [08/May/2016:07:19:36 +0100] "GET /dyndom/browse.do?type=WEBSITE&id=0654B78CD46EEFFCBB99E539068224E81 HTTP/1.1" 200 2069227 "-" "Mozilla/5.0 (compatible; DotBot/1.1; http://www.opensiteexplorer.org/dotbot, help@moz.com)"
fizz.cmp.uea.ac.uk:80 117.82.223.154 - - [08/May/2016:07:19:37 +0100] "GET /dyndom/browse.do?type=WEBSITE&id=BD01B8021AE8BC077FB25CB1BA35B8A71 HTTP/1.1" 200 2069227 "-" "Mozilla/5.0 (compatible; DotBot/1.1; http://www.opensiteexplorer.org/dotbot, help@moz.com)"
lemur.cmp.uea.ac.uk:80 94.132.83.75 - - [08/May/2016:07:19:57 +0100] "GET /Research/cbg/images/members/rjmorris.gif HTTP/1.1" 304 171 "-" "Mozilla/5.0 (compatible; YandexImages/3.0; +http://yandex.com/bots)"
lemur.cmp.uea.ac.uk:80 102.222.194.116 - - [08/May/2016:07:21:02 +0100] "GET /wp/wp-admin/ HTTP/1.1" 403 384 "-" "-"
fizz.cmp.uea.ac.uk:80 156.53.200.217 - - [08/May/2016:07:21:06 +0100] "GET / HTTP/1.1" 200 304 "-" "Mozilla/5.0 (Macintosh; Intel Mac OS X 10_10_1) AppleWebKit/600.2.5 (KHTML, like Gecko) Version/8.0.2 Safari/600.2.5 (Applebot/0.1; +http://www.apple.com/go/applebot)"
lemur.cmp.uea.ac.uk:80 250.188.135.75 - - [08/May/2016:07:21:10 +0100] "GET /~jrwg/MultiPar/GlaKenSle91.ps.gz HTTP/1.1" 200 34203 "-" "Googlebot/2.1 (+http://www.google.com/bot.html)"
fizz.cmp.uea.ac.uk:80 219.216.88.102 - - [08/May/2016:07:21:19 +0100] "GET /dyndom/dyndomrasmol/IGGAI1R1D1D2A.jpg HTTP/1.1" 200 12558 "http://image.baidu.com/i?ct=503316480&z=0&tn=baiduimagedetail" "Baiduspider-image+(+http://www.baidu.com/search/spider.htm)"
fizz.cmp.uea.ac.uk:80 117.82.223.154 - - [08/May/2016:07:21:51 +0100] "GET /dyndom/SubgroupList.do?dyndom=success&id=DDF0C9C63D4E74913E7E028C2950F2D21 HTTP/1.1" 200 1581375 "-" "Mozilla/5.0 (compatible; DotBot/1.1; http://www.opensiteexplorer.org/dotbot, help@moz.com)"
fizz.cmp.uea.ac.uk:80 117.82.223.154 - - [08/May/2016:07:22:20 +0100] "GET /dyndom/dyndomSearch.jsp?type=WEBSITE&id=59C2E539555912417323A2DECD7097681 HTTP/1.1" 200 11592 "-" "Mozilla/5.0 (compatible; DotBot/1.1; http://www.opensiteexplorer.org/dotbot, help@moz.com)"
fizz.cmp.uea.ac.uk:80 117.82.223.154 - - [08/May/2016:07:22:21 +0100] "GET /dyndom/runDyndom.jsp?id=B9B2B1F569FC0059A6C5DAAB1FA4EACD1 HTTP/1.1" 200 14543 "-" "Mozilla/5.0 (compatible; DotBot/1.1; http://www.opensiteexplorer.org/dotbot, help@moz.com)"
fizz.cmp.uea.ac.uk:80 117.82.223.154 - - [08/May/2016:07:22:22 +0100] "GET /dyndom/runDyndom.jsp?id=76F4A74DDCE71C6D551F67B8F3953AC11 HTTP/1.1" 200 14543 "-" "Mozilla/5.0 (compatible; DotBot/1.1; http://www.opensiteexplorer.org/dotbot, help@moz.com)"
fizz.cmp.uea.ac.uk:80 117.82.223.154 - - [08/May/2016:07:22:22 +0100] "GET /dyndom/dyndomSearch.jsp?type=NR&id=8C7FE3099C6C5036BCCF892ED3F9A76F1 HTTP/1.1" 200 11588 "-" "Mozilla/5.0 (compatible; DotBot/1.1; http://www.opensiteexplorer.org/dotbot, help@moz.com)"
fizz.cmp.uea.ac.uk:80 117.82.223.154 - - [08/May/2016:07:22:23 +0100] "GET /dyndom/dyndomSearch.jsp?type=WEBSITE&id=5F6028E219FF1DF62DDB191005BF03291 HTTP/1.1" 200 11592 "-" "Mozilla/5.0 (compatible; DotBot/1.1; http://www.opensiteexplorer.org/dotbot, help@moz.com)"
fizz.cmp.uea.ac.uk:80 117.82.223.154 - - [08/May/2016:07:22:23 +0100] "GET /dyndom/familySearch.jsp?id=136F1EE0A72C5785B889F684E05277BA1 HTTP/1.1" 200 11415 "-" "Mozilla/5.0 (compatible; DotBot/1.1; http://www.opensiteexplorer.org/dotbot, help@moz.com)"
fizz.cmp.uea.ac.uk:80 117.82.223.154 - - [08/May/2016:07:22:24 +0100] "GET /dyndom/dyndomSearch.jsp?type=NR&id=9505C82ACBC738D676262000ABD9C7981 HTTP/1.1" 200 11588 "-" "Mozilla/5.0 (compatible; DotBot/1.1; http://www.opensiteexplorer.org/dotbot, help@moz.com)"
fizz.cmp.uea.ac.uk:80 117.82.223.154 - - [08/May/2016:07:22:22 +0100] "GET /dyndom/SubgroupList.do?dyndom=success&id=0FBC66EDBE2D1FF9EFD37FAA9B5F14441 HTTP/1.1" 200 1581375 "-" "Mozilla/5.0 (compatible; DotBot/1.1; http://www.opensiteexplorer.org/dotbot, help@moz.com)"
fizz.cmp.uea.ac.uk:80 117.82.223.154 - - [08/May/2016:07:22:24 +0100] "GET /dyndom/browse.do?type=NR&id=EBFAF0E965D51616BF018947C705164B1 HTTP/1.1" 200 1829593 "-" "Mozilla/5.0 (compatible; DotBot/1.1; http://www.opensiteexplorer.org/dotbot, help@moz.com)"
fizz.cmp.uea.ac.uk:80 117.82.223.154 - - [08/May/2016:07:22:25 +0100] "GET /dyndom/browse.do?type=NR&id=15B4B88327CF87B9BEED23DEE03253751 HTTP/1.1" 200 1829593 "-" "Mozilla/5.0 (compatible; DotBot/1.1; http://www.opensiteexplorer.org/dotbot, help@moz.com)"
fizz.cmp.uea.ac.uk:80 171.51.179.176 - - [08/May/2016:07:22:59 +0100] "GET /dyndom/domainPair.do;jsessionid=154DB90DE04586007097A9C28EA981BF?fixed=SERUM1R5D1&moving=SERUM1R5D3&id=154DB90DE04586007097A9C28EA981BF HTTP/1.1" 500 1790 "-" "Mozilla/5.0 (compatible; Googlebot/2.1; +http://www.google.com/bot.html)"
lemur.cmp.uea.ac.uk:80 113.168.5.193 - - [08/May/2016:07:22:59 +0100] "GET /~sjc/cox-vocal-icslp00.pdf HTTP/1.1" 304 173 "-" "Mozilla/5.0 (compatible; Googlebot/2.1; +http://www.google.com/bot.html)"
fizz.cmp.uea.ac.uk:80 117.82.223.154 - - [08/May/2016:07:22:53 +0100] "GET /dyndom/browse.do?type=WEBSITE&id=C48766FB7C3EDB72E1AF25B24F89742D1 HTTP/1.1" 200 2069227 "-" "Mozilla/5.0 (compatible; DotBot/1.1; http://www.opensiteexplorer.org/dotbot, help@moz.com)"
lemur.cmp.uea.ac.uk:80 189.230.32.183 - - [08/May/2016:07:23:12 +0100] "GET /~jrk/conlang.dir/Speedwords.dict HTTP/1.1" 200 51262 "-" "Mozilla/5.0 (X11; Linux x86_64) AppleWebKit/537.36 (KHTML, like Gecko) Chrome/49.0.2623.75 Safari/537.36 Google Favicon"
lemur.cmp.uea.ac.uk:80 183.183.131.225 - - [08/May/2016:07:23:13 +0100] "GET /favicon.ico HTTP/1.1" 403 420 "-" "Mozilla/5.0 (X11; Linux x86_64) AppleWebKit/537.36 (KHTML, like Gecko) Chrome/49.0.2623.75 Safari/537.36 Google Favicon"
lemur.cmp.uea.ac.uk:80 232.91.98.21 - - [08/May/2016:07:23:57 +0100] "GET /Research/compvis/Data/MultiSpec_Images/15vanish.jpg HTTP/1.1" 200 74402 "-" "Mozilla/5.0 (iPhone; CPU iPhone OS 9_3_1 like Mac OS X) AppleWebKit/600.1.4 (KHTML, like Gecko) GSA/14.1.119979954 Mobile/13E238 Safari/600.1.4"
fizz.cmp.uea.ac.uk:80 171.51.179.176 - - [08/May/2016:07:23:59 +0100] "GET /dyndom/domainPair.do;jsessionid=154DB90DE04586007097A9C28EA981BF?fixed=SERUM1R5D1&moving=SERUM1R5D3&id=154DB90DE04586007097A9C28EA981BF HTTP/1.1" 500 1790 "-" "Mozilla/5.0 (compatible; Googlebot/2.1; +http://www.google.com/bot.html)"
fizz.cmp.uea.ac.uk:80 156.53.200.217 - - [08/May/2016:07:24:08 +0100] "GET / HTTP/1.1" 200 304 "-" "Mozilla/5.0 (Macintosh; Intel Mac OS X 10_10_1) AppleWebKit/600.2.5 (KHTML, like Gecko) Version/8.0.2 Safari/600.2.5 (Applebot/0.1; +http://www.apple.com/go/applebot)"
fizz.cmp.uea.ac.uk:80 156.53.200.217 - - [08/May/2016:07:24:08 +0100] "GET / HTTP/1.1" 200 303 "-" "Mozilla/5.0 (Macintosh; Intel Mac OS X 10_10_1) AppleWebKit/600.2.5 (KHTML, like Gecko) Version/8.0.2 Safari/600.2.5 (Applebot/0.1; +http://www.apple.com/go/applebot)"
lemur.cmp.uea.ac.uk:80 27.19.129.238 - - [08/May/2016:07:24:45 +0100] "GET /~jrk/Writing/Piranesi/carceri-III.html HTTP/1.1" 200 720 "-" "Mozilla/5.0 (compatible; bingbot/2.0; +http://www.bing.com/bingbot.htm)"
fizz.cmp.uea.ac.uk:80 228.156.65.191 - - [08/May/2016:07:24:59 +0100] "GET /dyndom/domainPair.do;jsessionid=154DB90DE04586007097A9C28EA981BF?fixed=SERUM1R5D1&moving=SERUM1R5D3&id=154DB90DE04586007097A9C28EA981BF HTTP/1.1" 500 1790 "-" "Mozilla/5.0 (compatible; Googlebot/2.1; +http://www.google.com/bot.html)"
fizz.cmp.uea.ac.uk:80 117.82.223.154 - - [08/May/2016:07:24:50 +0100] "GET /dyndom/browse.do?type=WEBSITE&id=BE6A885A33F7A3C595A1F4FD97E4BCA91 HTTP/1.1" 200 2069227 "-" "Mozilla/5.0 (compatible; DotBot/1.1; http://www.opensiteexplorer.org/dotbot, help@moz.com)"
fizz.cmp.uea.ac.uk:80 156.53.200.217 - - [08/May/2016:07:25:12 +0100] "GET / HTTP/1.1" 200 304 "-" "Mozilla/5.0 (Macintosh; Intel Mac OS X 10_10_1) AppleWebKit/600.2.5 (KHTML, like Gecko) Version/8.0.2 Safari/600.2.5 (Applebot/0.1; +http://www.apple.com/go/applebot)"
fizz.cmp.uea.ac.uk:80 156.53.200.217 - - [08/May/2016:07:25:34 +0100] "GET / HTTP/1.1" 200 304 "-" "Mozilla/5.0 (Macintosh; Intel Mac OS X 10_10_1) AppleWebKit/600.2.5 (KHTML, like Gecko) Version/8.0.2 Safari/600.2.5 (Applebot/0.1; +http://www.apple.com/go/applebot)"
fizz.cmp.uea.ac.uk:80 156.53.200.217 - - [08/May/2016:07:26:11 +0100] "GET / HTTP/1.1" 200 304 "-" "Mozilla/5.0 (Macintosh; Intel Mac OS X 10_10_1) AppleWebKit/600.2.5 (KHTML, like Gecko) Version/8.0.2 Safari/600.2.5 (Applebot/0.1; +http://www.apple.com/go/applebot)"
fizz.cmp.uea.ac.uk:80 195.160.199.157 - - [08/May/2016:07:26:45 +0100] "GET /dyndom/ligplot/BETAP1R2D1_BETAP1R2D2.pdf HTTP/1.1" 200 39892 "-" "Mozilla/5.0 (compatible; Yahoo! Slurp; http://help.yahoo.com/help/us/ysearch/slurp)"
fizz.cmp.uea.ac.uk:80 117.82.223.154 - - [08/May/2016:07:27:07 +0100] "GET /dyndom/browse.do?type=NR&id=70A29DF74A4FA855B204835721A5F6191 HTTP/1.1" 200 1829593 "-" "Mozilla/5.0 (compatible; DotBot/1.1; http://www.opensiteexplorer.org/dotbot, help@moz.com)"
lemur.cmp.uea.ac.uk:80 222.131.15.163 - - [08/May/2016:07:27:22 +0100] "GET /~wjw/wellcometrust/talks/Wjw_WekaTutorial_Spet04b.pdf HTTP/1.1" 304 174 "-" "Mozilla/5.0 (compatible; Googlebot/2.1; +http://www.google.com/bot.html)"
fizz.cmp.uea.ac.uk:80 156.53.200.217 - - [08/May/2016:07:27:28 +0100] "GET / HTTP/1.1" 200 304 "-" "Mozilla/5.0 (Macintosh; Intel Mac OS X 10_10_1) AppleWebKit/600.2.5 (KHTML, like Gecko) Version/8.0.2 Safari/600.2.5 (Applebot/0.1; +http://www.apple.com/go/applebot)"
fizz.cmp.uea.ac.uk:80 195.160.199.157 - - [08/May/2016:07:28:11 +0100] "GET /dyndom/browse.do?type=NR&id=DAD206B5050D31AF7A2210840E5095051 HTTP/1.1" 200 76341 "-" "Mozilla/5.0 (compatible; Yahoo! Slurp; http://help.yahoo.com/help/us/ysearch/slurp)"
fizz.cmp.uea.ac.uk:80 117.82.223.154 - - [08/May/2016:07:28:28 +0100] "GET /dyndom/dyndomSearch.jsp?type=WEBSITE&id=DF33E5B098F11C3C14F23C437FA9826E1 HTTP/1.1" 200 11592 "-" "Mozilla/5.0 (compatible; DotBot/1.1; http://www.opensiteexplorer.org/dotbot, help@moz.com)"
fizz.cmp.uea.ac.uk:80 117.82.223.154 - - [08/May/2016:07:28:29 +0100] "GET /dyndom/dyndomSearch.jsp?type=WEBSITE&id=8D90E9494C50FB2BB2EABA7006FD50801 HTTP/1.1" 200 11592 "-" "Mozilla/5.0 (compatible; DotBot/1.1; http://www.opensiteexplorer.org/dotbot, help@moz.com)"
fizz.cmp.uea.ac.uk:80 117.82.223.154 - - [08/May/2016:07:28:29 +0100] "GET /dyndom/dyndomSearch.jsp?type=NR&id=EFD60A6F089EC8BABE0B4C7A70535CE61 HTTP/1.1" 200 11588 "-" "Mozilla/5.0 (compatible; DotBot/1.1; http://www.opensiteexplorer.org/dotbot, help@moz.com)"
fizz.cmp.uea.ac.uk:80 117.82.223.154 - - [08/May/2016:07:28:30 +0100] "GET /dyndom/familySearch.jsp?id=F19BDF7C8DAB280C7232165B42B3AD891 HTTP/1.1" 200 11415 "-" "Mozilla/5.0 (compatible; DotBot/1.1; http://www.opensiteexplorer.org/dotbot, help@moz.com)"
fizz.cmp.uea.ac.uk:80 117.82.223.154 - - [08/May/2016:07:28:31 +0100] "GET /dyndom/dyndomSearch.jsp?type=NR&id=C135F59506E37B7979CFC282321D44221 HTTP/1.1" 200 11588 "-" "Mozilla/5.0 (compatible; DotBot/1.1; http://www.opensiteexplorer.org/dotbot, help@moz.com)"
fizz.cmp.uea.ac.uk:80 117.82.223.154 - - [08/May/2016:07:28:31 +0100] "GET /dyndom/familySearch.jsp?id=D692F2F974D3EFC68FF74FE4635C12811 HTTP/1.1" 200 11415 "-" "Mozilla/5.0 (compatible; DotBot/1.1; http://www.opensiteexplorer.org/dotbot, help@moz.com)"
fizz.cmp.uea.ac.uk:80 117.82.223.154 - - [08/May/2016:07:28:30 +0100] "GET /dyndom/browse.do?type=NR&id=9F8533089B6F3C6A99C5B87B22D0E9601 HTTP/1.1" 200 1829593 "-" "Mozilla/5.0 (compatible; DotBot/1.1; http://www.opensiteexplorer.org/dotbot, help@moz.com)"
fizz.cmp.uea.ac.uk:80 117.82.223.154 - - [08/May/2016:07:28:32 +0100] "GET /dyndom/browse.do?type=NR&id=241698E5EC921A5D6BB7E5A35F38F26A1 HTTP/1.1" 200 1829593 "-" "Mozilla/5.0 (compatible; DotBot/1.1; http://www.opensiteexplorer.org/dotbot, help@moz.com)"
fizz.cmp.uea.ac.uk:80 117.82.223.154 - - [08/May/2016:07:28:29 +0100] "GET /dyndom/browse.do?type=NR&id=2F25FAA38DDB7ECAAD53DE72C2F3AF0B1 HTTP/1.1" 200 1829593 "-" "Mozilla/5.0 (compatible; DotBot/1.1; http://www.opensiteexplorer.org/dotbot, help@moz.com)"
fizz.cmp.uea.ac.uk:80 156.53.200.217 - - [08/May/2016:07:29:35 +0100] "GET / HTTP/1.1" 200 304 "-" "Mozilla/5.0 (Macintosh; Intel Mac OS X 10_10_1) AppleWebKit/600.2.5 (KHTML, like Gecko) Version/8.0.2 Safari/600.2.5 (Applebot/0.1; +http://www.apple.com/go/applebot)"
fizz.cmp.uea.ac.uk:80 156.53.200.217 - - [08/May/2016:07:29:50 +0100] "GET / HTTP/1.1" 200 304 "-" "Mozilla/5.0 (Macintosh; Intel Mac OS X 10_10_1) AppleWebKit/600.2.5 (KHTML, like Gecko) Version/8.0.2 Safari/600.2.5 (Applebot/0.1; +http://www.apple.com/go/applebot)"
fizz.cmp.uea.ac.uk:80 156.53.200.217 - - [08/May/2016:07:29:50 +0100] "GET / HTTP/1.1" 200 303 "-" "Mozilla/5.0 (Macintosh; Intel Mac OS X 10_10_1) AppleWebKit/600.2.5 (KHTML, like Gecko) Version/8.0.2 Safari/600.2.5 (Applebot/0.1; +http://www.apple.com/go/applebot)"
fizz.cmp.uea.ac.uk:80 156.53.200.217 - - [08/May/2016:07:30:01 +0100] "GET / HTTP/1.1" 200 304 "-" "Mozilla/5.0 (Macintosh; Intel Mac OS X 10_10_1) AppleWebKit/600.2.5 (KHTML, like Gecko) Version/8.0.2 Safari/600.2.5 (Applebot/0.1; +http://www.apple.com/go/applebot)"
fizz.cmp.uea.ac.uk:80 117.82.223.154 - - [08/May/2016:07:30:03 +0100] "GET /dyndom/familySearch.jsp?id=117956C380B2B24272CE251E000C377B1 HTTP/1.1" 200 11415 "-" "Mozilla/5.0 (compatible; DotBot/1.1; http://www.opensiteexplorer.org/dotbot, help@moz.com)"
fizz.cmp.uea.ac.uk:80 117.82.223.154 - - [08/May/2016:07:30:04 +0100] "GET /dyndom/familySearch.jsp?id=431C3E40E5DD40381A27A1FE7DF9547E1 HTTP/1.1" 200 11415 "-" "Mozilla/5.0 (compatible; DotBot/1.1; http://www.opensiteexplorer.org/dotbot, help@moz.com)"
fizz.cmp.uea.ac.uk:80 117.82.223.154 - - [08/May/2016:07:30:04 +0100] "GET /dyndom/dyndomSearch.jsp?type=WEBSITE&id=F08BFBD36301976FD6D8F05D99C1A8851 HTTP/1.1" 200 11592 "-" "Mozilla/5.0 (compatible; DotBot/1.1; http://www.opensiteexplorer.org/dotbot, help@moz.com)"
fizz.cmp.uea.ac.uk:80 156.53.200.217 - - [08/May/2016:07:30:05 +0100] "GET /dyndom/Subgroup.do?subgroupid=4432_m HTTP/1.1" 200 2958 "-" "Mozilla/5.0 (Macintosh; Intel Mac OS X 10_10_1) AppleWebKit/600.2.5 (KHTML, like Gecko) Version/8.0.2 Safari/600.2.5 (Applebot/0.1; +http://www.apple.com/go/applebot)"
fizz.cmp.uea.ac.uk:80 117.82.223.154 - - [08/May/2016:07:30:05 +0100] "GET /dyndom/dyndomSearch.jsp?type=WEBSITE&id=FFF12A87466443E833C5ED8DA855A08A1 HTTP/1.1" 200 11592 "-" "Mozilla/5.0 (compatible; DotBot/1.1; http://www.opensiteexplorer.org/dotbot, help@moz.com)"
fizz.cmp.uea.ac.uk:80 156.53.200.217 - - [08/May/2016:07:30:05 +0100] "GET / HTTP/1.1" 200 303 "-" "Mozilla/5.0 (Macintosh; Intel Mac OS X 10_10_1) AppleWebKit/600.2.5 (KHTML, like Gecko) Version/8.0.2 Safari/600.2.5 (Applebot/0.1; +http://www.apple.com/go/applebot)"
fizz.cmp.uea.ac.uk:80 117.82.223.154 - - [08/May/2016:07:30:05 +0100] "GET /dyndom/dyndomSearch.jsp?type=NR&id=26BBCE023E50FB6C115F789245B4ECC01 HTTP/1.1" 200 11588 "-" "Mozilla/5.0 (compatible; DotBot/1.1; http://www.opensiteexplorer.org/dotbot, help@moz.com)"
fizz.cmp.uea.ac.uk:80 117.82.223.154 - - [08/May/2016:07:30:06 +0100] "GET /dyndom/familySearch.jsp?id=422F4231F3E98EE019F3FD789829FF161 HTTP/1.1" 200 11415 "-" "Mozilla/5.0 (compatible; DotBot/1.1; http://www.opensiteexplorer.org/dotbot, help@moz.com)"
fizz.cmp.uea.ac.uk:80 117.82.223.154 - - [08/May/2016:07:30:07 +0100] "GET /dyndom/runDyndom.jsp?id=0DAA2E53CCF192EA3B88F384FCF152291 HTTP/1.1" 200 14543 "-" "Mozilla/5.0 (compatible; DotBot/1.1; http://www.opensiteexplorer.org/dotbot, help@moz.com)"
fizz.cmp.uea.ac.uk:80 117.82.223.154 - - [08/May/2016:07:30:06 +0100] "GET /dyndom/browse.do?type=NR&id=94598519C68757D0980A47D6AFCD88481 HTTP/1.1" 200 1829593 "-" "Mozilla/5.0 (compatible; DotBot/1.1; http://www.opensiteexplorer.org/dotbot, help@moz.com)"
fizz.cmp.uea.ac.uk:80 117.82.223.154 - - [08/May/2016:07:30:06 +0100] "GET /dyndom/browse.do?type=NR&id=DB7B6071B283A5297D5B55276114AF221 HTTP/1.1" 200 1829593 "-" "Mozilla/5.0 (compatible; DotBot/1.1; http://www.opensiteexplorer.org/dotbot, help@moz.com)"
fizz.cmp.uea.ac.uk:80 117.82.223.154 - - [08/May/2016:07:30:08 +0100] "GET /dyndom/browse.do?type=NR&id=0B61FB25F4B753B40089293E820AFB031 HTTP/1.1" 200 1829593 "-" "Mozilla/5.0 (compatible; DotBot/1.1; http://www.opensiteexplorer.org/dotbot, help@moz.com)"
lemur.cmp.uea.ac.uk:80 102.108.182.70 - - [08/May/2016:07:30:23 +0100] "GET /old/wp-admin/ HTTP/1.1" 403 385 "-" "-"
fizz.cmp.uea.ac.uk:80 117.82.223.154 - - [08/May/2016:07:30:34 +0100] "GET /dyndom/runDyndom.jsp?id=0BA9A81D7116FF48E9BB01BC45630DB51 HTTP/1.1" 200 14543 "-" "Mozilla/5.0 (compatible; DotBot/1.1; http://www.opensiteexplorer.org/dotbot, help@moz.com)"
fizz.cmp.uea.ac.uk:80 117.82.223.154 - - [08/May/2016:07:30:35 +0100] "GET /dyndom/dyndomSearch.jsp?type=WEBSITE&id=F2CB058DFF9F2423AAB30E26B3E449871 HTTP/1.1" 200 11592 "-" "Mozilla/5.0 (compatible; DotBot/1.1; http://www.opensiteexplorer.org/dotbot, help@moz.com)"
fizz.cmp.uea.ac.uk:80 117.82.223.154 - - [08/May/2016:07:30:35 +0100] "GET /dyndom/dyndomSearch.jsp?type=WEBSITE&id=F9F1036000F87D6CE5FB5CAFA1FC43E91 HTTP/1.1" 200 11592 "-" "Mozilla/5.0 (compatible; DotBot/1.1; http://www.opensiteexplorer.org/dotbot, help@moz.com)"
fizz.cmp.uea.ac.uk:80 117.82.223.154 - - [08/May/2016:07:30:36 +0100] "GET /dyndom/SubgroupList.do?dyndom=success&id=36958E58DC615C152826E7FB8A46495C1 HTTP/1.1" 200 1581375 "-" "Mozilla/5.0 (compatible; DotBot/1.1; http://www.opensiteexplorer.org/dotbot, help@moz.com)"
fizz.cmp.uea.ac.uk:80 117.82.223.154 - - [08/May/2016:07:30:35 +0100] "GET /dyndom/browse.do?type=WEBSITE&id=FCC65E6880771B7F809D3A8F2E28D4171 HTTP/1.1" 200 2069227 "-" "Mozilla/5.0 (compatible; DotBot/1.1; http://www.opensiteexplorer.org/dotbot, help@moz.com)"
fizz.cmp.uea.ac.uk:80 117.82.223.154 - - [08/May/2016:07:30:34 +0100] "GET /dyndom/browse.do?type=NR&id=6524C61806C09149F7752454344D43231 HTTP/1.1" 200 1829593 "-" "Mozilla/5.0 (compatible; DotBot/1.1; http://www.opensiteexplorer.org/dotbot, help@moz.com)"
lemur.cmp.uea.ac.uk:80 94.132.83.75 - - [08/May/2016:07:30:56 +0100] "GET /~ajb/Pictures/My%20Pictures/Koh%20Tao/2005_07_17/Thumbs.db HTTP/1.1" 200 8956 "-" "Mozilla/5.0 (compatible; YandexBot/3.0; +http://yandex.com/bots)"
fizz.cmp.uea.ac.uk:80 156.53.200.217 - - [08/May/2016:07:30:58 +0100] "GET / HTTP/1.1" 200 304 "-" "Mozilla/5.0 (Macintosh; Intel Mac OS X 10_10_1) AppleWebKit/600.2.5 (KHTML, like Gecko) Version/8.0.2 Safari/600.2.5 (Applebot/0.1; +http://www.apple.com/go/applebot)"
fizz.cmp.uea.ac.uk:80 94.132.83.75 - - [08/May/2016:07:30:58 +0100] "GET /dyndom/runDescription.do?counter=1&id=E51CE3E1DF97C978D5740ED77FF320AA HTTP/1.1" 200 4881 "-" "Mozilla/5.0 (compatible; YandexBot/3.0; +http://yandex.com/bots)"
fizz.cmp.uea.ac.uk:80 94.132.83.75 - - [08/May/2016:07:31:00 +0100] "GET /dyndom/runDescription.do?counter=1&id=12755353C8456953BDE2259CFCC68B51 HTTP/1.1" 200 4880 "-" "Mozilla/5.0 (compatible; YandexBot/3.0; +http://yandex.com/bots)"
fizz.cmp.uea.ac.uk:80 94.132.83.75 - - [08/May/2016:07:31:02 +0100] "GET /dyndom/runDescription.do?counter=1&id=1002DCEC28ADFFC64A7A63E86D7FB844 HTTP/1.1" 200 4884 "-" "Mozilla/5.0 (compatible; YandexBot/3.0; +http://yandex.com/bots)"
fizz.cmp.uea.ac.uk:80 117.82.223.154 - - [08/May/2016:07:31:00 +0100] "GET /dyndom/SubgroupList.do?dyndom=success&id=78695AFFD00B427AAB2035B85BAFD6401 HTTP/1.1" 200 1581375 "-" "Mozilla/5.0 (compatible; DotBot/1.1; http://www.opensiteexplorer.org/dotbot, help@moz.com)"
fizz.cmp.uea.ac.uk:80 94.132.83.75 - - [08/May/2016:07:31:04 +0100] "GET /dyndom/runDescription.do?counter=1&id=3DFFFD134ACB02A9CC3686E0E9ECC33B HTTP/1.1" 200 4881 "-" "Mozilla/5.0 (compatible; YandexBot/3.0; +http://yandex.com/bots)"
fizz.cmp.uea.ac.uk:80 94.132.83.75 - - [08/May/2016:07:31:06 +0100] "GET /dyndom/runDyndom.jsp?id=D0ECA2D14675B0F2EB2023B8157CE7941 HTTP/1.1" 200 3024 "-" "Mozilla/5.0 (compatible; YandexBot/3.0; +http://yandex.com/bots)"
fizz.cmp.uea.ac.uk:80 94.132.83.75 - - [08/May/2016:07:31:08 +0100] "GET /dyndom/runDescription.do?counter=1&id=AC95C52B9DDA305DA251AB1586E54DB4 HTTP/1.1" 200 4880 "-" "Mozilla/5.0 (compatible; YandexBot/3.0; +http://yandex.com/bots)"
fizz.cmp.uea.ac.uk:80 94.132.83.75 - - [08/May/2016:07:31:10 +0100] "GET /dyndom/dyndomSearch.jsp?type=WEBSITE&id=BE9B5A29E0ECB308FE5FD1DE848A68811 HTTP/1.1" 200 2516 "-" "Mozilla/5.0 (compatible; YandexBot/3.0; +http://yandex.com/bots)"
fizz.cmp.uea.ac.uk:80 94.132.83.75 - - [08/May/2016:07:31:12 +0100] "GET /dyndom/runDescription.do?counter=1&id=E8C80AA9EA7A6095C55C1DE33FC60978 HTTP/1.1" 200 4882 "-" "Mozilla/5.0 (compatible; YandexBot/3.0; +http://yandex.com/bots)"
fizz.cmp.uea.ac.uk:80 117.82.223.154 - - [08/May/2016:07:31:14 +0100] "GET /dyndom/dyndomSearch.jsp?type=WEBSITE&id=68B966ED3A0C70979F7D23D4B19F4DDA1 HTTP/1.1" 200 11592 "-" "Mozilla/5.0 (compatible; DotBot/1.1; http://www.opensiteexplorer.org/dotbot, help@moz.com)"
fizz.cmp.uea.ac.uk:80 94.132.83.75 - - [08/May/2016:07:31:14 +0100] "GET /dyndom/dyndomSearch.jsp?type=WEBSITE&id=EB73B3C65E4482A0165CCFC646225C591 HTTP/1.1" 200 2514 "-" "Mozilla/5.0 (compatible; YandexBot/3.0; +http://yandex.com/bots)"
fizz.cmp.uea.ac.uk:80 117.82.223.154 - - [08/May/2016:07:31:15 +0100] "GET /dyndom/dyndomSearch.jsp?type=NR&id=66AFEC088079096C6FFD7E6D687017EA1 HTTP/1.1" 200 11588 "-" "Mozilla/5.0 (compatible; DotBot/1.1; http://www.opensiteexplorer.org/dotbot, help@moz.com)"
fizz.cmp.uea.ac.uk:80 117.82.223.154 - - [08/May/2016:07:31:15 +0100] "GET /dyndom/dyndomSearch.jsp?type=WEBSITE&id=72BAD23BCCEAFA632CF4328435CFB4881 HTTP/1.1" 200 11592 "-" "Mozilla/5.0 (compatible; DotBot/1.1; http://www.opensiteexplorer.org/dotbot, help@moz.com)"
fizz.cmp.uea.ac.uk:80 117.82.223.154 - - [08/May/2016:07:31:16 +0100] "GET /dyndom/runDyndom.jsp?id=71B7EEB696AA8C2BFBAAEA21AD94B6FF1 HTTP/1.1" 200 14543 "-" "Mozilla/5.0 (compatible; DotBot/1.1; http://www.opensiteexplorer.org/dotbot, help@moz.com)"
fizz.cmp.uea.ac.uk:80 156.53.200.217 - - [08/May/2016:07:31:16 +0100] "GET / HTTP/1.1" 200 304 "-" "Mozilla/5.0 (Macintosh; Intel Mac OS X 10_10_1) AppleWebKit/600.2.5 (KHTML, like Gecko) Version/8.0.2 Safari/600.2.5 (Applebot/0.1; +http://www.apple.com/go/applebot)"
fizz.cmp.uea.ac.uk:80 117.82.223.154 - - [08/May/2016:07:31:16 +0100] "GET /dyndom/Subgroup.do?subgroupid=1088_m HTTP/1.1" 200 17503 "-" "Mozilla/5.0 (compatible; DotBot/1.1; http://www.opensiteexplorer.org/dotbot, help@moz.com)"
fizz.cmp.uea.ac.uk:80 94.132.83.75 - - [08/May/2016:07:31:16 +0100] "GET /dyndom/dyndomSearch.jsp?type=WEBSITE&id=A5B5138814D9000EE363C5FAA3727F1F1 HTTP/1.1" 200 2514 "-" "Mozilla/5.0 (compatible; YandexBot/3.0; +http://yandex.com/bots)"
fizz.cmp.uea.ac.uk:80 117.82.223.154 - - [08/May/2016:07:31:16 +0100] "GET /dyndom/dyndomRun.do?ddid=PYRUV1R191&action=view HTTP/1.1" 200 32519 "-" "Mozilla/5.0 (compatible; DotBot/1.1; http://www.opensiteexplorer.org/dotbot, help@moz.com)"
fizz.cmp.uea.ac.uk:80 156.53.200.217 - - [08/May/2016:07:31:17 +0100] "GET /favicon.ico HTTP/1.1" 404 415 "-" "Mozilla/5.0 (Macintosh; Intel Mac OS X 10_10_1) AppleWebKit/600.2.5 (KHTML, like Gecko) Version/8.0.2 Safari/600.2.5 (Applebot/0.1; +http://www.apple.com/go/applebot)"
lemur.cmp.uea.ac.uk:80 94.132.83.75 - - [08/May/2016:07:31:17 +0100] "GET /~ajb/Pictures/My%20Pictures/Seim%20Reap/2005_06_17/Thumbs.db HTTP/1.1" 200 7931 "-" "Mozilla/5.0 (compatible; YandexBot/3.0; +http://yandex.com/bots)"
fizz.cmp.uea.ac.uk:80 117.82.223.154 - - [08/May/2016:07:31:14 +0100] "GET /dyndom/SubgroupList.do?dyndom=success&id=BC616DC16CCC950F4325700353719E2C1 HTTP/1.1" 200 1581375 "-" "Mozilla/5.0 (compatible; DotBot/1.1; http://www.opensiteexplorer.org/dotbot, help@moz.com)"
fizz.cmp.uea.ac.uk:80 156.53.200.217 - - [08/May/2016:07:31:17 +0100] "GET /apple-touch-icon.png HTTP/1.1" 404 425 "-" "Mozilla/5.0 (Macintosh; Intel Mac OS X 10_10_1) AppleWebKit/600.2.5 (KHTML, like Gecko) Version/8.0.2 Safari/600.2.5 (Applebot/0.1; +http://www.apple.com/go/applebot)"
fizz.cmp.uea.ac.uk:80 117.82.223.154 - - [08/May/2016:07:31:17 +0100] "GET /dyndom/dyndomRun.do?ddid=UDPGA2R3&action=view HTTP/1.1" 200 27344 "-" "Mozilla/5.0 (compatible; DotBot/1.1; http://www.opensiteexplorer.org/dotbot, help@moz.com)"
fizz.cmp.uea.ac.uk:80 156.53.200.217 - - [08/May/2016:07:31:18 +0100] "GET /apple-touch-icon-precomposed.png HTTP/1.1" 404 436 "-" "Mozilla/5.0 (Macintosh; Intel Mac OS X 10_10_1) AppleWebKit/600.2.5 (KHTML, like Gecko) Version/8.0.2 Safari/600.2.5 (Applebot/0.1; +http://www.apple.com/go/applebot)"
fizz.cmp.uea.ac.uk:80 117.82.223.154 - - [08/May/2016:07:31:18 +0100] "GET /dyndom/dyndomRun.do?ddid=HEMKP1R1&action=view HTTP/1.1" 200 24549 "-" "Mozilla/5.0 (compatible; DotBot/1.1; http://www.opensiteexplorer.org/dotbot, help@moz.com)"
fizz.cmp.uea.ac.uk:80 137.82.152.134 - - [08/May/2016:07:31:18 +0100] "GET /dyndom/dyndomSearch.jsp?type=NR&id=4EDB737E9A5705205108CB59C4F264FA1 HTTP/1.1" 200 2511 "-" "Mozilla/5.0 (compatible; YandexBot/3.0; +http://yandex.com/bots)"
fizz.cmp.uea.ac.uk:80 117.82.223.154 - - [08/May/2016:07:31:19 +0100] "GET /dyndom/dyndomRun.do?ddid=OCCLU1R2&action=view HTTP/1.1" 200 21173 "-" "Mozilla/5.0 (compatible; DotBot/1.1; http://www.opensiteexplorer.org/dotbot, help@moz.com)"
fizz.cmp.uea.ac.uk:80 117.82.223.154 - - [08/May/2016:07:31:20 +0100] "GET /dyndom/Subgroup.do?subgroupid=3149_m HTTP/1.1" 200 17682 "-" "Mozilla/5.0 (compatible; DotBot/1.1; http://www.opensiteexplorer.org/dotbot, help@moz.com)"
fizz.cmp.uea.ac.uk:80 117.82.223.154 - - [08/May/2016:07:31:20 +0100] "GET /dyndom/class16/CULLI1R1.html HTTP/1.1" 200 6193 "-" "Mozilla/5.0 (compatible; DotBot/1.1; http://www.opensiteexplorer.org/dotbot, help@moz.com)"
fizz.cmp.uea.ac.uk:80 94.132.83.75 - - [08/May/2016:07:31:20 +0100] "GET /dyndom/dyndomSearch.jsp?type=WEBSITE&id=5D843399283BC0B05346E12F34F80C2F1 HTTP/1.1" 200 2512 "-" "Mozilla/5.0 (compatible; YandexBot/3.0; +http://yandex.com/bots)"
fizz.cmp.uea.ac.uk:80 117.82.223.154 - - [08/May/2016:07:31:21 +0100] "GET /dyndom/class16/DELTA2R1.html HTTP/1.1" 200 6230 "-" "Mozilla/5.0 (compatible; DotBot/1.1; http://www.opensiteexplorer.org/dotbot, help@moz.com)"
fizz.cmp.uea.ac.uk:80 117.82.223.154 - - [08/May/2016:07:31:21 +0100] "GET /dyndom/class16/LACTO1R1.html HTTP/1.1" 200 6174 "-" "Mozilla/5.0 (compatible; DotBot/1.1; http://www.opensiteexplorer.org/dotbot, help@moz.com)"
fizz.cmp.uea.ac.uk:80 117.82.223.154 - - [08/May/2016:07:31:22 +0100] "GET /dyndom/class16/PHAGE1R1.html HTTP/1.1" 200 6173 "-" "Mozilla/5.0 (compatible; DotBot/1.1; http://www.opensiteexplorer.org/dotbot, help@moz.com)"
fizz.cmp.uea.ac.uk:80 117.82.223.154 - - [08/May/2016:07:31:22 +0100] "GET /dyndom/class16/PROTO4R1.html HTTP/1.1" 200 5854 "-" "Mozilla/5.0 (compatible; DotBot/1.1; http://www.opensiteexplorer.org/dotbot, help@moz.com)"
fizz.cmp.uea.ac.uk:80 94.132.83.75 - - [08/May/2016:07:31:22 +0100] "GET /dyndom/dyndomSearch.jsp?type=NR&id=071BC84C704C982DF341C1D56F4C74DF1 HTTP/1.1" 200 2511 "-" "Mozilla/5.0 (compatible; YandexBot/3.0; +http://yandex.com/bots)"
fizz.cmp.uea.ac.uk:80 117.82.223.154 - - [08/May/2016:07:31:23 +0100] "GET /dyndom/class16/TRNAP2R1.html HTTP/1.1" 200 6187 "-" "Mozilla/5.0 (compatible; DotBot/1.1; http://www.opensiteexplorer.org/dotbot, help@moz.com)"
fizz.cmp.uea.ac.uk:80 117.82.223.154 - - [08/May/2016:07:31:20 +0100] "GET /dyndom/browse.do?type=WEBSITE&id=56F1028A57A3AD872E64E6A1839AAE931 HTTP/1.1" 200 2069227 "-" "Mozilla/5.0 (compatible; DotBot/1.1; http://www.opensiteexplorer.org/dotbot, help@moz.com)"
fizz.cmp.uea.ac.uk:80 117.82.223.154 - - [08/May/2016:07:31:23 +0100] "GET /dyndom/dyndomSearch.jsp?type=NR&id=326CB37F0A66A1990E72D9293BEC105F1 HTTP/1.1" 200 11588 "-" "Mozilla/5.0 (compatible; DotBot/1.1; http://www.opensiteexplorer.org/dotbot, help@moz.com)"
fizz.cmp.uea.ac.uk:80 117.82.223.154 - - [08/May/2016:07:31:24 +0100] "GET /dyndom/dyndomRun.do?ddid=ADENY3R10&action=view HTTP/1.1" 200 26314 "-" "Mozilla/5.0 (compatible; DotBot/1.1; http://www.opensiteexplorer.org/dotbot, help@moz.com)"
