fizz.cmp.uea.ac.uk:80 137.82.152.134 - - [08/May/2016:07:50:36 +0100] "GET /dyndom/dyndomSearch.jsp?type=WEBSITE&id=3873E11ED424343287EB5B66DE2D76DB1 HTTP/1.1" 200 2512 "-" "Mozilla/5.0 (compatible; YandexBot/3.0; +http://yandex.com/bots)"
fizz.cmp.uea.ac.uk:80 49.84.185.65 - - [08/May/2016:07:50:36 +0100] "GET /dyndom/familySearch.jsp?id=5B4EB92885AFA73778E7C4E82DC6DC6F1 HTTP/1.1" 200 2460 "-" "Mozilla/5.0 (compatible; YandexBot/3.0; +http://yandex.com/bots)"
fizz.cmp.uea.ac.uk:80 19.109.173.7 - - [08/May/2016:07:50:36 +0100] "GET /dyndom/familySearch.jsp?id=5B91EE4B159E1388C0AE915F2D2F84B41 HTTP/1.1" 200 2462 "-" "Mozilla/5.0 (compatible; YandexBot/3.0; +http://yandex.com/bots)"
fizz.cmp.uea.ac.uk:80 94.132.83.75 - - [08/May/2016:07:50:37 +0100] "GET /dyndom/familySearch.jsp?id=F0C572BA8CF026046969160148A01EC01 HTTP/1.1" 200 2461 "-" "Mozilla/5.0 (compatible; YandexBot/3.0; +http://yandex.com/bots)"
fizz.cmp.uea.ac.uk:80 137.82.152.134 - - [08/May/2016:07:50:37 +0100] "GET /dyndom/familySearch.jsp?id=67D548E729F8D20758C53ED9085EA8D31 HTTP/1.1" 200 2462 "-" "Mozilla/5.0 (compatible; YandexBot/3.0; +http://yandex.com/bots)"
fizz.cmp.uea.ac.uk:80 156.53.200.217 - - [08/May/2016:07:50:53 +0100] "GET / HTTP/1.1" 200 304 "-" "Mozilla/5.0 (iPhone; CPU iPhone OS 8_1 like Mac OS X) AppleWebKit/600.1.4 (KHTML, like Gecko) Version/8.0 Mobile/12B410 Safari/600.1.4 (Applebot/0.1; +http://www.apple.com/go/applebot)"
fizz.cmp.uea.ac.uk:80 156.53.200.217 - - [08/May/2016:07:51:25 +0100] "GET / HTTP/1.1" 200 304 "-" "Mozilla/5.0 (iPhone; CPU iPhone OS 8_1 like Mac OS X) AppleWebKit/600.1.4 (KHTML, like Gecko) Version/8.0 Mobile/12B410 Safari/600.1.4 (Applebot/0.1; +http://www.apple.com/go/applebot)"
fizz.cmp.uea.ac.uk:80 94.132.83.75 - - [08/May/2016:07:52:21 +0100] "GET /dyndom/familySearch.jsp?id=E33D16B2EC499A2563B4AFE3C8FF633B1 HTTP/1.1" 200 2459 "-" "Mozilla/5.0 (compatible; YandexBot/3.0; +http://yandex.com/bots)"
fizz.cmp.uea.ac.uk:80 137.82.152.134 - - [08/May/2016:07:52:21 +0100] "GET /dyndom/familySearch.jsp?id=035C1919B148D21FD75886E634AA4D931 HTTP/1.1" 200 2463 "-" "Mozilla/5.0 (compatible; YandexBot/3.0; +http://yandex.com/bots)"
fizz.cmp.uea.ac.uk:80 94.132.83.75 - - [08/May/2016:07:52:21 +0100] "GET /dyndom/familySearch.jsp?id=DB1EA33B933CB3CC4B29586AFBBE86EE1 HTTP/1.1" 200 2460 "-" "Mozilla/5.0 (compatible; YandexBot/3.0; +http://yandex.com/bots)"
fizz.cmp.uea.ac.uk:80 94.132.83.75 - - [08/May/2016:07:52:22 +0100] "GET /dyndom/familySearch.jsp?id=9B82346AAEB8AB81DC0CE9A1F83FFDAD1 HTTP/1.1" 200 2462 "-" "Mozilla/5.0 (compatible; YandexBot/3.0; +http://yandex.com/bots)"
fizz.cmp.uea.ac.uk:80 137.82.152.134 - - [08/May/2016:07:52:22 +0100] "GET /dyndom/familySearch.jsp?id=9F047F65CC40D574D48F324B6C3B5CEE1 HTTP/1.1" 200 2461 "-" "Mozilla/5.0 (compatible; YandexBot/3.0; +http://yandex.com/bots)"
fizz.cmp.uea.ac.uk:80 49.84.185.65 - - [08/May/2016:07:52:23 +0100] "GET /dyndom/familySearch.jsp?id=4770E265E906DA2E0DD2AC9121EDEF991 HTTP/1.1" 200 2463 "-" "Mozilla/5.0 (compatible; YandexBot/3.0; +http://yandex.com/bots)"
fizz.cmp.uea.ac.uk:80 94.132.83.75 - - [08/May/2016:07:52:23 +0100] "GET /dyndom/familySearch.jsp?id=15B67D3312875D3EDED95414841331881 HTTP/1.1" 200 2462 "-" "Mozilla/5.0 (compatible; YandexBot/3.0; +http://yandex.com/bots)"
fizz.cmp.uea.ac.uk:80 137.82.152.134 - - [08/May/2016:07:52:23 +0100] "GET /dyndom/familySearch.jsp?id=95CA92F95F14E56A7A718E44DB5D6CCA1 HTTP/1.1" 200 2462 "-" "Mozilla/5.0 (compatible; YandexBot/3.0; +http://yandex.com/bots)"
fizz.cmp.uea.ac.uk:80 49.84.185.65 - - [08/May/2016:07:52:24 +0100] "GET /dyndom/familySearch.jsp?id=8462F29909B290B70315BA16708D63E61 HTTP/1.1" 200 2462 "-" "Mozilla/5.0 (compatible; YandexBot/3.0; +http://yandex.com/bots)"
fizz.cmp.uea.ac.uk:80 19.109.173.7 - - [08/May/2016:07:52:24 +0100] "GET /dyndom/familySearch.jsp?id=50DFC24254E9DBD6DEF054C6448954F51 HTTP/1.1" 200 2462 "-" "Mozilla/5.0 (compatible; YandexBot/3.0; +http://yandex.com/bots)"
fizz.cmp.uea.ac.uk:80 94.132.83.75 - - [08/May/2016:07:52:24 +0100] "GET /dyndom/familySearch.jsp?id=DD6176C7B353FFED1B5E40086E5EC1DD1 HTTP/1.1" 200 2457 "-" "Mozilla/5.0 (compatible; YandexBot/3.0; +http://yandex.com/bots)"
fizz.cmp.uea.ac.uk:80 137.82.152.134 - - [08/May/2016:07:52:25 +0100] "GET /dyndom/dyndomSearch.jsp?type=WEBSITE&id=94253D66C46E80DD794B8233D101D3A71 HTTP/1.1" 200 2514 "-" "Mozilla/5.0 (compatible; YandexBot/3.0; +http://yandex.com/bots)"
fizz.cmp.uea.ac.uk:80 49.84.185.65 - - [08/May/2016:07:52:25 +0100] "GET /dyndom/familySearch.jsp?id=3938A94EE764350EC1EB0DA8DD6E2BBB1 HTTP/1.1" 200 2462 "-" "Mozilla/5.0 (compatible; YandexBot/3.0; +http://yandex.com/bots)"
fizz.cmp.uea.ac.uk:80 19.109.173.7 - - [08/May/2016:07:52:25 +0100] "GET /dyndom/familySearch.jsp?id=10FB1F4E95DD5A235505AE0579B96CA61 HTTP/1.1" 200 2462 "-" "Mozilla/5.0 (compatible; YandexBot/3.0; +http://yandex.com/bots)"
fizz.cmp.uea.ac.uk:80 94.132.83.75 - - [08/May/2016:07:52:26 +0100] "GET /dyndom/familySearch.jsp?id=B50A75EA717F570BF74C517E3E55C0DF1 HTTP/1.1" 200 2461 "-" "Mozilla/5.0 (compatible; YandexBot/3.0; +http://yandex.com/bots)"
fizz.cmp.uea.ac.uk:80 137.82.152.134 - - [08/May/2016:07:52:26 +0100] "GET /dyndom/familySearch.jsp?id=77875102A05AEDD9D4F5BD9B525D96A41 HTTP/1.1" 200 2461 "-" "Mozilla/5.0 (compatible; YandexBot/3.0; +http://yandex.com/bots)"
fizz.cmp.uea.ac.uk:80 49.84.185.65 - - [08/May/2016:07:52:27 +0100] "GET /dyndom/familySearch.jsp?id=027EC005C56E8878B0CDF46D7CCA49E91 HTTP/1.1" 200 2461 "-" "Mozilla/5.0 (compatible; YandexBot/3.0; +http://yandex.com/bots)"
fizz.cmp.uea.ac.uk:80 19.109.173.7 - - [08/May/2016:07:52:27 +0100] "GET /dyndom/familySearch.jsp?id=ABB55D82DB6BB69F65E23CE174DEE8B51 HTTP/1.1" 200 2461 "-" "Mozilla/5.0 (compatible; YandexBot/3.0; +http://yandex.com/bots)"
fizz.cmp.uea.ac.uk:80 94.132.83.75 - - [08/May/2016:07:52:27 +0100] "GET /dyndom/familySearch.jsp?id=9D9C35AA7CB5F9B90E3A0227C99EA4061 HTTP/1.1" 200 2459 "-" "Mozilla/5.0 (compatible; YandexBot/3.0; +http://yandex.com/bots)"
fizz.cmp.uea.ac.uk:80 137.82.152.134 - - [08/May/2016:07:52:28 +0100] "GET /dyndom/familySearch.jsp?id=F0C48C22BC4CDF6A513DE8A17A057A481 HTTP/1.1" 200 2461 "-" "Mozilla/5.0 (compatible; YandexBot/3.0; +http://yandex.com/bots)"
fizz.cmp.uea.ac.uk:80 156.53.200.217 - - [08/May/2016:07:52:28 +0100] "GET / HTTP/1.1" 200 304 "-" "Mozilla/5.0 (iPhone; CPU iPhone OS 8_1 like Mac OS X) AppleWebKit/600.1.4 (KHTML, like Gecko) Version/8.0 Mobile/12B410 Safari/600.1.4 (Applebot/0.1; +http://www.apple.com/go/applebot)"
fizz.cmp.uea.ac.uk:80 49.84.185.65 - - [08/May/2016:07:52:28 +0100] "GET /dyndom/familySearch.jsp?id=BA152FE35C67B28880B30D6D2D36BB121 HTTP/1.1" 200 2461 "-" "Mozilla/5.0 (compatible; YandexBot/3.0; +http://yandex.com/bots)"
fizz.cmp.uea.ac.uk:80 19.109.173.7 - - [08/May/2016:07:52:28 +0100] "GET /dyndom/dyndomSearch.jsp?type=NR&id=48A8AC41037B905080F502B1ABDF7D571 HTTP/1.1" 200 2510 "-" "Mozilla/5.0 (compatible; YandexBot/3.0; +http://yandex.com/bots)"
fizz.cmp.uea.ac.uk:80 94.132.83.75 - - [08/May/2016:07:52:29 +0100] "GET /dyndom/familySearch.jsp?id=243B7EFE577D3E82DCD5E1406A80BAE91 HTTP/1.1" 200 2460 "-" "Mozilla/5.0 (compatible; YandexBot/3.0; +http://yandex.com/bots)"
fizz.cmp.uea.ac.uk:80 137.82.152.134 - - [08/May/2016:07:52:29 +0100] "GET /dyndom/familySearch.jsp?id=F462E11830AA745ACF04623102372BCA1 HTTP/1.1" 200 2461 "-" "Mozilla/5.0 (compatible; YandexBot/3.0; +http://yandex.com/bots)"
fizz.cmp.uea.ac.uk:80 49.84.185.65 - - [08/May/2016:07:52:29 +0100] "GET /dyndom/familySearch.jsp?id=E2C71E3098DD972DF6712E83F6D4B9101 HTTP/1.1" 200 2460 "-" "Mozilla/5.0 (compatible; YandexBot/3.0; +http://yandex.com/bots)"
fizz.cmp.uea.ac.uk:80 19.109.173.7 - - [08/May/2016:07:52:30 +0100] "GET /dyndom/familySearch.jsp?id=F276F476A88C79712DE9965C17F5147A1 HTTP/1.1" 200 2462 "-" "Mozilla/5.0 (compatible; YandexBot/3.0; +http://yandex.com/bots)"
fizz.cmp.uea.ac.uk:80 94.132.83.75 - - [08/May/2016:07:52:30 +0100] "GET /dyndom/familySearch.jsp?id=7892ADB4F56857AA5D59B473A9BE22481 HTTP/1.1" 200 2462 "-" "Mozilla/5.0 (compatible; YandexBot/3.0; +http://yandex.com/bots)"
fizz.cmp.uea.ac.uk:80 137.82.152.134 - - [08/May/2016:07:52:31 +0100] "GET /dyndom/familySearch.jsp?id=5066297C0798D9E73021C1D61A96D7301 HTTP/1.1" 200 2458 "-" "Mozilla/5.0 (compatible; YandexBot/3.0; +http://yandex.com/bots)"
fizz.cmp.uea.ac.uk:80 49.84.185.65 - - [08/May/2016:07:52:31 +0100] "GET /dyndom/familySearch.jsp?id=3C7E5730346E6E6C76BF99DCF1C71C0D1 HTTP/1.1" 200 2458 "-" "Mozilla/5.0 (compatible; YandexBot/3.0; +http://yandex.com/bots)"
fizz.cmp.uea.ac.uk:80 19.109.173.7 - - [08/May/2016:07:52:31 +0100] "GET /dyndom/familySearch.jsp?id=CD698E22C3C73B8545B306EC57862C2C1 HTTP/1.1" 200 2462 "-" "Mozilla/5.0 (compatible; YandexBot/3.0; +http://yandex.com/bots)"
fizz.cmp.uea.ac.uk:80 94.132.83.75 - - [08/May/2016:07:52:32 +0100] "GET /dyndom/familySearch.jsp?id=F1D5F5A4121199D15B1927D30690E96B1 HTTP/1.1" 200 2461 "-" "Mozilla/5.0 (compatible; YandexBot/3.0; +http://yandex.com/bots)"
fizz.cmp.uea.ac.uk:80 137.82.152.134 - - [08/May/2016:07:52:32 +0100] "GET /dyndom/familySearch.jsp?id=9E4CED85C3F8E061DF5AE3C9255CC2781 HTTP/1.1" 200 2462 "-" "Mozilla/5.0 (compatible; YandexBot/3.0; +http://yandex.com/bots)"
fizz.cmp.uea.ac.uk:80 49.84.185.65 - - [08/May/2016:07:52:33 +0100] "GET /dyndom/familySearch.jsp?id=BBA95CD72B389B88DF2DF1D291D3F03D1 HTTP/1.1" 200 2463 "-" "Mozilla/5.0 (compatible; YandexBot/3.0; +http://yandex.com/bots)"
fizz.cmp.uea.ac.uk:80 156.53.200.217 - - [08/May/2016:07:52:33 +0100] "GET / HTTP/1.1" 200 304 "-" "Mozilla/5.0 (iPhone; CPU iPhone OS 8_1 like Mac OS X) AppleWebKit/600.1.4 (KHTML, like Gecko) Version/8.0 Mobile/12B410 Safari/600.1.4 (Applebot/0.1; +http://www.apple.com/go/applebot)"
fizz.cmp.uea.ac.uk:80 94.132.83.75 - - [08/May/2016:07:52:45 +0100] "GET /dyndom/familySearch.jsp?id=B4514C6281C9CF1ACC9501DA569E16401 HTTP/1.1" 200 2462 "-" "Mozilla/5.0 (compatible; YandexBot/3.0; +http://yandex.com/bots)"
fizz.cmp.uea.ac.uk:80 94.132.83.75 - - [08/May/2016:07:52:45 +0100] "GET /dyndom/familySearch.jsp?id=31F6120EB2F5FDF6307F42233B274B571 HTTP/1.1" 200 2462 "-" "Mozilla/5.0 (compatible; YandexBot/3.0; +http://yandex.com/bots)"
fizz.cmp.uea.ac.uk:80 137.82.152.134 - - [08/May/2016:07:52:45 +0100] "GET /dyndom/familySearch.jsp?id=7C0204F8666B8AF1DBE0B2044CDCF20A1 HTTP/1.1" 200 2462 "-" "Mozilla/5.0 (compatible; YandexBot/3.0; +http://yandex.com/bots)"
fizz.cmp.uea.ac.uk:80 94.132.83.75 - - [08/May/2016:07:52:46 +0100] "GET /dyndom/familySearch.jsp?id=F9FC180120DE70C5167602A99B6C6FE51 HTTP/1.1" 200 2462 "-" "Mozilla/5.0 (compatible; YandexBot/3.0; +http://yandex.com/bots)"
fizz.cmp.uea.ac.uk:80 137.82.152.134 - - [08/May/2016:07:52:46 +0100] "GET /dyndom/familySearch.jsp?id=516FC5C50624AE7D68B96E8FCFCE5A1B1 HTTP/1.1" 200 2459 "-" "Mozilla/5.0 (compatible; YandexBot/3.0; +http://yandex.com/bots)"
fizz.cmp.uea.ac.uk:80 94.132.83.75 - - [08/May/2016:07:52:46 +0100] "GET /dyndom/familySearch.jsp?id=6D4BE714C9345CDF1CE0D2BBABE47C0E1 HTTP/1.1" 200 2461 "-" "Mozilla/5.0 (compatible; YandexBot/3.0; +http://yandex.com/bots)"
lemur.cmp.uea.ac.uk:80 18.196.164.237 - - [08/May/2016:07:52:47 +0100] "GET / HTTP/1.1" 403 372 "-" "Mozilla/5.0 (compatible; Baiduspider/2.0; +http://www.baidu.com/search/spider.html)"
fizz.cmp.uea.ac.uk:80 137.82.152.134 - - [08/May/2016:07:52:47 +0100] "GET /dyndom/familySearch.jsp?id=D8BC1E2E1CE12A86E19E87AF5EAB22481 HTTP/1.1" 200 2462 "-" "Mozilla/5.0 (compatible; YandexBot/3.0; +http://yandex.com/bots)"
lemur.cmp.uea.ac.uk:80 49.84.185.65 - - [08/May/2016:07:52:47 +0100] "GET /Research/ivis/backup/PhD/Programming/SoftBody3/Objects/USZKA.ASC HTTP/1.1" 200 17231 "-" "Mozilla/5.0 (compatible; YandexBot/3.0; +http://yandex.com/bots)"
fizz.cmp.uea.ac.uk:80 19.109.173.7 - - [08/May/2016:07:52:48 +0100] "GET /dyndom/familySearch.jsp?id=C968C1AADC4B9AB19086F5C3428012DF1 HTTP/1.1" 200 2463 "-" "Mozilla/5.0 (compatible; YandexBot/3.0; +http://yandex.com/bots)"
fizz.cmp.uea.ac.uk:80 94.132.83.75 - - [08/May/2016:07:52:48 +0100] "GET /dyndom/familySearch.jsp?id=5FFF4CD407567B3F78EA1A6C33F29AAA1 HTTP/1.1" 200 2463 "-" "Mozilla/5.0 (compatible; YandexBot/3.0; +http://yandex.com/bots)"
fizz.cmp.uea.ac.uk:80 137.82.152.134 - - [08/May/2016:07:52:48 +0100] "GET /dyndom/familySearch.jsp?id=B8740490B485979C79FBCB7E250CD7D11 HTTP/1.1" 200 2461 "-" "Mozilla/5.0 (compatible; YandexBot/3.0; +http://yandex.com/bots)"
fizz.cmp.uea.ac.uk:80 49.84.185.65 - - [08/May/2016:07:52:49 +0100] "GET /dyndom/browse.do?type=NR&id=BB735ADDA8390C38E2C75996497EF5BF1 HTTP/1.1" 200 76396 "-" "Mozilla/5.0 (compatible; YandexBot/3.0; +http://yandex.com/bots)"
fizz.cmp.uea.ac.uk:80 19.109.173.7 - - [08/May/2016:07:52:49 +0100] "GET /dyndom/familySearch.jsp?id=B5ADEE3DD5F96DC4DCEC60A410D779F21 HTTP/1.1" 200 2461 "-" "Mozilla/5.0 (compatible; YandexBot/3.0; +http://yandex.com/bots)"
fizz.cmp.uea.ac.uk:80 137.82.152.134 - - [08/May/2016:07:52:49 +0100] "GET /dyndom/browse.do?type=NR&id=57A07073074A8584453B7F6BB4DF718B1 HTTP/1.1" 200 76392 "-" "Mozilla/5.0 (compatible; YandexBot/3.0; +http://yandex.com/bots)"
fizz.cmp.uea.ac.uk:80 49.84.185.65 - - [08/May/2016:07:52:50 +0100] "GET /dyndom/familySearch.jsp?id=32D4A57F88ED154CE93E479BC4B869201 HTTP/1.1" 200 2459 "-" "Mozilla/5.0 (compatible; YandexBot/3.0; +http://yandex.com/bots)"
fizz.cmp.uea.ac.uk:80 94.132.83.75 - - [08/May/2016:07:52:50 +0100] "GET /dyndom/familySearch.jsp?id=BB702712C1DEDC59FA819EF245D561151 HTTP/1.1" 200 2462 "-" "Mozilla/5.0 (compatible; YandexBot/3.0; +http://yandex.com/bots)"
fizz.cmp.uea.ac.uk:80 137.82.152.134 - - [08/May/2016:07:52:51 +0100] "GET /dyndom/familySearch.jsp?id=886E60169622815EE5DDBBF3747CF34A1 HTTP/1.1" 200 2462 "-" "Mozilla/5.0 (compatible; YandexBot/3.0; +http://yandex.com/bots)"
fizz.cmp.uea.ac.uk:80 49.84.185.65 - - [08/May/2016:07:52:51 +0100] "GET /dyndom/familySearch.jsp?id=13AAC6BC56B3AAB9B119356BAA1D58441 HTTP/1.1" 200 2461 "-" "Mozilla/5.0 (compatible; YandexBot/3.0; +http://yandex.com/bots)"
fizz.cmp.uea.ac.uk:80 137.82.152.134 - - [08/May/2016:07:52:51 +0100] "GET /dyndom/familySearch.jsp?id=B024F1F6D8283F5A4B55BBA0319AEBDA1 HTTP/1.1" 200 2461 "-" "Mozilla/5.0 (compatible; YandexBot/3.0; +http://yandex.com/bots)"
fizz.cmp.uea.ac.uk:80 49.84.185.65 - - [08/May/2016:07:52:52 +0100] "GET /dyndom/familySearch.jsp?id=D45E5C27920CEFDD6FE882656313442C1 HTTP/1.1" 200 2462 "-" "Mozilla/5.0 (compatible; YandexBot/3.0; +http://yandex.com/bots)"
fizz.cmp.uea.ac.uk:80 19.109.173.7 - - [08/May/2016:07:52:52 +0100] "GET /dyndom/familySearch.jsp?id=FD8A880ABDC8BDE64B9C33ED8AAA84651 HTTP/1.1" 200 2459 "-" "Mozilla/5.0 (compatible; YandexBot/3.0; +http://yandex.com/bots)"
fizz.cmp.uea.ac.uk:80 94.132.83.75 - - [08/May/2016:07:52:52 +0100] "GET /dyndom/familySearch.jsp?id=DDAE1A36961CFF0C8709C04927DB16A31 HTTP/1.1" 200 2462 "-" "Mozilla/5.0 (compatible; YandexBot/3.0; +http://yandex.com/bots)"
fizz.cmp.uea.ac.uk:80 137.82.152.134 - - [08/May/2016:07:52:53 +0100] "GET /dyndom/familySearch.jsp?id=77C618B05EB75618667B4095CEDCCA921 HTTP/1.1" 200 2462 "-" "Mozilla/5.0 (compatible; YandexBot/3.0; +http://yandex.com/bots)"
fizz.cmp.uea.ac.uk:80 49.84.185.65 - - [08/May/2016:07:52:53 +0100] "GET /dyndom/familySearch.jsp?id=AC7A7CA544E8A7C23723A5F160B005B31 HTTP/1.1" 200 2461 "-" "Mozilla/5.0 (compatible; YandexBot/3.0; +http://yandex.com/bots)"
fizz.cmp.uea.ac.uk:80 94.132.83.75 - - [08/May/2016:07:52:54 +0100] "GET /dyndom/familySearch.jsp?id=88C98741725363DBD4748D938B9BE14E1 HTTP/1.1" 200 2460 "-" "Mozilla/5.0 (compatible; YandexBot/3.0; +http://yandex.com/bots)"
fizz.cmp.uea.ac.uk:80 94.132.83.75 - - [08/May/2016:07:52:54 +0100] "GET /dyndom/familySearch.jsp?id=CF42348D69509AB29F00144F5EEA93801 HTTP/1.1" 200 2460 "-" "Mozilla/5.0 (compatible; YandexBot/3.0; +http://yandex.com/bots)"
fizz.cmp.uea.ac.uk:80 49.84.185.65 - - [08/May/2016:07:52:54 +0100] "GET /dyndom/familySearch.jsp?id=6B87A65706E8EDD0299F009C977C61EC1 HTTP/1.1" 200 2461 "-" "Mozilla/5.0 (compatible; YandexBot/3.0; +http://yandex.com/bots)"
fizz.cmp.uea.ac.uk:80 49.84.185.65 - - [08/May/2016:07:52:55 +0100] "GET /dyndom/familySearch.jsp?id=4E3E3FCE1E08A2A888579E59A59F09971 HTTP/1.1" 200 2460 "-" "Mozilla/5.0 (compatible; YandexBot/3.0; +http://yandex.com/bots)"
fizz.cmp.uea.ac.uk:80 19.109.173.7 - - [08/May/2016:07:52:55 +0100] "GET /dyndom/familySearch.jsp?id=8766992CED699922CF74777B4FB795191 HTTP/1.1" 200 2461 "-" "Mozilla/5.0 (compatible; YandexBot/3.0; +http://yandex.com/bots)"
fizz.cmp.uea.ac.uk:80 94.132.83.75 - - [08/May/2016:07:52:55 +0100] "GET /dyndom/familySearch.jsp?id=8B6035FE1D143DA0236CE54C0EE778B71 HTTP/1.1" 200 2462 "-" "Mozilla/5.0 (compatible; YandexBot/3.0; +http://yandex.com/bots)"
fizz.cmp.uea.ac.uk:80 137.82.152.134 - - [08/May/2016:07:52:56 +0100] "GET /dyndom/familySearch.jsp?id=1F92B4E30745CB224EC53F3417ACB0271 HTTP/1.1" 200 2462 "-" "Mozilla/5.0 (compatible; YandexBot/3.0; +http://yandex.com/bots)"
fizz.cmp.uea.ac.uk:80 49.84.185.65 - - [08/May/2016:07:52:56 +0100] "GET /dyndom/familySearch.jsp?id=787E78C0A85F085CAC6BF732DD4A837C1 HTTP/1.1" 200 2462 "-" "Mozilla/5.0 (compatible; YandexBot/3.0; +http://yandex.com/bots)"
fizz.cmp.uea.ac.uk:80 19.109.173.7 - - [08/May/2016:07:52:57 +0100] "GET /dyndom/familySearch.jsp?id=3859C670E8274F5FF45A9EDD809C317E1 HTTP/1.1" 200 2459 "-" "Mozilla/5.0 (compatible; YandexBot/3.0; +http://yandex.com/bots)"
fizz.cmp.uea.ac.uk:80 94.132.83.75 - - [08/May/2016:07:52:57 +0100] "GET /dyndom/familySearch.jsp?id=F66159800AA29F5825B6233ED7F1B4651 HTTP/1.1" 200 2459 "-" "Mozilla/5.0 (compatible; YandexBot/3.0; +http://yandex.com/bots)"
fizz.cmp.uea.ac.uk:80 137.82.152.134 - - [08/May/2016:07:52:57 +0100] "GET /dyndom/familySearch.jsp?id=F2562AA69F44DA6B3097AF3EDFB38C131 HTTP/1.1" 200 2461 "-" "Mozilla/5.0 (compatible; YandexBot/3.0; +http://yandex.com/bots)"
fizz.cmp.uea.ac.uk:80 49.84.185.65 - - [08/May/2016:07:52:58 +0100] "GET /dyndom/familySearch.jsp?id=FD6B92B39329480151CCCC0052270D101 HTTP/1.1" 200 2459 "-" "Mozilla/5.0 (compatible; YandexBot/3.0; +http://yandex.com/bots)"
fizz.cmp.uea.ac.uk:80 19.109.173.7 - - [08/May/2016:07:52:58 +0100] "GET /dyndom/familySearch.jsp?id=A1E6ACEA44F860132DAE61F36550F1BA1 HTTP/1.1" 200 2461 "-" "Mozilla/5.0 (compatible; YandexBot/3.0; +http://yandex.com/bots)"
fizz.cmp.uea.ac.uk:80 94.132.83.75 - - [08/May/2016:07:52:59 +0100] "GET /dyndom/familySearch.jsp?id=01FF157115CEC55F4A6AD47FDF5826C41 HTTP/1.1" 200 2462 "-" "Mozilla/5.0 (compatible; YandexBot/3.0; +http://yandex.com/bots)"
fizz.cmp.uea.ac.uk:80 137.82.152.134 - - [08/May/2016:07:52:59 +0100] "GET /dyndom/familySearch.jsp?id=05D8B23F2FE85AAAAF4B7F96FEF8649B1 HTTP/1.1" 200 2463 "-" "Mozilla/5.0 (compatible; YandexBot/3.0; +http://yandex.com/bots)"
fizz.cmp.uea.ac.uk:80 49.84.185.65 - - [08/May/2016:07:52:59 +0100] "GET /dyndom/familySearch.jsp?id=538E4962538F5E2198328E289C02C3671 HTTP/1.1" 200 2461 "-" "Mozilla/5.0 (compatible; YandexBot/3.0; +http://yandex.com/bots)"
fizz.cmp.uea.ac.uk:80 19.109.173.7 - - [08/May/2016:07:53:00 +0100] "GET /dyndom/familySearch.jsp?id=373802AE58446EC0934C719D64B468D91 HTTP/1.1" 200 2461 "-" "Mozilla/5.0 (compatible; YandexBot/3.0; +http://yandex.com/bots)"
fizz.cmp.uea.ac.uk:80 49.84.185.65 - - [08/May/2016:07:53:00 +0100] "GET /dyndom/familySearch.jsp?id=298E1C3B835776812B8A044D401540291 HTTP/1.1" 200 2460 "-" "Mozilla/5.0 (compatible; YandexBot/3.0; +http://yandex.com/bots)"
fizz.cmp.uea.ac.uk:80 137.82.152.134 - - [08/May/2016:07:53:00 +0100] "GET /dyndom/familySearch.jsp?id=54F03DB38A51115A8821DDA03C98E2DD1 HTTP/1.1" 200 2461 "-" "Mozilla/5.0 (compatible; YandexBot/3.0; +http://yandex.com/bots)"
fizz.cmp.uea.ac.uk:80 49.84.185.65 - - [08/May/2016:07:53:01 +0100] "GET /dyndom/familySearch.jsp?id=EAB5BFAD86CEFE127B4D00C451FEA8C71 HTTP/1.1" 200 2461 "-" "Mozilla/5.0 (compatible; YandexBot/3.0; +http://yandex.com/bots)"
fizz.cmp.uea.ac.uk:80 49.84.185.65 - - [08/May/2016:07:53:01 +0100] "GET /dyndom/familySearch.jsp?id=567232CAFD52EA8EBD6841B58A06ADA01 HTTP/1.1" 200 2461 "-" "Mozilla/5.0 (compatible; YandexBot/3.0; +http://yandex.com/bots)"
fizz.cmp.uea.ac.uk:80 94.132.83.75 - - [08/May/2016:07:53:02 +0100] "GET /dyndom/familySearch.jsp?id=7F679481F612719614F3FEA0408EA66A1 HTTP/1.1" 200 2461 "-" "Mozilla/5.0 (compatible; YandexBot/3.0; +http://yandex.com/bots)"
fizz.cmp.uea.ac.uk:80 137.82.152.134 - - [08/May/2016:07:53:02 +0100] "GET /dyndom/familySearch.jsp?id=E026C7D7E86B915D85742115582BB9791 HTTP/1.1" 200 2459 "-" "Mozilla/5.0 (compatible; YandexBot/3.0; +http://yandex.com/bots)"
lemur.cmp.uea.ac.uk:80 49.84.185.65 - - [08/May/2016:07:53:02 +0100] "GET /Research/compvis/Metamerism/Metamerism.htm HTTP/1.1" 200 10209 "-" "Mozilla/5.0 (compatible; YandexBot/3.0; +http://yandex.com/bots)"
fizz.cmp.uea.ac.uk:80 19.109.173.7 - - [08/May/2016:07:53:03 +0100] "GET /dyndom/familySearch.jsp?id=927462978C2B69A04D45FE6DB3695A321 HTTP/1.1" 200 2462 "-" "Mozilla/5.0 (compatible; YandexBot/3.0; +http://yandex.com/bots)"
fizz.cmp.uea.ac.uk:80 94.132.83.75 - - [08/May/2016:07:53:03 +0100] "GET /dyndom/familySearch.jsp?id=651C708EDEF15BE1BDCBB94173C4875C1 HTTP/1.1" 200 2461 "-" "Mozilla/5.0 (compatible; YandexBot/3.0; +http://yandex.com/bots)"
fizz.cmp.uea.ac.uk:80 137.82.152.134 - - [08/May/2016:07:53:03 +0100] "GET /dyndom/familySearch.jsp?id=7B255A5979236D9518AF843CCF4A2F261 HTTP/1.1" 200 2462 "-" "Mozilla/5.0 (compatible; YandexBot/3.0; +http://yandex.com/bots)"
fizz.cmp.uea.ac.uk:80 49.84.185.65 - - [08/May/2016:07:53:04 +0100] "GET /dyndom/familySearch.jsp?id=0BAECD43F263217AE00C7F406C14DDB61 HTTP/1.1" 200 2460 "-" "Mozilla/5.0 (compatible; YandexBot/3.0; +http://yandex.com/bots)"
fizz.cmp.uea.ac.uk:80 19.109.173.7 - - [08/May/2016:07:53:04 +0100] "GET /dyndom/dyndomSearch.jsp?type=NR&id=43A3AC129DA8499A4665C7957E4160D61 HTTP/1.1" 200 2511 "-" "Mozilla/5.0 (compatible; YandexBot/3.0; +http://yandex.com/bots)"
fizz.cmp.uea.ac.uk:80 94.132.83.75 - - [08/May/2016:07:53:04 +0100] "GET /dyndom/familySearch.jsp?id=4CDA4EACA3CCE69D3EAEFBA1236BC3531 HTTP/1.1" 200 2463 "-" "Mozilla/5.0 (compatible; YandexBot/3.0; +http://yandex.com/bots)"
fizz.cmp.uea.ac.uk:80 137.82.152.134 - - [08/May/2016:07:53:05 +0100] "GET /dyndom/familySearch.jsp?id=C94949EC99103CF7C7636D3C79306E7F1 HTTP/1.1" 200 2460 "-" "Mozilla/5.0 (compatible; YandexBot/3.0; +http://yandex.com/bots)"
fizz.cmp.uea.ac.uk:80 49.84.185.65 - - [08/May/2016:07:53:05 +0100] "GET /dyndom/familySearch.jsp?id=EAB2A6E14ABE95B7D3B7362A7F7872801 HTTP/1.1" 200 2462 "-" "Mozilla/5.0 (compatible; YandexBot/3.0; +http://yandex.com/bots)"
fizz.cmp.uea.ac.uk:80 19.109.173.7 - - [08/May/2016:07:53:06 +0100] "GET /dyndom/familySearch.jsp?id=28EFCF848312BE06604CF96DEC042C611 HTTP/1.1" 200 2460 "-" "Mozilla/5.0 (compatible; YandexBot/3.0; +http://yandex.com/bots)"
fizz.cmp.uea.ac.uk:80 94.132.83.75 - - [08/May/2016:07:53:06 +0100] "GET /dyndom/familySearch.jsp?id=2E9F5E743EAB2D1D17B2D49D4B2ABFBF1 HTTP/1.1" 200 2461 "-" "Mozilla/5.0 (compatible; YandexBot/3.0; +http://yandex.com/bots)"
fizz.cmp.uea.ac.uk:80 137.82.152.134 - - [08/May/2016:07:53:06 +0100] "GET /dyndom/familySearch.jsp?id=3BF74F780FEEB5C3909B9AEA1710A9001 HTTP/1.1" 200 2462 "-" "Mozilla/5.0 (compatible; YandexBot/3.0; +http://yandex.com/bots)"
fizz.cmp.uea.ac.uk:80 49.84.185.65 - - [08/May/2016:07:53:07 +0100] "GET /dyndom/familySearch.jsp?id=42896F7CF068411D73DAD8BA7EEAD6131 HTTP/1.1" 200 2462 "-" "Mozilla/5.0 (compatible; YandexBot/3.0; +http://yandex.com/bots)"
fizz.cmp.uea.ac.uk:80 94.132.83.75 - - [08/May/2016:07:53:07 +0100] "GET /dyndom/familySearch.jsp?id=39A999677EB3817E19EE413F6AAC3AFB1 HTTP/1.1" 200 2455 "-" "Mozilla/5.0 (compatible; YandexBot/3.0; +http://yandex.com/bots)"
fizz.cmp.uea.ac.uk:80 137.82.152.134 - - [08/May/2016:07:53:08 +0100] "GET /dyndom/familySearch.jsp?id=9BFB671A326C2D279F0E0D6018289B701 HTTP/1.1" 200 2462 "-" "Mozilla/5.0 (compatible; YandexBot/3.0; +http://yandex.com/bots)"
fizz.cmp.uea.ac.uk:80 49.84.185.65 - - [08/May/2016:07:53:08 +0100] "GET /dyndom/browse.do?type=NR&id=155C5E45AAD9FB079100F577ED31AAE11 HTTP/1.1" 200 76387 "-" "Mozilla/5.0 (compatible; YandexBot/3.0; +http://yandex.com/bots)"
fizz.cmp.uea.ac.uk:80 94.132.83.75 - - [08/May/2016:07:53:09 +0100] "GET /dyndom/familySearch.jsp?id=991466A4535872412E800D0CF7D3932E1 HTTP/1.1" 200 2461 "-" "Mozilla/5.0 (compatible; YandexBot/3.0; +http://yandex.com/bots)"
fizz.cmp.uea.ac.uk:80 137.82.152.134 - - [08/May/2016:07:53:09 +0100] "GET /dyndom/familySearch.jsp?id=7DECE788541AAC9C3F493610E89A902B1 HTTP/1.1" 200 2461 "-" "Mozilla/5.0 (compatible; YandexBot/3.0; +http://yandex.com/bots)"
fizz.cmp.uea.ac.uk:80 49.84.185.65 - - [08/May/2016:07:53:10 +0100] "GET /dyndom/familySearch.jsp?id=BFF31491F507973FBBCED81D86C9C5BF1 HTTP/1.1" 200 2462 "-" "Mozilla/5.0 (compatible; YandexBot/3.0; +http://yandex.com/bots)"
fizz.cmp.uea.ac.uk:80 94.132.83.75 - - [08/May/2016:07:53:10 +0100] "GET /dyndom/familySearch.jsp?id=BD5EE0CD26BFECA2858E07FD1BFC9F141 HTTP/1.1" 200 2460 "-" "Mozilla/5.0 (compatible; YandexBot/3.0; +http://yandex.com/bots)"
fizz.cmp.uea.ac.uk:80 137.82.152.134 - - [08/May/2016:07:53:10 +0100] "GET /dyndom/familySearch.jsp?id=5E9DB41F346D93A30375F5B6731A75DA1 HTTP/1.1" 200 2461 "-" "Mozilla/5.0 (compatible; YandexBot/3.0; +http://yandex.com/bots)"
fizz.cmp.uea.ac.uk:80 19.109.173.7 - - [08/May/2016:07:53:11 +0100] "GET /dyndom/familySearch.jsp?id=3DFFFD134ACB02A9CC3686E0E9ECC33B1 HTTP/1.1" 200 2460 "-" "Mozilla/5.0 (compatible; YandexBot/3.0; +http://yandex.com/bots)"
fizz.cmp.uea.ac.uk:80 94.132.83.75 - - [08/May/2016:07:53:11 +0100] "GET /dyndom/familySearch.jsp?id=0E727294F435B6AF24378F241E9DE0E51 HTTP/1.1" 200 2461 "-" "Mozilla/5.0 (compatible; YandexBot/3.0; +http://yandex.com/bots)"
fizz.cmp.uea.ac.uk:80 137.82.152.134 - - [08/May/2016:07:53:11 +0100] "GET /dyndom/familySearch.jsp?id=B5D6D202D2662F0647CE5E5922048C411 HTTP/1.1" 200 2461 "-" "Mozilla/5.0 (compatible; YandexBot/3.0; +http://yandex.com/bots)"
fizz.cmp.uea.ac.uk:80 49.84.185.65 - - [08/May/2016:07:53:12 +0100] "GET /dyndom/familySearch.jsp?id=6C68F1DA567765962C1DF0D32EFCEBF21 HTTP/1.1" 200 2462 "-" "Mozilla/5.0 (compatible; YandexBot/3.0; +http://yandex.com/bots)"
fizz.cmp.uea.ac.uk:80 94.132.83.75 - - [08/May/2016:07:53:12 +0100] "GET /dyndom/dyndomSearch.jsp?type=NR&id=51A9D0EEE19C79AD7E0F76793174A6651 HTTP/1.1" 200 2507 "-" "Mozilla/5.0 (compatible; YandexBot/3.0; +http://yandex.com/bots)"
fizz.cmp.uea.ac.uk:80 137.82.152.134 - - [08/May/2016:07:53:13 +0100] "GET /dyndom/familySearch.jsp?id=24539DE9BA3B6F3BC3550FECF8BD84EF1 HTTP/1.1" 200 2462 "-" "Mozilla/5.0 (compatible; YandexBot/3.0; +http://yandex.com/bots)"
fizz.cmp.uea.ac.uk:80 49.84.185.65 - - [08/May/2016:07:53:13 +0100] "GET /dyndom/familySearch.jsp?id=2B2E30999388514CB2F3E3129F264D531 HTTP/1.1" 200 2461 "-" "Mozilla/5.0 (compatible; YandexBot/3.0; +http://yandex.com/bots)"
fizz.cmp.uea.ac.uk:80 94.132.83.75 - - [08/May/2016:07:53:13 +0100] "GET /dyndom/familySearch.jsp?id=4DE5761D74C619758571DBF0DFAFF6DC1 HTTP/1.1" 200 2461 "-" "Mozilla/5.0 (compatible; YandexBot/3.0; +http://yandex.com/bots)"
fizz.cmp.uea.ac.uk:80 137.82.152.134 - - [08/May/2016:07:53:14 +0100] "GET /dyndom/familySearch.jsp?id=105F7998FAF1D388805872FB4B6A92C61 HTTP/1.1" 200 2462 "-" "Mozilla/5.0 (compatible; YandexBot/3.0; +http://yandex.com/bots)"
fizz.cmp.uea.ac.uk:80 49.84.185.65 - - [08/May/2016:07:53:14 +0100] "GET /dyndom/familySearch.jsp?id=36C5379A54AE12267309ACB4187AA4C81 HTTP/1.1" 200 2462 "-" "Mozilla/5.0 (compatible; YandexBot/3.0; +http://yandex.com/bots)"
fizz.cmp.uea.ac.uk:80 94.132.83.75 - - [08/May/2016:07:53:15 +0100] "GET /dyndom/familySearch.jsp?id=6EFEB73925B3CBEE2FDBA0BE317616551 HTTP/1.1" 200 2462 "-" "Mozilla/5.0 (compatible; YandexBot/3.0; +http://yandex.com/bots)"
fizz.cmp.uea.ac.uk:80 137.82.152.134 - - [08/May/2016:07:53:15 +0100] "GET /dyndom/familySearch.jsp?id=C3F38FC8EC95A6F77C22179AA08298731 HTTP/1.1" 200 2459 "-" "Mozilla/5.0 (compatible; YandexBot/3.0; +http://yandex.com/bots)"
fizz.cmp.uea.ac.uk:80 49.84.185.65 - - [08/May/2016:07:53:15 +0100] "GET /dyndom/dyndomSearch.jsp?type=WEBSITE&id=F13278494E252415655804C00D50A0EE1 HTTP/1.1" 200 2515 "-" "Mozilla/5.0 (compatible; YandexBot/3.0; +http://yandex.com/bots)"
fizz.cmp.uea.ac.uk:80 94.132.83.75 - - [08/May/2016:07:53:16 +0100] "GET /dyndom/familySearch.jsp?id=CE724527ACF16EEFCF9F5A2176942AA11 HTTP/1.1" 200 2462 "-" "Mozilla/5.0 (compatible; YandexBot/3.0; +http://yandex.com/bots)"
fizz.cmp.uea.ac.uk:80 49.84.185.65 - - [08/May/2016:07:53:16 +0100] "GET /dyndom/familySearch.jsp?id=E8007024534E3BB3A37330A993AB13581 HTTP/1.1" 200 2461 "-" "Mozilla/5.0 (compatible; YandexBot/3.0; +http://yandex.com/bots)"
lemur.cmp.uea.ac.uk:80 137.82.152.134 - - [08/May/2016:07:53:16 +0100] "GET /~rwh/research/reprints/ieeproc2000.pdf HTTP/1.1" 200 1599207 "-" "Mozilla/5.0 (compatible; YandexBot/3.0; +http://yandex.com/bots)"
fizz.cmp.uea.ac.uk:80 19.109.173.7 - - [08/May/2016:07:53:17 +0100] "GET /dyndom/familySearch.jsp?id=E68B97607584D740BEB02CCD288D28851 HTTP/1.1" 200 2464 "-" "Mozilla/5.0 (compatible; YandexBot/3.0; +http://yandex.com/bots)"
fizz.cmp.uea.ac.uk:80 94.132.83.75 - - [08/May/2016:07:53:17 +0100] "GET /dyndom/familySearch.jsp?id=5FA6F54FF6E057705ADF0FF55BECA1FF1 HTTP/1.1" 200 2462 "-" "Mozilla/5.0 (compatible; YandexBot/3.0; +http://yandex.com/bots)"
fizz.cmp.uea.ac.uk:80 137.82.152.134 - - [08/May/2016:07:53:17 +0100] "GET /dyndom/familySearch.jsp?id=6E7CFC776A440BAF33F61041620B79921 HTTP/1.1" 200 2462 "-" "Mozilla/5.0 (compatible; YandexBot/3.0; +http://yandex.com/bots)"
fizz.cmp.uea.ac.uk:80 49.84.185.65 - - [08/May/2016:07:53:18 +0100] "GET /dyndom/dyndomSearch.jsp?type=WEBSITE&id=B88DCB308F40EB8BB40335FCCDC388701 HTTP/1.1" 200 2512 "-" "Mozilla/5.0 (compatible; YandexBot/3.0; +http://yandex.com/bots)"
fizz.cmp.uea.ac.uk:80 137.82.152.134 - - [08/May/2016:07:53:18 +0100] "GET /dyndom/familySearch.jsp?id=AC4F15ED68350CDB8FB2082D816477FD1 HTTP/1.1" 200 2463 "-" "Mozilla/5.0 (compatible; YandexBot/3.0; +http://yandex.com/bots)"
fizz.cmp.uea.ac.uk:80 49.84.185.65 - - [08/May/2016:07:53:19 +0100] "GET /dyndom/familySearch.jsp?id=9881B1AA82DC2223253C346A0752EE901 HTTP/1.1" 200 2461 "-" "Mozilla/5.0 (compatible; YandexBot/3.0; +http://yandex.com/bots)"
fizz.cmp.uea.ac.uk:80 94.132.83.75 - - [08/May/2016:07:53:19 +0100] "GET /dyndom/familySearch.jsp?id=85EE59442ADA53698C8FF917B510F3761 HTTP/1.1" 200 2463 "-" "Mozilla/5.0 (compatible; YandexBot/3.0; +http://yandex.com/bots)"
fizz.cmp.uea.ac.uk:80 49.84.185.65 - - [08/May/2016:07:53:19 +0100] "GET /dyndom/familySearch.jsp?id=A4A31B1E04486E31F2C536A043BAD8481 HTTP/1.1" 200 2463 "-" "Mozilla/5.0 (compatible; YandexBot/3.0; +http://yandex.com/bots)"
fizz.cmp.uea.ac.uk:80 19.109.173.7 - - [08/May/2016:07:53:20 +0100] "GET /dyndom/familySearch.jsp?id=FB97E3B7819A10601683DE18B0AF724E1 HTTP/1.1" 200 2461 "-" "Mozilla/5.0 (compatible; YandexBot/3.0; +http://yandex.com/bots)"
fizz.cmp.uea.ac.uk:80 94.132.83.75 - - [08/May/2016:07:53:20 +0100] "GET /dyndom/familySearch.jsp?id=A4E623389065C932F42CBD8CC66871D41 HTTP/1.1" 200 2461 "-" "Mozilla/5.0 (compatible; YandexBot/3.0; +http://yandex.com/bots)"
fizz.cmp.uea.ac.uk:80 137.82.152.134 - - [08/May/2016:07:53:20 +0100] "GET /dyndom/familySearch.jsp?id=07F845C2DE08DA3CB6C2A360647DA1701 HTTP/1.1" 200 2460 "-" "Mozilla/5.0 (compatible; YandexBot/3.0; +http://yandex.com/bots)"
fizz.cmp.uea.ac.uk:80 49.84.185.65 - - [08/May/2016:07:53:21 +0100] "GET /dyndom/familySearch.jsp?id=F33EE04FF049B26B8D52AC96E5D6F8871 HTTP/1.1" 200 2460 "-" "Mozilla/5.0 (compatible; YandexBot/3.0; +http://yandex.com/bots)"
fizz.cmp.uea.ac.uk:80 19.109.173.7 - - [08/May/2016:07:53:21 +0100] "GET /dyndom/familySearch.jsp?id=1F79ADD4A34D69F4004929AB437B5BE21 HTTP/1.1" 200 2462 "-" "Mozilla/5.0 (compatible; YandexBot/3.0; +http://yandex.com/bots)"
fizz.cmp.uea.ac.uk:80 94.132.83.75 - - [08/May/2016:07:53:21 +0100] "GET /dyndom/familySearch.jsp?id=97E92F9D79E12ED96DEF6B79F5AE4F681 HTTP/1.1" 200 2461 "-" "Mozilla/5.0 (compatible; YandexBot/3.0; +http://yandex.com/bots)"
fizz.cmp.uea.ac.uk:80 137.82.152.134 - - [08/May/2016:07:53:22 +0100] "GET /dyndom/familySearch.jsp?id=1BD8F69E6F030411A6D888C7D3DBF2FA1 HTTP/1.1" 200 2461 "-" "Mozilla/5.0 (compatible; YandexBot/3.0; +http://yandex.com/bots)"
fizz.cmp.uea.ac.uk:80 49.84.185.65 - - [08/May/2016:07:53:22 +0100] "GET /dyndom/dyndomSearch.jsp?type=NR&id=B88DCB308F40EB8BB40335FCCDC388701 HTTP/1.1" 200 2510 "-" "Mozilla/5.0 (compatible; YandexBot/3.0; +http://yandex.com/bots)"
fizz.cmp.uea.ac.uk:80 19.109.173.7 - - [08/May/2016:07:53:22 +0100] "GET /dyndom/familySearch.jsp?id=0A1E9AD23237A0311A15BA4DC9A432DB1 HTTP/1.1" 200 2462 "-" "Mozilla/5.0 (compatible; YandexBot/3.0; +http://yandex.com/bots)"
fizz.cmp.uea.ac.uk:80 94.132.83.75 - - [08/May/2016:07:53:23 +0100] "GET /dyndom/familySearch.jsp?id=FF1CD49D09215B29433D2E2999A0D3EA1 HTTP/1.1" 200 2461 "-" "Mozilla/5.0 (compatible; YandexBot/3.0; +http://yandex.com/bots)"
fizz.cmp.uea.ac.uk:80 137.82.152.134 - - [08/May/2016:07:53:23 +0100] "GET /dyndom/familySearch.jsp?id=BF3FD61AA09BA282D05A4CF10D7824BA1 HTTP/1.1" 200 2461 "-" "Mozilla/5.0 (compatible; YandexBot/3.0; +http://yandex.com/bots)"
fizz.cmp.uea.ac.uk:80 49.84.185.65 - - [08/May/2016:07:53:24 +0100] "GET /dyndom/familySearch.jsp?id=552302FA250AFF045AE6BE0076CF98ED1 HTTP/1.1" 200 2461 "-" "Mozilla/5.0 (compatible; YandexBot/3.0; +http://yandex.com/bots)"
fizz.cmp.uea.ac.uk:80 19.109.173.7 - - [08/May/2016:07:53:24 +0100] "GET /dyndom/familySearch.jsp?id=281610E3E0B936615DBCBE17F4894C691 HTTP/1.1" 200 2461 "-" "Mozilla/5.0 (compatible; YandexBot/3.0; +http://yandex.com/bots)"
fizz.cmp.uea.ac.uk:80 94.132.83.75 - - [08/May/2016:07:53:24 +0100] "GET /dyndom/familySearch.jsp?id=835043AE2097E6BBC76BB283FD7B86F51 HTTP/1.1" 200 2460 "-" "Mozilla/5.0 (compatible; YandexBot/3.0; +http://yandex.com/bots)"
fizz.cmp.uea.ac.uk:80 137.82.152.134 - - [08/May/2016:07:53:25 +0100] "GET /dyndom/familySearch.jsp?id=48F5F62CC601941AB7EE21893E5ECE5A1 HTTP/1.1" 200 2461 "-" "Mozilla/5.0 (compatible; YandexBot/3.0; +http://yandex.com/bots)"
fizz.cmp.uea.ac.uk:80 49.84.185.65 - - [08/May/2016:07:53:25 +0100] "GET /dyndom/familySearch.jsp?id=5F157F52C8DE18A2AF965A2B8DBD14AA1 HTTP/1.1" 200 2462 "-" "Mozilla/5.0 (compatible; YandexBot/3.0; +http://yandex.com/bots)"
fizz.cmp.uea.ac.uk:80 19.109.173.7 - - [08/May/2016:07:53:25 +0100] "GET /dyndom/familySearch.jsp?id=B42BC83BAE07DFEE94068B10E02BA8FE1 HTTP/1.1" 200 2461 "-" "Mozilla/5.0 (compatible; YandexBot/3.0; +http://yandex.com/bots)"
fizz.cmp.uea.ac.uk:80 94.132.83.75 - - [08/May/2016:07:53:26 +0100] "GET /dyndom/familySearch.jsp?id=7C6564CD148FE8E11F8D0FC19902A7251 HTTP/1.1" 200 2461 "-" "Mozilla/5.0 (compatible; YandexBot/3.0; +http://yandex.com/bots)"
fizz.cmp.uea.ac.uk:80 137.82.152.134 - - [08/May/2016:07:53:26 +0100] "GET /dyndom/familySearch.jsp?id=1D2A0E9B24A10F54F8B685AEE04AFC8A1 HTTP/1.1" 200 2462 "-" "Mozilla/5.0 (compatible; YandexBot/3.0; +http://yandex.com/bots)"
fizz.cmp.uea.ac.uk:80 49.84.185.65 - - [08/May/2016:07:53:26 +0100] "GET /dyndom/familySearch.jsp?id=3CD751388681AC3C6DE0E5C4CA14448C1 HTTP/1.1" 200 2460 "-" "Mozilla/5.0 (compatible; YandexBot/3.0; +http://yandex.com/bots)"
fizz.cmp.uea.ac.uk:80 19.109.173.7 - - [08/May/2016:07:53:27 +0100] "GET /dyndom/familySearch.jsp?id=527D102CD121B9931F1F6C790A6D646A1 HTTP/1.1" 200 2462 "-" "Mozilla/5.0 (compatible; YandexBot/3.0; +http://yandex.com/bots)"
fizz.cmp.uea.ac.uk:80 94.132.83.75 - - [08/May/2016:07:53:27 +0100] "GET /dyndom/familySearch.jsp?id=B9663DE4F92FDE2F1A9AEEB669EE88071 HTTP/1.1" 200 2461 "-" "Mozilla/5.0 (compatible; YandexBot/3.0; +http://yandex.com/bots)"
fizz.cmp.uea.ac.uk:80 137.82.152.134 - - [08/May/2016:07:53:27 +0100] "GET /dyndom/familySearch.jsp?id=D6415B279870C1F3EF088F735BD6EDD61 HTTP/1.1" 200 2462 "-" "Mozilla/5.0 (compatible; YandexBot/3.0; +http://yandex.com/bots)"
fizz.cmp.uea.ac.uk:80 49.84.185.65 - - [08/May/2016:07:53:28 +0100] "GET /dyndom/familySearch.jsp?id=9DFD2AB364037FF03488D223A9EC81A81 HTTP/1.1" 200 2461 "-" "Mozilla/5.0 (compatible; YandexBot/3.0; +http://yandex.com/bots)"
fizz.cmp.uea.ac.uk:80 19.109.173.7 - - [08/May/2016:07:53:28 +0100] "GET /dyndom/familySearch.jsp?id=F4CFAF0A0866DC21A3475B60CB6D6A831 HTTP/1.1" 200 2462 "-" "Mozilla/5.0 (compatible; YandexBot/3.0; +http://yandex.com/bots)"
fizz.cmp.uea.ac.uk:80 94.132.83.75 - - [08/May/2016:07:53:28 +0100] "GET /dyndom/familySearch.jsp?id=DFF58AB4524DCAB0F4EEBE19B70469C71 HTTP/1.1" 200 2459 "-" "Mozilla/5.0 (compatible; YandexBot/3.0; +http://yandex.com/bots)"
fizz.cmp.uea.ac.uk:80 137.82.152.134 - - [08/May/2016:07:53:29 +0100] "GET /dyndom/familySearch.jsp?id=7994192FB2E61D0790A2C966782235311 HTTP/1.1" 200 2460 "-" "Mozilla/5.0 (compatible; YandexBot/3.0; +http://yandex.com/bots)"
fizz.cmp.uea.ac.uk:80 49.84.185.65 - - [08/May/2016:07:53:29 +0100] "GET /dyndom/familySearch.jsp?id=A54B421DD81DD8FC6E6906FDDB6AA23A1 HTTP/1.1" 200 2461 "-" "Mozilla/5.0 (compatible; YandexBot/3.0; +http://yandex.com/bots)"
fizz.cmp.uea.ac.uk:80 19.109.173.7 - - [08/May/2016:07:53:30 +0100] "GET /dyndom/familySearch.jsp?id=7BC4E627215B11BBE8000EB3E51453911 HTTP/1.1" 200 2460 "-" "Mozilla/5.0 (compatible; YandexBot/3.0; +http://yandex.com/bots)"
fizz.cmp.uea.ac.uk:80 94.132.83.75 - - [08/May/2016:07:53:30 +0100] "GET /dyndom/familySearch.jsp?id=D6338E91A4305DAC8776A3BD712F41391 HTTP/1.1" 200 2461 "-" "Mozilla/5.0 (compatible; YandexBot/3.0; +http://yandex.com/bots)"
fizz.cmp.uea.ac.uk:80 137.82.152.134 - - [08/May/2016:07:53:30 +0100] "GET /dyndom/familySearch.jsp?id=24F6319CC09CF6F0E6D543F3ECB2C5241 HTTP/1.1" 200 2461 "-" "Mozilla/5.0 (compatible; YandexBot/3.0; +http://yandex.com/bots)"
fizz.cmp.uea.ac.uk:80 49.84.185.65 - - [08/May/2016:07:53:31 +0100] "GET /dyndom/familySearch.jsp?id=F54ED09BCA3A838A049693AF9843B1D51 HTTP/1.1" 200 2462 "-" "Mozilla/5.0 (compatible; YandexBot/3.0; +http://yandex.com/bots)"
fizz.cmp.uea.ac.uk:80 19.109.173.7 - - [08/May/2016:07:53:31 +0100] "GET /dyndom/familySearch.jsp?id=45FBC4EA4D24A32DC90E13714852319F1 HTTP/1.1" 200 2461 "-" "Mozilla/5.0 (compatible; YandexBot/3.0; +http://yandex.com/bots)"
fizz.cmp.uea.ac.uk:80 94.132.83.75 - - [08/May/2016:07:53:32 +0100] "GET /dyndom/familySearch.jsp?id=85517E28560975BA1B33AA2F7C4BCD5F1 HTTP/1.1" 200 2461 "-" "Mozilla/5.0 (compatible; YandexBot/3.0; +http://yandex.com/bots)"
fizz.cmp.uea.ac.uk:80 137.82.152.134 - - [08/May/2016:07:53:32 +0100] "GET /dyndom/familySearch.jsp?id=0840824A4DFD97911C85595E5373842E1 HTTP/1.1" 200 2461 "-" "Mozilla/5.0 (compatible; YandexBot/3.0; +http://yandex.com/bots)"
fizz.cmp.uea.ac.uk:80 49.84.185.65 - - [08/May/2016:07:53:32 +0100] "GET /dyndom/familySearch.jsp?id=54064A95DA88877853E0D494F113A8071 HTTP/1.1" 200 2461 "-" "Mozilla/5.0 (compatible; YandexBot/3.0; +http://yandex.com/bots)"
fizz.cmp.uea.ac.uk:80 19.109.173.7 - - [08/May/2016:07:53:33 +0100] "GET /dyndom/familySearch.jsp?id=C67016531023AFB6C53C6C9C6D3F71F01 HTTP/1.1" 200 2462 "-" "Mozilla/5.0 (compatible; YandexBot/3.0; +http://yandex.com/bots)"
fizz.cmp.uea.ac.uk:80 94.132.83.75 - - [08/May/2016:07:53:33 +0100] "GET /dyndom/familySearch.jsp?id=8598DB26EB8F0107E95BB74AB89A100B1 HTTP/1.1" 200 2461 "-" "Mozilla/5.0 (compatible; YandexBot/3.0; +http://yandex.com/bots)"
fizz.cmp.uea.ac.uk:80 137.82.152.134 - - [08/May/2016:07:53:33 +0100] "GET /dyndom/familySearch.jsp?id=42579D0EE22E97DF11D2A81422A04D971 HTTP/1.1" 200 2461 "-" "Mozilla/5.0 (compatible; YandexBot/3.0; +http://yandex.com/bots)"
fizz.cmp.uea.ac.uk:80 49.84.185.65 - - [08/May/2016:07:53:34 +0100] "GET /dyndom/familySearch.jsp?id=5D7A8C974F378BBF182AE60D68FEFB141 HTTP/1.1" 200 2461 "-" "Mozilla/5.0 (compatible; YandexBot/3.0; +http://yandex.com/bots)"
fizz.cmp.uea.ac.uk:80 94.132.83.75 - - [08/May/2016:07:53:34 +0100] "GET /dyndom/familySearch.jsp?id=EABB56DAB007A5332B05B00EFF364F301 HTTP/1.1" 200 2461 "-" "Mozilla/5.0 (compatible; YandexBot/3.0; +http://yandex.com/bots)"
fizz.cmp.uea.ac.uk:80 137.82.152.134 - - [08/May/2016:07:53:35 +0100] "GET /dyndom/familySearch.jsp?id=A60C1B6F8EC97313879D46859AE4BAE71 HTTP/1.1" 200 2462 "-" "Mozilla/5.0 (compatible; YandexBot/3.0; +http://yandex.com/bots)"
fizz.cmp.uea.ac.uk:80 49.84.185.65 - - [08/May/2016:07:53:35 +0100] "GET /dyndom/familySearch.jsp?id=BA8AA28CAA65D3F39BBBE1EC84599A5A1 HTTP/1.1" 200 2460 "-" "Mozilla/5.0 (compatible; YandexBot/3.0; +http://yandex.com/bots)"
fizz.cmp.uea.ac.uk:80 94.132.83.75 - - [08/May/2016:07:53:36 +0100] "GET /dyndom/familySearch.jsp?id=CCA918E30A6D4EB565F82301A041E0391 HTTP/1.1" 200 2463 "-" "Mozilla/5.0 (compatible; YandexBot/3.0; +http://yandex.com/bots)"
fizz.cmp.uea.ac.uk:80 137.82.152.134 - - [08/May/2016:07:53:36 +0100] "GET /dyndom/familySearch.jsp?id=1090AE89AB6DA7A66DF56BF9A71FD6181 HTTP/1.1" 200 2462 "-" "Mozilla/5.0 (compatible; YandexBot/3.0; +http://yandex.com/bots)"
fizz.cmp.uea.ac.uk:80 94.132.83.75 - - [08/May/2016:07:53:36 +0100] "GET /dyndom/familySearch.jsp?id=BB0C1ADC03C88A1FE7D16AD2116D61651 HTTP/1.1" 200 2461 "-" "Mozilla/5.0 (compatible; YandexBot/3.0; +http://yandex.com/bots)"
fizz.cmp.uea.ac.uk:80 137.82.152.134 - - [08/May/2016:07:53:37 +0100] "GET /dyndom/familySearch.jsp?id=09F01C8EAF8E8B3C9882D3567D9780141 HTTP/1.1" 200 2463 "-" "Mozilla/5.0 (compatible; YandexBot/3.0; +http://yandex.com/bots)"
fizz.cmp.uea.ac.uk:80 49.84.185.65 - - [08/May/2016:07:53:37 +0100] "GET /dyndom/familySearch.jsp?id=32B97497FF3A69D501550FDEC866C10F1 HTTP/1.1" 200 2462 "-" "Mozilla/5.0 (compatible; YandexBot/3.0; +http://yandex.com/bots)"
fizz.cmp.uea.ac.uk:80 19.109.173.7 - - [08/May/2016:07:53:37 +0100] "GET /dyndom/familySearch.jsp?id=8E17C13252FDD169F1441D1F1989A58A1 HTTP/1.1" 200 2461 "-" "Mozilla/5.0 (compatible; YandexBot/3.0; +http://yandex.com/bots)"
fizz.cmp.uea.ac.uk:80 94.132.83.75 - - [08/May/2016:07:53:38 +0100] "GET /dyndom/familySearch.jsp?id=331AFA429D670A860D41F184428C562E1 HTTP/1.1" 200 2461 "-" "Mozilla/5.0 (compatible; YandexBot/3.0; +http://yandex.com/bots)"
fizz.cmp.uea.ac.uk:80 137.82.152.134 - - [08/May/2016:07:53:38 +0100] "GET /dyndom/familySearch.jsp?id=F8212876B92650B505C81706895A898F1 HTTP/1.1" 200 2462 "-" "Mozilla/5.0 (compatible; YandexBot/3.0; +http://yandex.com/bots)"
fizz.cmp.uea.ac.uk:80 49.84.185.65 - - [08/May/2016:07:53:38 +0100] "GET /dyndom/familySearch.jsp?id=A5B9024A20EA114563F815A353AC0DD21 HTTP/1.1" 200 2460 "-" "Mozilla/5.0 (compatible; YandexBot/3.0; +http://yandex.com/bots)"
fizz.cmp.uea.ac.uk:80 19.109.173.7 - - [08/May/2016:07:53:39 +0100] "GET /dyndom/familySearch.jsp?id=CF99607AB38DA40D3A0A25CF952456B61 HTTP/1.1" 200 2461 "-" "Mozilla/5.0 (compatible; YandexBot/3.0; +http://yandex.com/bots)"
fizz.cmp.uea.ac.uk:80 94.132.83.75 - - [08/May/2016:07:53:39 +0100] "GET /dyndom/familySearch.jsp?id=356C8A72044B3207671E91A10C8BB5961 HTTP/1.1" 200 2462 "-" "Mozilla/5.0 (compatible; YandexBot/3.0; +http://yandex.com/bots)"
fizz.cmp.uea.ac.uk:80 137.82.152.134 - - [08/May/2016:07:53:39 +0100] "GET /dyndom/familySearch.jsp?id=A0859E8F6DC0BEA9D98A277D20ACE8B21 HTTP/1.1" 200 2463 "-" "Mozilla/5.0 (compatible; YandexBot/3.0; +http://yandex.com/bots)"
fizz.cmp.uea.ac.uk:80 49.84.185.65 - - [08/May/2016:07:53:40 +0100] "GET /dyndom/familySearch.jsp?id=3C71AAE884019F703753BD525D85CC9D1 HTTP/1.1" 200 2460 "-" "Mozilla/5.0 (compatible; YandexBot/3.0; +http://yandex.com/bots)"
lemur.cmp.uea.ac.uk:80 233.113.235.19 - - [08/May/2016:07:53:40 +0100] "GET /~pdmb/cricket/1996/score2.gif HTTP/1.1" 200 48861 "-" "Mozilla/5.0 (compatible; bingbot/2.0; +http://www.bing.com/bingbot.htm)"
fizz.cmp.uea.ac.uk:80 19.109.173.7 - - [08/May/2016:07:53:40 +0100] "GET /dyndom/familySearch.jsp?id=89EEF96BD3AF0682D2EC048CFD9599AF1 HTTP/1.1" 200 2461 "-" "Mozilla/5.0 (compatible; YandexBot/3.0; +http://yandex.com/bots)"
fizz.cmp.uea.ac.uk:80 94.132.83.75 - - [08/May/2016:07:53:40 +0100] "GET /dyndom/familySearch.jsp?id=CADC78D53CAE58C0CC96177A4DD1D4C01 HTTP/1.1" 200 2461 "-" "Mozilla/5.0 (compatible; YandexBot/3.0; +http://yandex.com/bots)"
fizz.cmp.uea.ac.uk:80 137.82.152.134 - - [08/May/2016:07:53:41 +0100] "GET /dyndom/familySearch.jsp?id=92C92DEDEA83905CD03E9BC5B8CD925C1 HTTP/1.1" 200 2461 "-" "Mozilla/5.0 (compatible; YandexBot/3.0; +http://yandex.com/bots)"
fizz.cmp.uea.ac.uk:80 49.84.185.65 - - [08/May/2016:07:53:41 +0100] "GET /dyndom/familySearch.jsp?id=44B20E3C1490226C84435BFBDE11638A1 HTTP/1.1" 200 2462 "-" "Mozilla/5.0 (compatible; YandexBot/3.0; +http://yandex.com/bots)"
fizz.cmp.uea.ac.uk:80 19.109.173.7 - - [08/May/2016:07:53:42 +0100] "GET /dyndom/familySearch.jsp?id=FA62E4E742BBB1FF522238E376D47E731 HTTP/1.1" 200 2462 "-" "Mozilla/5.0 (compatible; YandexBot/3.0; +http://yandex.com/bots)"
fizz.cmp.uea.ac.uk:80 94.132.83.75 - - [08/May/2016:07:53:42 +0100] "GET /dyndom/familySearch.jsp?id=5BF730D6D6AFBBD735B471AE644760981 HTTP/1.1" 200 2461 "-" "Mozilla/5.0 (compatible; YandexBot/3.0; +http://yandex.com/bots)"
fizz.cmp.uea.ac.uk:80 137.82.152.134 - - [08/May/2016:07:53:42 +0100] "GET /dyndom/familySearch.jsp?id=E6D9CD7733D1F586C292A0F9D066A4671 HTTP/1.1" 200 2460 "-" "Mozilla/5.0 (compatible; YandexBot/3.0; +http://yandex.com/bots)"
fizz.cmp.uea.ac.uk:80 49.84.185.65 - - [08/May/2016:07:53:43 +0100] "GET /dyndom/familySearch.jsp?id=EE98EFA364BAC4D8C052B42760073E5D1 HTTP/1.1" 200 2460 "-" "Mozilla/5.0 (compatible; YandexBot/3.0; +http://yandex.com/bots)"
fizz.cmp.uea.ac.uk:80 19.109.173.7 - - [08/May/2016:07:53:43 +0100] "GET /dyndom/familySearch.jsp?id=5BB80386377AAE401203814CB5912BDD1 HTTP/1.1" 200 2460 "-" "Mozilla/5.0 (compatible; YandexBot/3.0; +http://yandex.com/bots)"
fizz.cmp.uea.ac.uk:80 171.51.179.176 - - [08/May/2016:07:53:43 +0100] "GET /Research/cbg/postgraduatedegrees.htm HTTP/1.1" 302 525 "-" "Mozilla/5.0 (compatible; Googlebot/2.1; +http://www.google.com/bot.html)"
fizz.cmp.uea.ac.uk:80 94.132.83.75 - - [08/May/2016:07:53:43 +0100] "GET /dyndom/familySearch.jsp?id=8C995ACC8DAC0220B80A557399AB5A351 HTTP/1.1" 200 2462 "-" "Mozilla/5.0 (compatible; YandexBot/3.0; +http://yandex.com/bots)"
fizz.cmp.uea.ac.uk:80 137.82.152.134 - - [08/May/2016:07:53:44 +0100] "GET /dyndom/familySearch.jsp?id=C0D7F103AAF30D790CFCB588CFE918CD1 HTTP/1.1" 200 2462 "-" "Mozilla/5.0 (compatible; YandexBot/3.0; +http://yandex.com/bots)"
fizz.cmp.uea.ac.uk:80 49.84.185.65 - - [08/May/2016:07:53:44 +0100] "GET /dyndom/familySearch.jsp?id=4AC4CB67DB0AFFA69215B2B9FCEB624B1 HTTP/1.1" 200 2462 "-" "Mozilla/5.0 (compatible; YandexBot/3.0; +http://yandex.com/bots)"
lemur.cmp.uea.ac.uk:80 231.34.129.235 - - [08/May/2016:07:53:44 +0100] "GET /Research/cbg/postgraduatedegrees.htm HTTP/1.1" 200 2500 "-" "Mozilla/5.0 (compatible; Googlebot/2.1; +http://www.google.com/bot.html)"
fizz.cmp.uea.ac.uk:80 19.109.173.7 - - [08/May/2016:07:53:44 +0100] "GET /dyndom/familySearch.jsp?id=F654D99AD069D87EBB637AEAC61480B71 HTTP/1.1" 200 2462 "-" "Mozilla/5.0 (compatible; YandexBot/3.0; +http://yandex.com/bots)"
fizz.cmp.uea.ac.uk:80 94.132.83.75 - - [08/May/2016:07:53:45 +0100] "GET /dyndom/familySearch.jsp?id=420429622F82CAA4D59BE25C0FEBB6DA1 HTTP/1.1" 200 2461 "-" "Mozilla/5.0 (compatible; YandexBot/3.0; +http://yandex.com/bots)"
fizz.cmp.uea.ac.uk:80 94.132.83.75 - - [08/May/2016:07:53:45 +0100] "GET /dyndom/familySearch.jsp?id=F99B58D6F6493DAD995138557F62210B1 HTTP/1.1" 200 2460 "-" "Mozilla/5.0 (compatible; YandexBot/3.0; +http://yandex.com/bots)"
fizz.cmp.uea.ac.uk:80 49.84.185.65 - - [08/May/2016:07:53:45 +0100] "GET /dyndom/familySearch.jsp?id=841684099C790D71DBF88927107353581 HTTP/1.1" 200 2461 "-" "Mozilla/5.0 (compatible; YandexBot/3.0; +http://yandex.com/bots)"
fizz.cmp.uea.ac.uk:80 19.109.173.7 - - [08/May/2016:07:53:46 +0100] "GET /dyndom/dyndomSearch.jsp?type=NR&id=F13278494E252415655804C00D50A0EE1 HTTP/1.1" 200 2511 "-" "Mozilla/5.0 (compatible; YandexBot/3.0; +http://yandex.com/bots)"
fizz.cmp.uea.ac.uk:80 94.132.83.75 - - [08/May/2016:07:53:46 +0100] "GET /dyndom/familySearch.jsp?id=DCA5774CF09766E649153D9FCED3CB9C1 HTTP/1.1" 200 2461 "-" "Mozilla/5.0 (compatible; YandexBot/3.0; +http://yandex.com/bots)"
fizz.cmp.uea.ac.uk:80 137.82.152.134 - - [08/May/2016:07:53:47 +0100] "GET /dyndom/familySearch.jsp?id=7E0810199A6B3FE0F2ADC1BAFBF116881 HTTP/1.1" 200 2461 "-" "Mozilla/5.0 (compatible; YandexBot/3.0; +http://yandex.com/bots)"
fizz.cmp.uea.ac.uk:80 49.84.185.65 - - [08/May/2016:07:53:47 +0100] "GET /dyndom/familySearch.jsp?id=5329B028DDD3B6D83C172062A76B3B111 HTTP/1.1" 200 2461 "-" "Mozilla/5.0 (compatible; YandexBot/3.0; +http://yandex.com/bots)"
fizz.cmp.uea.ac.uk:80 94.132.83.75 - - [08/May/2016:07:53:47 +0100] "GET /dyndom/familySearch.jsp?id=5F6D433F59F779C72895C088C4378AD91 HTTP/1.1" 200 2461 "-" "Mozilla/5.0 (compatible; YandexBot/3.0; +http://yandex.com/bots)"
fizz.cmp.uea.ac.uk:80 94.132.83.75 - - [08/May/2016:07:53:48 +0100] "GET /dyndom/familySearch.jsp?id=B65590685B75FBB89EEC8CFC107568F21 HTTP/1.1" 200 2462 "-" "Mozilla/5.0 (compatible; YandexBot/3.0; +http://yandex.com/bots)"
fizz.cmp.uea.ac.uk:80 137.82.152.134 - - [08/May/2016:07:53:48 +0100] "GET /dyndom/familySearch.jsp?id=DC600CFFE9F27C05A7566939CF2ACEFA1 HTTP/1.1" 200 2462 "-" "Mozilla/5.0 (compatible; YandexBot/3.0; +http://yandex.com/bots)"
fizz.cmp.uea.ac.uk:80 49.84.185.65 - - [08/May/2016:07:53:48 +0100] "GET /dyndom/familySearch.jsp?id=25ED6E1CF9C3F6BF6D9BE4F051299E8D1 HTTP/1.1" 200 2461 "-" "Mozilla/5.0 (compatible; YandexBot/3.0; +http://yandex.com/bots)"
fizz.cmp.uea.ac.uk:80 19.109.173.7 - - [08/May/2016:07:53:49 +0100] "GET /dyndom/familySearch.jsp?id=0634029FD7109A0FCDB2132D343401341 HTTP/1.1" 200 2462 "-" "Mozilla/5.0 (compatible; YandexBot/3.0; +http://yandex.com/bots)"
fizz.cmp.uea.ac.uk:80 94.132.83.75 - - [08/May/2016:07:53:49 +0100] "GET /dyndom/familySearch.jsp?id=93E49775A0B9B31C4F4082191B75D40E1 HTTP/1.1" 200 2462 "-" "Mozilla/5.0 (compatible; YandexBot/3.0; +http://yandex.com/bots)"
